###############################################################################
#
# IAR ELF Linker V8.11.3.13950/W32 for ARM                23/Feb/2023  16:02:12
# Copyright 2007-2017 IAR Systems AB.
#
#    Output file  =  C:\first_project_474\Lab4\Task1c\Debug\Exe\task1c.out
#    Map file     =  C:\first_project_474\Lab4\Task1c\Debug\List\task1c.map
#    Command line =  
#        -f C:\Users\khormnic\AppData\Local\Temp\EW8345.tmp
#        (C:\first_project_474\Lab4\Task1c\Debug\Obj\cstartup_M.o
#        C:\first_project_474\Lab4\Task1c\Debug\Obj\Lab3_Inits.o
#        C:\first_project_474\Lab4\Task1c\Debug\Obj\main.o
#        C:\first_project_474\Lab4\Task1c\Debug\Obj\SSD2119_Display.o
#        C:\first_project_474\Lab4\Task1c\Debug\Obj\SSD2119_Touch.o -o
#        C:\first_project_474\Lab4\Task1c\Debug\Exe\task1c.out --redirect
#        _Printf=_PrintfFullNoMb --redirect _Scanf=_ScanfFullNoMb --map
#        C:\first_project_474\Lab4\Task1c\Debug\List\task1c.map --config
#        "C:\Program Files (x86)\IAR Systems\Embedded Workbench
#        8.0\arm\config\linker\TexasInstruments\TM4C1294NC.icf" --semihosting
#        --entry __iar_program_start --vfe --text_out locale)
#
###############################################################################

*******************************************************************************
*** RUNTIME MODEL ATTRIBUTES
***

CppFlavor       = *
__SystemLibrary = DLib
__dlib_version  = 6


*******************************************************************************
*** HEAP SELECTION
***

The basic heap was selected because some modules are built with
size limitations (and not runtime checking), and --advanced_heap
was not specified.


*******************************************************************************
*** PLACEMENT SUMMARY
***

"A0":  place at 0x00000000 { ro section .intvec };
"P1":  place in [from 0x00000000 to 0x000fffff] { ro };
define block CSTACK with size = 32K, alignment = 8 { };
define block HEAP with size = 64K, alignment = 8 { };
"P2":  place in [from 0x20000000 to 0x2003ffff] {
          rw, block CSTACK, block HEAP };
initialize by copy { rw };

  Section            Kind        Address    Size  Object
  -------            ----        -------    ----  ------
"A0":                                      0x208
  .intvec            const    0x00000000   0x208  cstartup_M.o [1]
                            - 0x00000208   0x208

"P1":                                     0x318c
  .text              ro code  0x00000208   0xe0e  xprintffull_nomb.o [3]
  .text              ro code  0x00001016     0xa  xsprout.o [3]
  .text              ro code  0x00001020    0x16  strchr.o [5]
  .text              ro code  0x00001036     0x2  cstartup_M.o [1]
  .text              ro code  0x00001038    0x44  xfail_s.o [3]
  .text              ro code  0x0000107c    0x36  strlen.o [5]
  .text              ro code  0x000010b2     0x2  cstartup_M.o [1]
  .text              ro code  0x000010b4    0x58  memchr.o [5]
  .text              ro code  0x0000110c    0xee  I64DivMod.o [5]
  .text              ro code  0x000011fa     0x2  cstartup_M.o [1]
  .text              ro code  0x000011fc   0x1a2  DblMul.o [4]
  .text              ro code  0x0000139e     0x2  cstartup_M.o [1]
  .text              ro code  0x000013a0    0x76  ABImemcpy_unaligned.o [5]
  .text              ro code  0x00001416     0x2  cstartup_M.o [1]
  .text              ro code  0x00001418    0x70  frexp.o [4]
  .text              ro code  0x00001488    0x2e  DblCmpLe.o [4]
  .text              ro code  0x000014b6     0x2  cstartup_M.o [1]
  .text              ro code  0x000014b8    0x2e  DblCmpGe.o [4]
  .text              ro code  0x000014e6     0x2  cstartup_M.o [1]
  .text              ro code  0x000014e8   0x13a  ldexp.o [4]
  .text              ro code  0x00001622     0x2  cstartup_M.o [1]
  .text              ro code  0x00001624    0x3a  DblToS32.o [4]
  .text              ro code  0x0000165e     0x2  cstartup_M.o [1]
  .text              ro code  0x00001660    0x22  S32ToDbl.o [4]
  .text              ro code  0x00001684    0xe2  DblSub.o [4]
  .text              ro code  0x00001768   0x246  DblDiv.o [4]
  .text              ro code  0x000019b0    0x28  DblToU32.o [4]
  .text              ro code  0x000019d8    0x1a  U32ToDbl.o [4]
  .text              ro code  0x000019f4     0x8  xlocale_c.o [3]
  .text              ro code  0x000019fc     0x6  abort.o [3]
  .text              ro code  0x00001a04     0x2  I64DivZer.o [5]
  .text              ro code  0x00001a08   0x168  DblAdd.o [4]
  .text              ro code  0x00001b70    0x14  exit.o [6]
  .text              ro code  0x00001b84   0xacc  SSD2119_Display.o [1]
  .text              ro code  0x00002650    0x48  FltToDbl.o [4]
  .text              ro code  0x00002698    0x40  sprintf.o [3]
  .text              ro code  0x000026d8   0x3c4  SSD2119_Touch.o [1]
  .text              ro code  0x00002a9c   0x33c  Lab3_Inits.o [1]
  .rodata            const    0x00002dd8   0x1e0  SSD2119_Display.o [1]
  .text              ro code  0x00002fb8   0x19c  main.o [1]
  .text              ro code  0x00003154    0x68  DblToFlt.o [4]
  .text              ro code  0x000031bc    0x40  zero_init3.o [5]
  Initializer bytes  const    0x000031fc    0x38  <for P2-1>
  .rodata            const    0x00003234    0x30  main.o [1]
  .text              ro code  0x00003264    0x2c  copy_init3.o [5]
  .rodata            const    0x00003290    0x28  main.o [1]
  .text              ro code  0x000032b8    0x28  data_init.o [5]
  .text              ro code  0x000032e0    0x22  fpinit_M.o [4]
  .iar.init_table    const    0x00003304    0x24  - Linker created -
  .rodata            const    0x00003328    0x20  SSD2119_Display.o [1]
  .text              ro code  0x00003348    0x1a  cmain.o [5]
  .text              ro code  0x00003362     0x4  low_level_init.o [3]
  .text              ro code  0x00003366     0x4  exit.o [3]
  .text              ro code  0x0000336c     0xa  cexit.o [5]
  .text              ro code  0x00003376    0x10  cstartup_M.o [1]
  .rodata            const    0x00003388     0x8  SSD2119_Display.o [1]
  .rodata            const    0x00003390     0x4  xlocale_c.o [3]
  .rodata            const    0x00003394     0x0  zero_init3.o [5]
  .rodata            const    0x00003394     0x0  copy_init3.o [5]
                            - 0x00003394  0x318c

"P2", part 1 of 3:                          0x38
  P2-1                        0x20000000    0x38  <Init block>
    .data            inited   0x20000000    0x38  xlocale_c.o [3]
                            - 0x20000038    0x38

"P2", part 2 of 3:                          0xd8
  .bss               zero     0x20000038    0x64  main.o [1]
  .bss               zero     0x2000009c    0x64  main.o [1]
  .bss               zero     0x20000100     0x4  main.o [1]
  .bss               zero     0x20000104     0x4  xfail_s.o [3]
  .bss               zero     0x20000108     0x2  SSD2119_Display.o [1]
  .bss               zero     0x2000010a     0x2  SSD2119_Display.o [1]
  .bss               zero     0x2000010c     0x2  SSD2119_Display.o [1]
  .bss               zero     0x2000010e     0x1  main.o [1]
                            - 0x2000010f    0xd7

"P2", part 3 of 3:                        0x8000
  CSTACK                      0x20000110  0x8000  <Block>
    CSTACK           uninit   0x20000110  0x8000  <Block tail>
                            - 0x20008110  0x8000


*******************************************************************************
*** INIT TABLE
***

          Address     Size
          -------     ----
Zero (__iar_zero_init3)
    1 destination range, total size 0xd7:
          0x20000038  0xd7

Copy (__iar_copy_init3)
    1 source range, total size 0x38:
          0x000031fc  0x38
    1 destination range, total size 0x38:
          0x20000000  0x38



*******************************************************************************
*** MODULE SUMMARY
***

    Module                 ro code  ro data  rw data
    ------                 -------  -------  -------
C:\first_project_474\Lab4\Task1c\Debug\Obj: [1]
    Lab3_Inits.o               828
    SSD2119_Display.o        2 764      520        6
    SSD2119_Touch.o            964
    cstartup_M.o                34      520
    main.o                     412       88      205
    ------------------------------------------------
    Total:                   5 002    1 128      211

command line: [2]
    ------------------------------------------------
    Total:

dl7M_tlf.a: [3]
    abort.o                      6
    exit.o                       4
    low_level_init.o             4
    sprintf.o                   64
    xfail_s.o                   68                 4
    xlocale_c.o                  8       60       56
    xprintffull_nomb.o       3 598
    xsprout.o                   10
    ------------------------------------------------
    Total:                   3 762       60       60

m7M_tls.a: [4]
    DblAdd.o                   360
    DblCmpGe.o                  46
    DblCmpLe.o                  46
    DblDiv.o                   582
    DblMul.o                   418
    DblSub.o                   226
    DblToFlt.o                 104
    DblToS32.o                  58
    DblToU32.o                  40
    FltToDbl.o                  72
    S32ToDbl.o                  34
    U32ToDbl.o                  26
    fpinit_M.o                  34
    frexp.o                    112
    ldexp.o                    314
    ------------------------------------------------
    Total:                   2 472

rt7M_tl.a: [5]
    ABImemcpy_unaligned.o      118
    I64DivMod.o                238
    I64DivZer.o                  2
    cexit.o                     10
    cmain.o                     26
    copy_init3.o                44
    data_init.o                 40
    memchr.o                    88
    strchr.o                    22
    strlen.o                    54
    zero_init3.o                64
    ------------------------------------------------
    Total:                     706

shb_l.a: [6]
    exit.o                      20
    ------------------------------------------------
    Total:                      20

    Gaps                        14        4
    Linker created                       36   32 768
----------------------------------------------------
    Grand Total:            11 976    1 228   33 039


*******************************************************************************
*** ENTRY LIST
***

Entry                      Address   Size  Type      Object
-----                      -------   ----  ----      ------
.iar.init_table$$Base   0x00003304          --   Gb  - Linker created -
.iar.init_table$$Limit  0x00003328          --   Gb  - Linker created -
?main                   0x00003349         Code  Gb  cmain.o [5]
ADC0SS3_Handler         0x000030ed   0x26  Code  Gb  main.o [1]
ADCReadPot_Init         0x00002c01   0xdc  Code  Gb  Lab3_Inits.o [1]
ADC_Init                0x00002747   0x96  Code  Lc  SSD2119_Touch.o [1]
ADC_Read                0x000027dd   0x1e  Code  Lc  SSD2119_Touch.o [1]
ADC_SetChannel          0x000027fb   0x32  Code  Lc  SSD2119_Touch.o [1]
ADC_value               0x20000100    0x4  Data  Gb  main.o [1]
ASCII                   0x00002dd8  0x1e0  Data  Lc  SSD2119_Display.o [1]
CSTACK$$Base            0x20000110          --   Gb  - Linker created -
CSTACK$$Limit           0x20008110          --   Gb  - Linker created -
Color4                  0x00003328   0x20  Data  Gb  SSD2119_Display.o [1]
LCD_ColorFill           0x000021ab   0x16  Code  Gb  SSD2119_Display.o [1]
LCD_DrawFilledRect      0x000025d9   0x60  Code  Gb  SSD2119_Display.o [1]
LCD_DrawPixel           0x000025a5   0x34  Code  Gb  SSD2119_Display.o [1]
LCD_GPIOInit            0x00001b85  0x16c  Code  Lc  SSD2119_Display.o [1]
LCD_Init                0x00001fe9  0x1a2  Code  Gb  SSD2119_Display.o [1]
LCD_PrintBinary         0x0000246d   0x8c  Code  Gb  SSD2119_Display.o [1]
LCD_PrintChar           0x000021c1   0xd0  Code  Gb  SSD2119_Display.o [1]
LCD_PrintFloat          0x000024f9   0x1e  Code  Gb  SSD2119_Display.o [1]
LCD_PrintHex            0x000023fd   0x70  Code  Gb  SSD2119_Display.o [1]
LCD_PrintInteger        0x0000239d   0x60  Code  Gb  SSD2119_Display.o [1]
LCD_PrintString         0x00002291   0x1c  Code  Gb  SSD2119_Display.o [1]
LCD_Printf              0x000022cf   0xce  Code  Gb  SSD2119_Display.o [1]
LCD_SetCursor           0x000022ad    0xe  Code  Gb  SSD2119_Display.o [1]
LCD_SetTextColor        0x000022bb   0x14  Code  Gb  SSD2119_Display.o [1]
LCD_WriteCommand        0x00001cf1  0x15a  Code  Lc  SSD2119_Display.o [1]
LCD_WriteData           0x00001e4b  0x19e  Code  Lc  SSD2119_Display.o [1]
LoadInt                 0x000003a7   0x7a  Code  Lc  xprintffull_nomb.o [3]
PLL_Init                0x00002a9d  0x164  Code  Gb  Lab3_Inits.o [1]
Region$$Table$$Base     0x00003304          --   Gb  - Linker created -
Region$$Table$$Limit    0x00003328          --   Gb  - Linker created -
TimerADCTriger_Init     0x00002cdd   0x90  Code  Gb  Lab3_Inits.o [1]
Touch_Init              0x000026d9   0x6e  Code  Gb  SSD2119_Touch.o [1]
Touch_ReadX             0x00002923   0xf6  Code  Gb  SSD2119_Touch.o [1]
Touch_ReadY             0x0000282d   0xf6  Code  Gb  SSD2119_Touch.o [1]
_GenldFullNoMb          0x00000d0b  0x27e  Code  Lc  xprintffull_nomb.o [3]
_LdtobFullNoMb          0x000008ef  0x3f0  Code  Lc  xprintffull_nomb.o [3]
_LitobFullNoMb          0x00000793  0x116  Code  Lc  xprintffull_nomb.o [3]
_Locale_lconv           0x20000000   0x38  Data  Lc  xlocale_c.o [3]
_PrintfFullNoMb         0x00000209  0x190  Code  Gb  xprintffull_nomb.o [3]
_PutcharsFullNoMb       0x00000f89   0x2e  Code  Lc  xprintffull_nomb.o [3]
_PutfldFullNoMb         0x00000421  0x264  Code  Lc  xprintffull_nomb.o [3]
_PuttxtFullNoMb         0x00000685  0x10e  Code  Lc  xprintffull_nomb.o [3]
_SProut                 0x00001017    0xa  Code  Gb  xsprout.o [3]
__aeabi_cdcmple         0x00001489         Code  Gb  DblCmpLe.o [4]
__aeabi_cdrcmple        0x000014b9         Code  Gb  DblCmpGe.o [4]
__aeabi_d2f             0x00003155         Code  Gb  DblToFlt.o [4]
__aeabi_d2iz            0x00001625         Code  Gb  DblToS32.o [4]
__aeabi_d2uiz           0x000019b1         Code  Gb  DblToU32.o [4]
__aeabi_ddiv            0x00001769         Code  Gb  DblDiv.o [4]
__aeabi_dmul            0x000011fd         Code  Gb  DblMul.o [4]
__aeabi_dsub            0x00001685         Code  Gb  DblSub.o [4]
__aeabi_f2d             0x00002651         Code  Gb  FltToDbl.o [4]
__aeabi_i2d             0x00001661         Code  Gb  S32ToDbl.o [4]
__aeabi_ldiv0           0x00001a05         Code  Gb  I64DivZer.o [5]
__aeabi_ui2d            0x000019d9         Code  Gb  U32ToDbl.o [4]
__aeabi_uldivmod        0x0000110d         Code  Gb  I64DivMod.o [5]
__cmain                 0x00003349         Code  Gb  cmain.o [5]
__exit                  0x00001b71   0x14  Code  Gb  exit.o [6]
__iar_Fail_s            0x00001039   0x1e  Code  Gb  xfail_s.o [3]
__iar_Memchr            0x000010b5         Code  Gb  memchr.o [5]
__iar_Strchr            0x00001021         Code  Gb  strchr.o [5]
__iar_copy_init3        0x00003265   0x2c  Code  Gb  copy_init3.o [5]
__iar_dadd              0x00001695         Code  Gb  DblSub.o [4]
__iar_data_init3        0x000032b9   0x28  Code  Gb  data_init.o [5]
__iar_dsub              0x00001a09         Code  Gb  DblAdd.o [4]
__iar_dsubStart         0x00001a1b         Code  Gb  DblAdd.o [4]
__iar_frexp             0x00001425         Code  Gb  frexp.o [4]
__iar_frexpl            0x00001425         Code  Gb  frexp.o [4]
__iar_init_vfp          0x000032e1         Code  Gb  fpinit_M.o [4]
__iar_ldexp64           0x000014e9         Code  Gb  ldexp.o [4]
__iar_program_start     0x00003377   0x10  Code  Gb  cstartup_M.o [1]
__iar_scalbln64         0x000014e9         Code  Gb  ldexp.o [4]
__iar_scalbn64          0x000014e9         Code  Gb  ldexp.o [4]
__iar_softfp___iar_frexp64
                        0x00001419         Code  Gb  frexp.o [4]
__iar_softfp_frexp      0x00001419         Code  Gb  frexp.o [4]
__iar_softfp_frexpl     0x00001419         Code  Gb  frexp.o [4]
__iar_systems$$module {Abs}
                        0x00000001         Data  Gb  command line/config [2]
__iar_unaligned_memcpy  0x000013a1         Code  Gb  ABImemcpy_unaligned.o [5]
__iar_unaligned_memcpy4
                        0x000013c1         Code  Gb  ABImemcpy_unaligned.o [5]
__iar_unaligned_memcpy8
                        0x000013c1         Code  Gb  ABImemcpy_unaligned.o [5]
__iar_zero_init3        0x000031bd   0x40  Code  Gb  zero_init3.o [5]
__low_level_init        0x00003363    0x4  Code  Gb  low_level_init.o [3]
__vector_table          0x00000000  0x208  Data  Gb  cstartup_M.o [1]
_call_main              0x00003355         Code  Gb  cmain.o [5]
_exit                   0x0000336d         Code  Gb  cexit.o [5]
_main                   0x0000335f         Code  Gb  cmain.o [5]
abort                   0x000019fd    0x6  Code  Gb  abort.o [3]
convertColor            0x0000218b   0x20  Code  Gb  SSD2119_Display.o [1]
cursorX                 0x20000108    0x2  Data  Gb  SSD2119_Display.o [1]
cursorY                 0x2000010a    0x2  Data  Gb  SSD2119_Display.o [1]
exit                    0x00003367    0x4  Code  Gb  exit.o [3]
freq                    0x2000010e    0x1  Data  Gb  main.o [1]
freq_board              0x20000038   0x64  Data  Gb  main.o [1]
ldexp                   0x000014e9         Code  Gb  ldexp.o [4]
ldexpl                  0x000014e9         Code  Gb  ldexp.o [4]
localeconv              0x000019f5    0x4  Code  Gb  xlocale_c.o [3]
main                    0x00002fb9  0x134  Code  Gb  main.o [1]
memchr                  0x000010b5         Code  Gb  memchr.o [5]
scalbln                 0x000014e9         Code  Gb  ldexp.o [4]
scalblnl                0x000014e9         Code  Gb  ldexp.o [4]
scalbn                  0x000014e9         Code  Gb  ldexp.o [4]
scalbnl                 0x000014e9         Code  Gb  ldexp.o [4]
scale                   0x000008a9   0x46  Code  Lc  xprintffull_nomb.o [3]
sec_hand                0x20000104    0x4  Data  Lc  xfail_s.o [3]
sprintf                 0x00002699   0x40  Code  Gb  sprintf.o [3]
strchr                  0x00001021         Code  Gb  strchr.o [5]
strlen                  0x0000107d         Code  Gb  strlen.o [5]
temp_board              0x2000009c   0x64  Data  Gb  main.o [1]
textColor               0x2000010c    0x2  Data  Gb  SSD2119_Display.o [1]


[1] = C:\first_project_474\Lab4\Task1c\Debug\Obj
[2] = command line
[3] = dl7M_tlf.a
[4] = m7M_tls.a
[5] = rt7M_tl.a
[6] = shb_l.a

  11 976 bytes of readonly  code memory
   1 228 bytes of readonly  data memory
  33 039 bytes of readwrite data memory

Errors: none
Warnings: none
