###############################################################################
#
# IAR ELF Linker V8.11.3.13950/W32 for ARM                07/Feb/2023  17:27:28
# Copyright 2007-2017 IAR Systems AB.
#
#    Output file  =  C:\first_project_474\Lab3\Task1a\Debug\Exe\task1a.out
#    Map file     =  C:\first_project_474\Lab3\Task1a\Debug\List\task1a.map
#    Command line =  
#        -f C:\Users\khormnic\AppData\Local\Temp\EWC4E8.tmp
#        (C:\first_project_474\Lab3\Task1a\Debug\Obj\cstartup_M.o
#        C:\first_project_474\Lab3\Task1a\Debug\Obj\Lab3_Inits.o
#        C:\first_project_474\Lab3\Task1a\Debug\Obj\Lab3_Task1a.o -o
#        C:\first_project_474\Lab3\Task1a\Debug\Exe\task1a.out --map
#        C:\first_project_474\Lab3\Task1a\Debug\List\task1a.map --config
#        "C:\Program Files (x86)\IAR Systems\Embedded Workbench
#        8.0\arm\config\linker\TexasInstruments\TM4C1294NC.icf" --semihosting
#        --entry __iar_program_start --vfe --text_out locale)
#
###############################################################################

*******************************************************************************
*** RUNTIME MODEL ATTRIBUTES
***

CppFlavor       = *
__SystemLibrary = DLib
__dlib_version  = 6


*******************************************************************************
*** HEAP SELECTION
***

The basic heap was selected because some modules are built with
size limitations (and not runtime checking), and --advanced_heap
was not specified.


*******************************************************************************
*** PLACEMENT SUMMARY
***

"A0":  place at 0x00000000 { ro section .intvec };
"P1":  place in [from 0x00000000 to 0x000fffff] { ro };
define block CSTACK with size = 32K, alignment = 8 { };
define block HEAP with size = 64K, alignment = 8 { };
"P2":  place in [from 0x20000000 to 0x2003ffff] {
          rw, block CSTACK, block HEAP };

  Section          Kind        Address    Size  Object
  -------          ----        -------    ----  ------
"A0":                                    0x208
  .intvec          const    0x00000000   0x208  cstartup_M.o [1]
                          - 0x00000208   0x208

"P1":                                    0x906
  .text            ro code  0x00000208   0x2dc  Lab3_Inits.o [1]
  .text            ro code  0x000004e4   0x246  DblDiv.o [4]
  .text            ro code  0x0000072a     0x2  cstartup_M.o [1]
  .text            ro code  0x0000072c   0x1a2  DblMul.o [4]
  .text            ro code  0x000008ce     0x2  cstartup_M.o [1]
  .text            ro code  0x000008d0    0xc0  Lab3_Task1a.o [1]
  .text            ro code  0x00000990    0x1a  U32ToDbl.o [4]
  .text            ro code  0x000009aa     0x2  cstartup_M.o [1]
  .text            ro code  0x000009ac    0x68  DblToFlt.o [4]
  .text            ro code  0x00000a14    0x40  zero_init3.o [5]
  .text            ro code  0x00000a54    0x28  data_init.o [5]
  .text            ro code  0x00000a7c    0x22  fpinit_M.o [4]
  .iar.init_table  const    0x00000aa0    0x10  - Linker created -
  .text            ro code  0x00000ab0     0x2  cstartup_M.o [1]
  .text            ro code  0x00000ab4    0x1a  cmain.o [5]
  .text            ro code  0x00000ace     0x4  low_level_init.o [3]
  .text            ro code  0x00000ad2     0x4  exit.o [3]
  .text            ro code  0x00000ad6     0x2  cstartup_M.o [1]
  .text            ro code  0x00000ad8     0xa  cexit.o [5]
  .text            ro code  0x00000ae2     0x2  cstartup_M.o [1]
  .text            ro code  0x00000ae4    0x14  exit.o [6]
  .text            ro code  0x00000af8    0x10  cstartup_M.o [1]
  .text            ro code  0x00000b08     0x2  cstartup_M.o [1]
  .text            ro code  0x00000b0a     0x2  cstartup_M.o [1]
  .text            ro code  0x00000b0c     0x2  cstartup_M.o [1]
  .rodata          const    0x00000b0e     0x0  zero_init3.o [5]
                          - 0x00000b0e   0x906

"P2", part 1 of 2:                         0x4
  .bss             zero     0x20000000     0x4  Lab3_Task1a.o [1]
                          - 0x20000004     0x4

"P2", part 2 of 2:                      0x8000
  CSTACK                    0x20000008  0x8000  <Block>
    CSTACK         uninit   0x20000008  0x8000  <Block tail>
                          - 0x20008008  0x8000


*******************************************************************************
*** INIT TABLE
***

          Address     Size
          -------     ----
Zero (__iar_zero_init3)
    1 destination range, total size 0x4:
          0x20000000   0x4



*******************************************************************************
*** MODULE SUMMARY
***

    Module            ro code  ro data  rw data
    ------            -------  -------  -------
C:\first_project_474\Lab3\Task1a\Debug\Obj: [1]
    Lab3_Inits.o          732
    Lab3_Task1a.o         192                 4
    cstartup_M.o           34      520
    -------------------------------------------
    Total:                958      520        4

command line: [2]
    -------------------------------------------
    Total:

dl7M_tln.a: [3]
    exit.o                  4
    low_level_init.o        4
    -------------------------------------------
    Total:                  8

m7M_tls.a: [4]
    DblDiv.o              582
    DblMul.o              418
    DblToFlt.o            104
    U32ToDbl.o             26
    fpinit_M.o             34
    -------------------------------------------
    Total:              1 164

rt7M_tl.a: [5]
    cexit.o                10
    cmain.o                26
    data_init.o            40
    zero_init3.o           64
    -------------------------------------------
    Total:                140

shb_l.a: [6]
    exit.o                 20
    -------------------------------------------
    Total:                 20

    Gaps                    2        2
    Linker created                  16   32 768
-----------------------------------------------
    Grand Total:        2 292      538   32 772


*******************************************************************************
*** ENTRY LIST
***

Entry                      Address   Size  Type      Object
-----                      -------   ----  ----      ------
.iar.init_table$$Base   0x00000aa0          --   Gb  - Linker created -
.iar.init_table$$Limit  0x00000ab0          --   Gb  - Linker created -
?main                   0x00000ab5         Code  Gb  cmain.o [5]
ADC0SS3_Handler         0x0000095d   0x16  Code  Gb  Lab3_Task1a.o [1]
ADCReadPot_Init         0x00000383   0xe4  Code  Gb  Lab3_Inits.o [1]
ADC_value               0x20000000    0x4  Data  Gb  Lab3_Task1a.o [1]
CSTACK$$Base            0x20000008          --   Gb  - Linker created -
CSTACK$$Limit           0x20008008          --   Gb  - Linker created -
LED_Init                0x00000359   0x2a  Code  Gb  Lab3_Inits.o [1]
PLL_Init                0x00000209  0x150  Code  Gb  Lab3_Inits.o [1]
Region$$Table$$Base     0x00000aa0          --   Gb  - Linker created -
Region$$Table$$Limit    0x00000ab0          --   Gb  - Linker created -
TimerADCTriger_Init     0x00000467    0xe  Code  Gb  Lab3_Inits.o [1]
__aeabi_d2f             0x000009ad         Code  Gb  DblToFlt.o [4]
__aeabi_ddiv            0x000004e5         Code  Gb  DblDiv.o [4]
__aeabi_dmul            0x0000072d         Code  Gb  DblMul.o [4]
__aeabi_ui2d            0x00000991         Code  Gb  U32ToDbl.o [4]
__cmain                 0x00000ab5         Code  Gb  cmain.o [5]
__exit                  0x00000ae5   0x14  Code  Gb  exit.o [6]
__iar_data_init3        0x00000a55   0x28  Code  Gb  data_init.o [5]
__iar_init_vfp          0x00000a7d         Code  Gb  fpinit_M.o [4]
__iar_program_start     0x00000af9   0x10  Code  Gb  cstartup_M.o [1]
__iar_systems$$module {Abs}
                        0x00000001         Data  Gb  command line/config [2]
__iar_zero_init3        0x00000a15   0x40  Code  Gb  zero_init3.o [5]
__low_level_init        0x00000acf    0x4  Code  Gb  low_level_init.o [3]
__vector_table          0x00000000  0x208  Data  Gb  cstartup_M.o [1]
_call_main              0x00000ac1         Code  Gb  cmain.o [5]
_exit                   0x00000ad9         Code  Gb  cexit.o [5]
_main                   0x00000acb         Code  Gb  cmain.o [5]
exit                    0x00000ad3    0x4  Code  Gb  exit.o [3]
main                    0x000008d1   0x8c  Code  Gb  Lab3_Task1a.o [1]


[1] = C:\first_project_474\Lab3\Task1a\Debug\Obj
[2] = command line
[3] = dl7M_tln.a
[4] = m7M_tls.a
[5] = rt7M_tl.a
[6] = shb_l.a

   2 292 bytes of readonly  code memory
     538 bytes of readonly  data memory
  32 772 bytes of readwrite data memory

Errors: none
Warnings: none
