###############################################################################
#
# IAR ELF Linker V8.11.3.13950/W32 for ARM                16/Feb/2023  21:52:33
# Copyright 2007-2017 IAR Systems AB.
#
#    Output file  =  
#        C:\Users\fishtail\Desktop\ee474\Lab3\Task1a\Debug\Exe\task1a.out
#    Map file     =  
#        C:\Users\fishtail\Desktop\ee474\Lab3\Task1a\Debug\List\task1a.map
#    Command line =  
#        -f C:\Users\fishtail\AppData\Local\Temp\EW8304.tmp
#        (C:\Users\fishtail\Desktop\ee474\Lab3\Task1a\Debug\Obj\cstartup_M.o
#        C:\Users\fishtail\Desktop\ee474\Lab3\Task1a\Debug\Obj\Lab3_Inits.o
#        C:\Users\fishtail\Desktop\ee474\Lab3\Task1a\Debug\Obj\Lab3_Task1a.o -o
#        C:\Users\fishtail\Desktop\ee474\Lab3\Task1a\Debug\Exe\task1a.out --map
#        C:\Users\fishtail\Desktop\ee474\Lab3\Task1a\Debug\List\task1a.map
#        --config "C:\Program Files (x86)\IAR Systems\Embedded Workbench
#        8.0\arm\config\linker\TexasInstruments\TM4C1294NC.icf" --semihosting
#        --entry __iar_program_start --vfe --text_out locale)
#
###############################################################################

*******************************************************************************
*** RUNTIME MODEL ATTRIBUTES
***

CppFlavor       = *
__Heap_Handler  = Basic
__SystemLibrary = DLib
__dlib_version  = 6


*******************************************************************************
*** HEAP SELECTION
***

The basic heap was selected because some modules are built with
size limitations (and not runtime checking), and --advanced_heap
was not specified.


*******************************************************************************
*** PLACEMENT SUMMARY
***

"A0":  place at 0x00000000 { ro section .intvec };
"P1":  place in [from 0x00000000 to 0x000fffff] { ro };
define block CSTACK with size = 32K, alignment = 8 { };
define block HEAP with size = 64K, alignment = 8 { };
"P2":  place in [from 0x20000000 to 0x2003ffff] {
          rw, block CSTACK, block HEAP };
initialize by copy { rw };

  Section            Kind        Address     Size  Object
  -------            ----        -------     ----  ------
"A0":                                       0x208
  .intvec            const    0x00000000    0x208  cstartup_M.o [1]
                            - 0x00000208    0x208

"P1":                                      0x1459
  .text              ro code  0x00000208    0x3a8  Lab3_Inits.o [1]
  .text              ro code  0x000005b0    0x246  DblDiv.o [4]
  .text              ro code  0x000007f6      0x2  cstartup_M.o [1]
  .text              ro code  0x000007f8    0x1a2  DblMul.o [4]
  .text              ro code  0x0000099a      0x2  cstartup_M.o [1]
  .text              ro code  0x0000099c    0x144  heap0.o [3]
  .text              ro code  0x00000ae0     0x2c  xgetmemchunk.o [3]
  .text              ro code  0x00000b0c    0x13e  xprintftiny.o [3]
  .text              ro code  0x00000c4a      0x2  cstartup_M.o [1]
  .text              ro code  0x00000c4c     0x36  strlen.o [5]
  .text              ro code  0x00000c82      0x2  cstartup_M.o [1]
  .text              ro code  0x00000c84     0xd8  Lab3_Task1a.o [1]
  .text              ro code  0x00000d5c     0x1a  U32ToDbl.o [4]
  .text              ro code  0x00000d76      0x2  cstartup_M.o [1]
  .text              ro code  0x00000d78     0x68  DblToFlt.o [4]
  .text              ro code  0x00000de0     0x48  FltToDbl.o [4]
  .text              ro code  0x00000e28     0x28  printf.o [3]
  .text              ro code  0x00000e50     0xd8  xfspos.o [3]
  .text              ro code  0x00000f28     0xac  fflush.o [3]
  .text              ro code  0x00000fd4      0xc  xfgpos.o [3]
  .text              ro code  0x00000fe0     0x4c  lseek.o [6]
  .text              ro code  0x0000102c     0x10  write.o [6]
  .text              ro code  0x0000103c     0xcc  XShHandles.o [3]
  .text              ro code  0x00001108     0x1e  dwrite.o [6]
  .text              ro code  0x00001126     0x20  iarwstd.o [6]
  .text              ro code  0x00001146     0x22  iarwrite.o [6]
  .text              ro code  0x00001168     0x68  iarttio.o [6]
  .text              ro code  0x000011d0      0x8  XShttio.o [3]
  .text              ro code  0x000011d8     0xb4  xfwprep.o [3]
  .text              ro code  0x0000128c     0x24  fseek.o [3]
  .text              ro code  0x000012b0     0x7e  fclose.o [3]
  .text              ro code  0x0000132e      0x2  cstartup_M.o [1]
  .text              ro code  0x00001330     0x7c  xfofind.o [3]
  .text              ro code  0x000013ac      0x4  heaptramp0.o [3]
  .text              ro code  0x000013b0     0x1a  close.o [6]
  .text              ro code  0x000013ca     0x16  remove.o [6]
  .text              ro code  0x000013e0     0x56  fputc.o [3]
  .text              ro code  0x00001436     0x40  zero_init3.o [5]
  .text              ro code  0x00001476      0x2  cstartup_M.o [1]
  .text              ro code  0x00001478     0x3c  xcloseall.o [3]
  .text              ro code  0x000014b4     0x38  packbits_init_single.o [5]
  .text              ro code  0x000014ec     0x28  data_init.o [5]
  .text              ro code  0x00001514     0x22  fpinit_M.o [4]
  .iar.init_table    const    0x00001538     0x20  - Linker created -
  .text              ro code  0x00001558      0x2  cstartup_M.o [1]
  .text              ro code  0x0000155c     0x1a  cmain.o [5]
  .text              ro code  0x00001576      0x4  low_level_init.o [3]
  .text              ro code  0x0000157a      0x4  exit.o [3]
  .text              ro code  0x0000157e      0x2  cstartup_M.o [1]
  .text              ro code  0x00001580      0xe  cexit.o [5]
  .text              ro code  0x00001590     0x14  exit.o [6]
  .text              ro code  0x000015a4     0x16  xprout.o [3]
  .text              ro code  0x000015bc      0xc  putchar.o [3]
  .text              ro code  0x000015c8     0x10  cstartup_M.o [1]
  .text              ro code  0x000015d8      0x0  cstart_closeall.o [5]
  .rodata            const    0x000015d8      0x0  zero_init3.o [5]
  .rodata            const    0x000015d8      0x0  packbits_init_single.o [5]
  Initializer bytes  const    0x000015d8     0x89  <for P2-1>
                            - 0x00001661   0x1459

"P2", part 1 of 3:                          0x100
  P2-1                        0x20000000    0x100  <Init block>
    .data            inited   0x20000000     0x48  xfiles.o [3]
    .data            inited   0x20000048     0x48  xfiles.o [3]
    .data            inited   0x20000090     0x48  xfiles.o [3]
    .data            inited   0x200000d8     0x20  xfiles.o [3]
    .data            inited   0x200000f8      0x8  XShttio.o [3]
                            - 0x20000100    0x100

"P2", part 2 of 3:                          0x130
  .bss               zero     0x20000100     0x80  XShHandles.o [3]
  .bss               zero     0x20000180     0x50  xfiles.o [3]
  .bss               zero     0x200001d0     0x50  xfiles.o [3]
  .bss               zero     0x20000220      0x8  heap0.o [3]
  .bss               zero     0x20000228      0x4  Lab3_Task1a.o [1]
  .bss               zero     0x2000022c      0x4  xgetmemchunk.o [3]
                            - 0x20000230    0x130

"P2", part 3 of 3:                        0x18000
  CSTACK                      0x20000230   0x8000  <Block>
    CSTACK           uninit   0x20000230   0x8000  <Block tail>
  HEAP                        0x20008230  0x10000  <Block>
    HEAP             uninit   0x20008230  0x10000  <Block tail>
                            - 0x20018230  0x18000


*******************************************************************************
*** INIT TABLE
***

          Address     Size
          -------     ----
Zero (__iar_zero_init3)
    1 destination range, total size 0x130:
          0x20000100  0x130

Copy/packbits (__iar_packbits_init_single3)
    1 source range, total size 0x89 (53% of destination):
          0x000015d8   0x89
    1 destination range, total size 0x100:
          0x20000000  0x100



*******************************************************************************
*** MODULE SUMMARY
***

    Module                  ro code  ro data  rw data
    ------                  -------  -------  -------
C:\Users\fishtail\Desktop\ee474\Lab3\Task1a\Debug\Obj: [1]
    Lab3_Inits.o                936
    Lab3_Task1a.o               216                 4
    cstartup_M.o                 34      520
    -------------------------------------------------
    Total:                    1 186      520        4

command line: [2]
    -------------------------------------------------
    Total:

dl7M_tlf.a: [3]
    XShHandles.o                204               128
    XShttio.o                     8        5        8
    exit.o                        4
    fclose.o                    126
    fflush.o                    172
    fputc.o                      86
    fseek.o                      36
    heap0.o                     324                 8
    heaptramp0.o                  4
    low_level_init.o              4
    printf.o                     40
    putchar.o                    12
    xcloseall.o                  60
    xfgpos.o                     12
    xfiles.o                             132      408
    xfofind.o                   124
    xfspos.o                    216
    xfwprep.o                   180
    xgetmemchunk.o               44                 4
    xprintftiny.o               318
    xprout.o                     22
    -------------------------------------------------
    Total:                    1 996      137      556

m7M_tls.a: [4]
    DblDiv.o                    582
    DblMul.o                    418
    DblToFlt.o                  104
    FltToDbl.o                   72
    U32ToDbl.o                   26
    fpinit_M.o                   34
    -------------------------------------------------
    Total:                    1 236

rt7M_tl.a: [5]
    cexit.o                      14
    cmain.o                      26
    cstart_closeall.o
    data_init.o                  40
    packbits_init_single.o       56
    strlen.o                     54
    zero_init3.o                 64
    -------------------------------------------------
    Total:                      254

shb_l.a: [6]
    close.o                      26
    dwrite.o                     30
    exit.o                       20
    iarttio.o                   104
    iarwrite.o                   34
    iarwstd.o                    32
    lseek.o                      76
    remove.o                     22
    write.o                      16
    -------------------------------------------------
    Total:                      360

    Gaps                          6        2
    Linker created                        32   98 304
-----------------------------------------------------
    Grand Total:              5 038      691   98 864


*******************************************************************************
*** ENTRY LIST
***

Entry                      Address   Size  Type      Object
-----                      -------   ----  ----      ------
.iar.init_table$$Base   0x00001538          --   Gb  - Linker created -
.iar.init_table$$Limit  0x00001558          --   Gb  - Linker created -
?main                   0x0000155d         Code  Gb  cmain.o [5]
ADC0SS3_Handler         0x00000d27   0x16  Code  Gb  Lab3_Task1a.o [1]
ADCReadPot_Init         0x000003a7   0xf4  Code  Gb  Lab3_Inits.o [1]
ADC_value               0x20000228    0x4  Data  Gb  Lab3_Task1a.o [1]
Aldata                  0x20000220    0x8  Data  Lc  heap0.o [3]
CSTACK$$Base            0x20000230          --   Gb  - Linker created -
CSTACK$$Limit           0x20008230          --   Gb  - Linker created -
HEAP$$Base              0x20008230          --   Gb  - Linker created -
HEAP$$Limit             0x20018230          --   Gb  - Linker created -
LED_Init                0x00000363   0x44  Code  Gb  Lab3_Inits.o [1]
PLL_Init                0x00000209  0x15a  Code  Gb  Lab3_Inits.o [1]
Region$$Table$$Base     0x00001538          --   Gb  - Linker created -
Region$$Table$$Limit    0x00001558          --   Gb  - Linker created -
TimerADCTriger_Init     0x0000049b   0x90  Code  Gb  Lab3_Inits.o [1]
_Close_all              0x00001479   0x3c  Code  Gb  xcloseall.o [3]
_Files                  0x200000d8   0x20  Data  Gb  xfiles.o [3]
_Fofree                 0x00001331   0x78  Code  Gb  xfofind.o [3]
_Fspos                  0x00000e51   0xd8  Code  Gb  xfspos.o [3]
_Fwprep                 0x000011d9   0xb4  Code  Gb  xfwprep.o [3]
_Nnl                    0x00000fd5    0xc  Code  Gb  xfgpos.o [3]
_PrintfTiny             0x00000b25  0x126  Code  Gb  xprintftiny.o [3]
_Prout                  0x000015a5   0x16  Code  Gb  xprout.o [3]
__aeabi_d2f             0x00000d79         Code  Gb  DblToFlt.o [4]
__aeabi_ddiv            0x000005b1         Code  Gb  DblDiv.o [4]
__aeabi_dmul            0x000007f9         Code  Gb  DblMul.o [4]
__aeabi_f2d             0x00000de1         Code  Gb  FltToDbl.o [4]
__aeabi_ui2d            0x00000d5d         Code  Gb  U32ToDbl.o [4]
__basic_free            0x00000a4b   0x16  Code  Gb  heap0.o [3]
__basic_free_intern     0x00000a61   0x7a  Code  Lc  heap0.o [3]
__basic_malloc          0x0000099d   0x18  Code  Gb  heap0.o [3]
__basic_malloc_intern   0x000009b5   0x96  Code  Lc  heap0.o [3]
__cexit_closeall        0x00001583         Code  Gb  cexit.o [5]
__close                 0x000013b1   0x1a  Code  Gb  close.o [6]
__cmain                 0x0000155d         Code  Gb  cmain.o [5]
__cstart_closeall       0x000015d8         Data  Gb  cstart_closeall.o [5]
__data_GetMemChunk      0x00000ae1   0x2c  Code  Gb  xgetmemchunk.o [3]
__data_GetMemChunk::start
                        0x2000022c    0x4  Data  Lc  xgetmemchunk.o [3]
__dwrite                0x00001109   0x1e  Code  Gb  dwrite.o [6]
__exit                  0x00001591   0x14  Code  Gb  exit.o [6]
__iar_Stderr            0x20000090   0x48  Data  Gb  xfiles.o [3]
__iar_Stdin             0x20000000   0x48  Data  Gb  xfiles.o [3]
__iar_Stdout            0x20000048   0x48  Data  Gb  xfiles.o [3]
__iar_close_ttio        0x00001169   0x2c  Code  Gb  iarttio.o [6]
__iar_data_init3        0x000014ed   0x28  Code  Gb  data_init.o [5]
__iar_get_ttio          0x00001195   0x38  Code  Gb  iarttio.o [6]
__iar_init_vfp          0x00001515         Code  Gb  fpinit_M.o [4]
__iar_lookup_ttioh      0x000011d1    0x8  Code  Gb  XShttio.o [3]
__iar_packbits_init_single3
                        0x000014b5   0x38  Code  Gb  packbits_init_single.o [5]
__iar_program_start     0x000015c9   0x10  Code  Gb  cstartup_M.o [1]
__iar_sh_Discard        0x0000103d   0x42  Code  Gb  XShHandles.o [3]
__iar_sh_Move           0x0000107f   0x46  Code  Gb  XShHandles.o [3]
__iar_sh_Pos            0x000010c5   0x3e  Code  Gb  XShHandles.o [3]
__iar_sh_stdout         0x00001127   0x20  Code  Gb  iarwstd.o [6]
__iar_sh_write          0x00001147   0x22  Code  Gb  iarwrite.o [6]
__iar_systems$$module {Abs}
                        0x00000001         Data  Gb  command line/config [2]
__iar_ttio_handles      0x200000f8    0x8  Data  Lc  XShttio.o [3]
__iar_zero_init3        0x00001437   0x40  Code  Gb  zero_init3.o [5]
__low_level_init        0x00001577    0x4  Code  Gb  low_level_init.o [3]
__lseek                 0x00000fe1   0x4c  Code  Gb  lseek.o [6]
__vector_table          0x00000000  0x208  Data  Gb  cstartup_M.o [1]
__write                 0x0000102d   0x10  Code  Gb  write.o [6]
_call_main              0x00001569         Code  Gb  cmain.o [5]
_exit                   0x00001581         Code  Gb  cexit.o [5]
_main                   0x00001573         Code  Gb  cmain.o [5]
ebuf                    0x20000180   0x50  Data  Lc  xfiles.o [3]
exit                    0x0000157b    0x4  Code  Gb  exit.o [3]
fclose                  0x000012b1   0x7e  Code  Gb  fclose.o [3]
fflush                  0x00000f9d   0x34  Code  Gb  fflush.o [3]
fflushOne               0x00000f29   0x74  Code  Lc  fflush.o [3]
fputc                   0x000013e1   0x56  Code  Gb  fputc.o [3]
free                    0x000013ad    0x4  Code  Gb  heaptramp0.o [3]
fseek                   0x0000128d   0x24  Code  Gb  fseek.o [3]
main                    0x00000c85   0xa2  Code  Gb  Lab3_Task1a.o [1]
obuf                    0x200001d0   0x50  Data  Lc  xfiles.o [3]
out                     0x00000b0d   0x18  Code  Lc  xprintftiny.o [3]
printf                  0x00000e29   0x28  Code  Gb  printf.o [3]
putchar                 0x000015bd    0xc  Code  Gb  putchar.o [3]
remove                  0x000013cb   0x16  Code  Gb  remove.o [6]
sFileInfo               0x20000100   0x80  Data  Lc  XShHandles.o [3]
strlen                  0x00000c4d         Code  Gb  strlen.o [5]


[1] = C:\Users\fishtail\Desktop\ee474\Lab3\Task1a\Debug\Obj
[2] = command line
[3] = dl7M_tlf.a
[4] = m7M_tls.a
[5] = rt7M_tl.a
[6] = shb_l.a

   5 038 bytes of readonly  code memory
     691 bytes of readonly  data memory
  98 864 bytes of readwrite data memory

Errors: none
Warnings: none
