###############################################################################
#
# IAR ELF Linker V8.11.3.13950/W32 for ARM                19/Jan/2023  15:20:12
# Copyright 2007-2017 IAR Systems AB.
#
#    Output file  =  C:\first_project_474\Lab1\task 2\Debug\Exe\task2.out
#    Map file     =  C:\first_project_474\Lab1\task 2\Debug\List\task2.map
#    Command line =  
#        -f C:\Users\khormnic\AppData\Local\Temp\EW6370.tmp
#        ("C:\first_project_474\Lab1\task 2\Debug\Obj\main.o" -o
#        "C:\first_project_474\Lab1\task 2\Debug\Exe\task2.out" --redirect
#        _Printf=_PrintfFullNoMb --redirect _Scanf=_ScanfFullNoMb --map
#        "C:\first_project_474\Lab1\task 2\Debug\List\task2.map" --config
#        "C:\Program Files (x86)\IAR Systems\Embedded Workbench
#        8.0\arm\config\linker\TexasInstruments\TM4C1294NC.icf" --semihosting
#        --entry __iar_program_start --vfe --text_out locale)
#
###############################################################################

*******************************************************************************
*** RUNTIME MODEL ATTRIBUTES
***

CppFlavor       = *
__SystemLibrary = DLib
__dlib_version  = 6


*******************************************************************************
*** HEAP SELECTION
***

The basic heap was selected because some modules are built with
size limitations (and not runtime checking), and --advanced_heap
was not specified.


*******************************************************************************
*** PLACEMENT SUMMARY
***

"A0":  place at 0x00000000 { ro section .intvec };
"P1":  place in [from 0x00000000 to 0x000fffff] { ro };
define block CSTACK with size = 32K, alignment = 8 { };
define block HEAP with size = 64K, alignment = 8 { };
"P2":  place in [from 0x20000000 to 0x2003ffff] {
          rw, block CSTACK, block HEAP };

  Section          Kind        Address    Size  Object
  -------          ----        -------    ----  ------
"A0":                                     0x40
  .intvec          ro code  0x00000000    0x40  vector_table_M.o [5]
                          - 0x00000040    0x40

"P1":                                    0x2b0
  .text            ro code  0x00000040   0x1c0  main.o [1]
  .text            ro code  0x00000200    0x40  zero_init3.o [5]
  .text            ro code  0x00000240    0x28  data_init.o [5]
  .text            ro code  0x00000268    0x22  fpinit_M.o [4]
  .iar.init_table  const    0x0000028c    0x10  - Linker created -
  .text            ro code  0x0000029c     0x2  vector_table_M.o [5]
  .text            ro code  0x000002a0    0x1a  cmain.o [5]
  .text            ro code  0x000002ba     0x4  low_level_init.o [3]
  .text            ro code  0x000002be     0x4  exit.o [3]
  .text            ro code  0x000002c4     0xa  cexit.o [5]
  .text            ro code  0x000002d0    0x14  exit.o [6]
  .text            ro code  0x000002e4     0xc  cstartup_M.o [5]
  .rodata          const    0x000002f0     0x0  zero_init3.o [5]
                          - 0x000002f0   0x2b0

"P2", part 1 of 2:                         0x4
  .bss             zero     0x20000000     0x1  main.o [1]
                          - 0x20000001     0x1

"P2", part 2 of 2:                      0x8000
  CSTACK                    0x20000008  0x8000  <Block>
    CSTACK         uninit   0x20000008  0x8000  <Block tail>
                          - 0x20008008  0x8000


*******************************************************************************
*** INIT TABLE
***

          Address     Size
          -------     ----
Zero (__iar_zero_init3)
    1 destination range, total size 0x1:
          0x20000000   0x1



*******************************************************************************
*** MODULE SUMMARY
***

    Module            ro code  ro data  rw data
    ------            -------  -------  -------
C:\first_project_474\Lab1\task 2\Debug\Obj: [1]
    main.o                448                 1
    -------------------------------------------
    Total:                448                 1

command line: [2]
    -------------------------------------------
    Total:

dl7M_tln.a: [3]
    exit.o                  4
    low_level_init.o        4
    -------------------------------------------
    Total:                  8

m7M_tls.a: [4]
    fpinit_M.o             34
    -------------------------------------------
    Total:                 34

rt7M_tl.a: [5]
    cexit.o                10
    cmain.o                26
    cstartup_M.o           12
    data_init.o            40
    vector_table_M.o       66
    zero_init3.o           64
    -------------------------------------------
    Total:                218

shb_l.a: [6]
    exit.o                 20
    -------------------------------------------
    Total:                 20

    Gaps                    6        2
    Linker created                  16   32 768
-----------------------------------------------
    Grand Total:          734       18   32 769


*******************************************************************************
*** ENTRY LIST
***

Entry                      Address  Size  Type      Object
-----                      -------  ----  ----      ------
.iar.init_table$$Base   0x0000028c         --   Gb  - Linker created -
.iar.init_table$$Limit  0x0000029c         --   Gb  - Linker created -
?main                   0x000002a1        Code  Gb  cmain.o [5]
CSTACK$$Base            0x20000008         --   Gb  - Linker created -
CSTACK$$Limit           0x20008008         --   Gb  - Linker created -
Green_off               0x00000087   0xe  Code  Gb  main.o [1]
Green_on                0x00000079   0xe  Code  Gb  main.o [1]
Red_off                 0x0000004f   0xe  Code  Gb  main.o [1]
Red_on                  0x00000041   0xe  Code  Gb  main.o [1]
Region$$Table$$Base     0x0000028c         --   Gb  - Linker created -
Region$$Table$$Limit    0x0000029c         --   Gb  - Linker created -
TL_State                0x20000000   0x1  Data  Gb  main.o [1]
Traffic_Light_System    0x00000095  0xda  Code  Gb  main.o [1]
Yellow_off              0x0000006b   0xe  Code  Gb  main.o [1]
Yellow_on               0x0000005d   0xe  Code  Gb  main.o [1]
__cmain                 0x000002a1        Code  Gb  cmain.o [5]
__exit                  0x000002d1  0x14  Code  Gb  exit.o [6]
__iar_data_init3        0x00000241  0x28  Code  Gb  data_init.o [5]
__iar_init_vfp          0x00000269        Code  Gb  fpinit_M.o [4]
__iar_program_start     0x000002e5        Code  Gb  cstartup_M.o [5]
__iar_systems$$module {Abs}
                        0x00000001        Data  Gb  command line/config [2]
__iar_zero_init3        0x00000201  0x40  Code  Gb  zero_init3.o [5]
__low_level_init        0x000002bb   0x4  Code  Gb  low_level_init.o [3]
__vector_table          0x00000000        Data  Gb  vector_table_M.o [5]
_call_main              0x000002ad        Code  Gb  cmain.o [5]
_exit                   0x000002c5        Code  Gb  cexit.o [5]
_main                   0x000002b7        Code  Gb  cmain.o [5]
exit                    0x000002bf   0x4  Code  Gb  exit.o [3]
main                    0x0000016f  0x70  Code  Gb  main.o [1]


[1] = C:\first_project_474\Lab1\task 2\Debug\Obj
[2] = command line
[3] = dl7M_tln.a
[4] = m7M_tls.a
[5] = rt7M_tl.a
[6] = shb_l.a

     734 bytes of readonly  code memory
      18 bytes of readonly  data memory
  32 769 bytes of readwrite data memory

Errors: none
Warnings: none
