###############################################################################
#
# IAR ELF Linker V8.11.3.13950/W32 for ARM                31/Jan/2023  15:37:15
# Copyright 2007-2017 IAR Systems AB.
#
#    Output file  =  C:\first_project_474\Lab 2\Task2b\Debug\Exe\task2b.out
#    Map file     =  C:\first_project_474\Lab 2\Task2b\Debug\List\task2b.map
#    Command line =  
#        -f C:\Users\khormnic\AppData\Local\Temp\EW4C4E.tmp
#        ("C:\first_project_474\Lab 2\Task2b\Debug\Obj\c_startup.o"
#        "C:\first_project_474\Lab 2\Task2b\Debug\Obj\main.o" -o
#        "C:\first_project_474\Lab 2\Task2b\Debug\Exe\task2b.out" --redirect
#        _Printf=_PrintfFullNoMb --redirect _Scanf=_ScanfFullNoMb --map
#        "C:\first_project_474\Lab 2\Task2b\Debug\List\task2b.map" --config
#        "C:\Program Files (x86)\IAR Systems\Embedded Workbench
#        8.0\arm\config\linker\TexasInstruments\TM4C1294NC.icf" --semihosting
#        --entry __iar_program_start --vfe --text_out locale)
#
###############################################################################

*******************************************************************************
*** RUNTIME MODEL ATTRIBUTES
***

CppFlavor       = *
__SystemLibrary = DLib
__dlib_version  = 6


*******************************************************************************
*** HEAP SELECTION
***

The basic heap was selected because some modules are built with
size limitations (and not runtime checking), and --advanced_heap
was not specified.


*******************************************************************************
*** PLACEMENT SUMMARY
***

"A0":  place at 0x00000000 { ro section .intvec };
"P1":  place in [from 0x00000000 to 0x000fffff] { ro };
define block CSTACK with size = 32K, alignment = 8 { };
define block HEAP with size = 64K, alignment = 8 { };
"P2":  place in [from 0x20000000 to 0x2003ffff] {
          rw, block CSTACK, block HEAP };

  Section          Kind        Address    Size  Object
  -------          ----        -------    ----  ------
"A0":                                    0x110
  .intvec          const    0x00000000   0x110  c_startup.o [1]
                          - 0x00000110   0x110

"P1":                                    0x300
  .text            ro code  0x00000110   0x200  main.o [1]
  .text            ro code  0x00000310    0x40  zero_init3.o [5]
  .text            ro code  0x00000350    0x28  data_init.o [5]
  .text            ro code  0x00000378    0x22  fpinit_M.o [4]
  .iar.init_table  const    0x0000039c    0x10  - Linker created -
  .text            ro code  0x000003ac     0x2  c_startup.o [1]
  .text            ro code  0x000003b0    0x1a  cmain.o [5]
  .text            ro code  0x000003ca     0x4  low_level_init.o [3]
  .text            ro code  0x000003ce     0x4  exit.o [3]
  .text            ro code  0x000003d2     0x2  c_startup.o [1]
  .text            ro code  0x000003d4     0xa  cexit.o [5]
  .text            ro code  0x000003de     0x2  c_startup.o [1]
  .text            ro code  0x000003e0    0x14  exit.o [6]
  .text            ro code  0x000003f4    0x10  c_startup.o [1]
  .text            ro code  0x00000404     0x2  c_startup.o [1]
  .text            ro code  0x00000406     0x2  c_startup.o [1]
  .text            ro code  0x00000408     0x2  c_startup.o [1]
  .text            ro code  0x0000040a     0x2  c_startup.o [1]
  .text            ro code  0x0000040c     0x2  c_startup.o [1]
  .text            ro code  0x0000040e     0x2  c_startup.o [1]
  .rodata          const    0x00000410     0x0  zero_init3.o [5]
                          - 0x00000410   0x300

"P2", part 1 of 2:                         0x4
  .bss             zero     0x20000000     0x4  main.o [1]
                          - 0x20000004     0x4

"P2", part 2 of 2:                      0x8000
  CSTACK                    0x20000008  0x8000  <Block>
    CSTACK         uninit   0x20000008  0x8000  <Block tail>
                          - 0x20008008  0x8000


*******************************************************************************
*** INIT TABLE
***

          Address     Size
          -------     ----
Zero (__iar_zero_init3)
    1 destination range, total size 0x4:
          0x20000000   0x4



*******************************************************************************
*** MODULE SUMMARY
***

    Module            ro code  ro data  rw data
    ------            -------  -------  -------
C:\first_project_474\Lab 2\Task2b\Debug\Obj: [1]
    c_startup.o            34      272
    main.o                512                 4
    -------------------------------------------
    Total:                546      272        4

command line: [2]
    -------------------------------------------
    Total:

dl7M_tln.a: [3]
    exit.o                  4
    low_level_init.o        4
    -------------------------------------------
    Total:                  8

m7M_tls.a: [4]
    fpinit_M.o             34
    -------------------------------------------
    Total:                 34

rt7M_tl.a: [5]
    cexit.o                10
    cmain.o                26
    data_init.o            40
    zero_init3.o           64
    -------------------------------------------
    Total:                140

shb_l.a: [6]
    exit.o                 20
    -------------------------------------------
    Total:                 20

    Gaps                    2        2
    Linker created                  16   32 768
-----------------------------------------------
    Grand Total:          750      290   32 772


*******************************************************************************
*** ENTRY LIST
***

Entry                      Address   Size  Type      Object
-----                      -------   ----  ----      ------
.iar.init_table$$Base   0x0000039c          --   Gb  - Linker created -
.iar.init_table$$Limit  0x000003ac          --   Gb  - Linker created -
?main                   0x000003b1         Code  Gb  cmain.o [5]
CSTACK$$Base            0x20000008          --   Gb  - Linker created -
CSTACK$$Limit           0x20008008          --   Gb  - Linker created -
Region$$Table$$Base     0x0000039c          --   Gb  - Linker created -
Region$$Table$$Limit    0x000003ac          --   Gb  - Linker created -
Switch_Interrupt_Handler
                        0x00000269   0x48  Code  Gb  main.o [1]
Timer0A_Handler         0x00000229   0x40  Code  Gb  main.o [1]
__cmain                 0x000003b1         Code  Gb  cmain.o [5]
__exit                  0x000003e1   0x14  Code  Gb  exit.o [6]
__iar_data_init3        0x00000351   0x28  Code  Gb  data_init.o [5]
__iar_init_vfp          0x00000379         Code  Gb  fpinit_M.o [4]
__iar_program_start     0x000003f5   0x10  Code  Gb  c_startup.o [1]
__iar_systems$$module {Abs}
                        0x00000001         Data  Gb  command line/config [2]
__iar_zero_init3        0x00000311   0x40  Code  Gb  zero_init3.o [5]
__low_level_init        0x000003cb    0x4  Code  Gb  low_level_init.o [3]
__vector_table          0x00000000  0x110  Data  Gb  c_startup.o [1]
_call_main              0x000003bd         Code  Gb  cmain.o [5]
_exit                   0x000003d5         Code  Gb  cexit.o [5]
_main                   0x000003c7         Code  Gb  cmain.o [5]
counter                 0x20000000    0x4  Data  Gb  main.o [1]
exit                    0x000003cf    0x4  Code  Gb  exit.o [3]
lights                  0x00000187   0x42  Code  Gb  main.o [1]
main                    0x00000111   0x10  Code  Gb  main.o [1]
switches                0x000001c9   0x60  Code  Gb  main.o [1]
timer_initc             0x00000121   0x66  Code  Gb  main.o [1]


[1] = C:\first_project_474\Lab 2\Task2b\Debug\Obj
[2] = command line
[3] = dl7M_tln.a
[4] = m7M_tls.a
[5] = rt7M_tl.a
[6] = shb_l.a

     750 bytes of readonly  code memory
     290 bytes of readonly  data memory
  32 772 bytes of readwrite data memory

Errors: none
Warnings: none
