###############################################################################
#
# IAR ELF Linker V8.11.3.13950/W32 for ARM                14/Feb/2023  23:49:50
# Copyright 2007-2017 IAR Systems AB.
#
#    Output file  =  
#        C:\Users\fishtail\Desktop\ee474\Lab3\Task2b\Debug\Exe\task2.out
#    Map file     =  
#        C:\Users\fishtail\Desktop\ee474\Lab3\Task2b\Debug\List\task2.map
#    Command line =  
#        -f C:\Users\fishtail\AppData\Local\Temp\EW2D9E.tmp
#        (C:\Users\fishtail\Desktop\ee474\Lab3\Task2b\Debug\Obj\Lab3_Inits.o
#        C:\Users\fishtail\Desktop\ee474\Lab3\Task2b\Debug\Obj\main.o -o
#        C:\Users\fishtail\Desktop\ee474\Lab3\Task2b\Debug\Exe\task2.out
#        --redirect _Printf=_PrintfFullNoMb --redirect _Scanf=_ScanfFullNoMb
#        --map C:\Users\fishtail\Desktop\ee474\Lab3\Task2b\Debug\List\task2.map
#        --config "C:\Program Files (x86)\IAR Systems\Embedded Workbench
#        8.0\arm\config\linker\TexasInstruments\TM4C1294NC.icf" --semihosting
#        --entry __iar_program_start --vfe --text_out locale)
#
###############################################################################

*******************************************************************************
*** RUNTIME MODEL ATTRIBUTES
***

CppFlavor       = *
__SystemLibrary = DLib
__dlib_version  = 6


*******************************************************************************
*** HEAP SELECTION
***

The basic heap was selected because some modules are built with
size limitations (and not runtime checking), and --advanced_heap
was not specified.


*******************************************************************************
*** PLACEMENT SUMMARY
***

"A0":  place at 0x00000000 { ro section .intvec };
"P1":  place in [from 0x00000000 to 0x000fffff] { ro };
define block CSTACK with size = 32K, alignment = 8 { };
define block HEAP with size = 64K, alignment = 8 { };
"P2":  place in [from 0x20000000 to 0x2003ffff] {
          rw, block CSTACK, block HEAP };

  Section   Kind        Address    Size  Object
  -------   ----        -------    ----  ------
"A0":                              0x40
  .intvec   ro code  0x00000000    0x40  vector_table_M.o [5]
                   - 0x00000040    0x40

"P1":                             0x4fc
  .text     ro code  0x00000040   0x3ec  Lab3_Inits.o [1]
  .text     ro code  0x0000042c    0x60  main.o [1]
  .text     ro code  0x0000048c     0x6  ABImemclr4.o [5]
  .text     ro code  0x00000492     0x2  vector_table_M.o [5]
  .text     ro code  0x00000494    0x32  ABImemset48.o [5]
  .text     ro code  0x000004c8    0x22  fpinit_M.o [4]
  .text     ro code  0x000004ec    0x1a  cmain.o [5]
  .text     ro code  0x00000506     0x4  low_level_init.o [3]
  .text     ro code  0x0000050a     0x4  exit.o [3]
  .text     ro code  0x00000510     0xa  cexit.o [5]
  .text     ro code  0x0000051c    0x14  exit.o [6]
  .text     ro code  0x00000530     0xc  cstartup_M.o [5]
                   - 0x0000053c   0x4fc

"P2":                            0x8000
  CSTACK             0x20000000  0x8000  <Block>
    CSTACK  uninit   0x20000000  0x8000  <Block tail>
                   - 0x20008000  0x8000



*******************************************************************************
*** MODULE SUMMARY
***

    Module            ro code  rw data
    ------            -------  -------
C:\Users\fishtail\Desktop\ee474\Lab3\Task2b\Debug\Obj: [1]
    Lab3_Inits.o        1 004
    main.o                 96
    ----------------------------------
    Total:              1 100

command line: [2]
    ----------------------------------
    Total:

dl7M_tlf.a: [3]
    exit.o                  4
    low_level_init.o        4
    ----------------------------------
    Total:                  8

m7M_tls.a: [4]
    fpinit_M.o             34
    ----------------------------------
    Total:                 34

rt7M_tl.a: [5]
    ABImemclr4.o            6
    ABImemset48.o          50
    cexit.o                10
    cmain.o                26
    cstartup_M.o           12
    vector_table_M.o       66
    ----------------------------------
    Total:                170

shb_l.a: [6]
    exit.o                 20
    ----------------------------------
    Total:                 20

    Gaps                    8
    Linker created              32 768
--------------------------------------
    Grand Total:        1 340   32 768


*******************************************************************************
*** ENTRY LIST
***

Entry                      Address   Size  Type      Object
-----                      -------   ----  ----      ------
?main                   0x000004ed         Code  Gb  cmain.o [5]
ADCReadPot_Init         0x000001ad   0xbe  Code  Gb  Lab3_Inits.o [1]
CSTACK$$Base            0x20000000          --   Gb  - Linker created -
CSTACK$$Limit           0x20008000          --   Gb  - Linker created -
PLL_Init                0x00000041  0x16c  Code  Gb  Lab3_Inits.o [1]
Region$$Table$$Base     0x00000000          --   Gb  - Linker created -
Region$$Table$$Limit    0x00000000          --   Gb  - Linker created -
TimerADCTriger_Init     0x0000026b   0x90  Code  Gb  Lab3_Inits.o [1]
UART_Init               0x000002fb   0xae  Code  Gb  Lab3_Inits.o [1]
__aeabi_memclr4         0x0000048d         Code  Gb  ABImemclr4.o [5]
__cmain                 0x000004ed         Code  Gb  cmain.o [5]
__exit                  0x0000051d   0x14  Code  Gb  exit.o [6]
__iar_Memset4_word      0x00000495         Code  Gb  ABImemset48.o [5]
__iar_Memset8_word      0x00000495         Code  Gb  ABImemset48.o [5]
__iar_init_vfp          0x000004c9         Code  Gb  fpinit_M.o [4]
__iar_program_start     0x00000531         Code  Gb  cstartup_M.o [5]
__iar_systems$$module {Abs}
                        0x00000001         Data  Gb  command line/config [2]
__low_level_init        0x00000507    0x4  Code  Gb  low_level_init.o [3]
__vector_table          0x00000000         Data  Gb  vector_table_M.o [5]
_call_main              0x000004f9         Code  Gb  cmain.o [5]
_exit                   0x00000511         Code  Gb  cexit.o [5]
_main                   0x00000503         Code  Gb  cmain.o [5]
exit                    0x0000050b    0x4  Code  Gb  exit.o [3]
main                    0x0000042d   0x1c  Code  Gb  main.o [1]
recieveSend             0x00000449   0x3a  Code  Gb  main.o [1]


[1] = C:\Users\fishtail\Desktop\ee474\Lab3\Task2b\Debug\Obj
[2] = command line
[3] = dl7M_tlf.a
[4] = m7M_tls.a
[5] = rt7M_tl.a
[6] = shb_l.a

   1 340 bytes of readonly  code memory
  32 768 bytes of readwrite data memory

Errors: none
Warnings: none
