###############################################################################
#
# IAR ELF Linker V8.11.3.13950/W32 for ARM                16/Feb/2023  22:16:41
# Copyright 2007-2017 IAR Systems AB.
#
#    Output file  =  
#        C:\Users\fishtail\Desktop\ee474\Lab3\Task2\Debug\Exe\task2.out
#    Map file     =  
#        C:\Users\fishtail\Desktop\ee474\Lab3\Task2\Debug\List\task2.map
#    Command line =  
#        -f C:\Users\fishtail\AppData\Local\Temp\EW9BA6.tmp
#        (C:\Users\fishtail\Desktop\ee474\Lab3\Task2\Debug\Obj\cstartup_M.o
#        C:\Users\fishtail\Desktop\ee474\Lab3\Task2\Debug\Obj\Lab3_Inits.o
#        C:\Users\fishtail\Desktop\ee474\Lab3\Task2\Debug\Obj\main.o -o
#        C:\Users\fishtail\Desktop\ee474\Lab3\Task2\Debug\Exe\task2.out
#        --redirect _Printf=_PrintfFullNoMb --redirect _Scanf=_ScanfFullNoMb
#        --map C:\Users\fishtail\Desktop\ee474\Lab3\Task2\Debug\List\task2.map
#        --config "C:\Program Files (x86)\IAR Systems\Embedded Workbench
#        8.0\arm\config\linker\TexasInstruments\TM4C1294NC.icf" --semihosting
#        --entry __iar_program_start --vfe --text_out locale)
#
###############################################################################

*******************************************************************************
*** RUNTIME MODEL ATTRIBUTES
***

CppFlavor       = *
__SystemLibrary = DLib
__dlib_version  = 6


*******************************************************************************
*** HEAP SELECTION
***

The basic heap was selected because some modules are built with
size limitations (and not runtime checking), and --advanced_heap
was not specified.


*******************************************************************************
*** PLACEMENT SUMMARY
***

"A0":  place at 0x00000000 { ro section .intvec };
"P1":  place in [from 0x00000000 to 0x000fffff] { ro };
define block CSTACK with size = 32K, alignment = 8 { };
define block HEAP with size = 64K, alignment = 8 { };
"P2":  place in [from 0x20000000 to 0x2003ffff] {
          rw, block CSTACK, block HEAP };
initialize by copy { rw };

  Section            Kind        Address    Size  Object
  -------            ----        -------    ----  ------
"A0":                                      0x208
  .intvec            const    0x00000000   0x208  cstartup_M.o [1]
                            - 0x00000208   0x208

"P1":                                     0x20f4
  .text              ro code  0x00000208   0xe0e  xprintffull_nomb.o [3]
  .text              ro code  0x00001016     0xa  xsprout.o [3]
  .text              ro code  0x00001020    0x16  strchr.o [5]
  .text              ro code  0x00001036     0x2  cstartup_M.o [1]
  .text              ro code  0x00001038    0x44  xfail_s.o [3]
  .text              ro code  0x0000107c    0x36  strlen.o [5]
  .text              ro code  0x000010b2     0x2  cstartup_M.o [1]
  .text              ro code  0x000010b4    0x58  memchr.o [5]
  .text              ro code  0x0000110c    0xee  I64DivMod.o [5]
  .text              ro code  0x000011fa     0x2  cstartup_M.o [1]
  .text              ro code  0x000011fc   0x1a2  DblMul.o [4]
  .text              ro code  0x0000139e     0x2  cstartup_M.o [1]
  .text              ro code  0x000013a0    0x76  ABImemcpy_unaligned.o [5]
  .text              ro code  0x00001416     0x2  cstartup_M.o [1]
  .text              ro code  0x00001418    0x70  frexp.o [4]
  .text              ro code  0x00001488    0x2e  DblCmpLe.o [4]
  .text              ro code  0x000014b6     0x2  cstartup_M.o [1]
  .text              ro code  0x000014b8    0x2e  DblCmpGe.o [4]
  .text              ro code  0x000014e6     0x2  cstartup_M.o [1]
  .text              ro code  0x000014e8   0x13a  ldexp.o [4]
  .text              ro code  0x00001622     0x2  cstartup_M.o [1]
  .text              ro code  0x00001624    0x3a  DblToS32.o [4]
  .text              ro code  0x0000165e     0x2  cstartup_M.o [1]
  .text              ro code  0x00001660    0x22  S32ToDbl.o [4]
  .text              ro code  0x00001682     0x2  cstartup_M.o [1]
  .text              ro code  0x00001684    0xe2  DblSub.o [4]
  .text              ro code  0x00001768   0x246  DblDiv.o [4]
  .text              ro code  0x000019b0    0x28  DblToU32.o [4]
  .text              ro code  0x000019d8    0x1a  U32ToDbl.o [4]
  .text              ro code  0x000019f4     0x8  xlocale_c.o [3]
  .text              ro code  0x000019fc     0x6  abort.o [3]
  .text              ro code  0x00001a04     0x2  I64DivZer.o [5]
  .text              ro code  0x00001a08   0x168  DblAdd.o [4]
  .text              ro code  0x00001b70    0x14  exit.o [6]
  .text              ro code  0x00001b84   0x474  Lab3_Inits.o [1]
  .text              ro code  0x00001ff8    0xf4  main.o [1]
  .text              ro code  0x000020ec    0x68  DblToFlt.o [4]
  .text              ro code  0x00002154    0x48  FltToDbl.o [4]
  .text              ro code  0x0000219c    0x40  sprintf.o [3]
  .text              ro code  0x000021dc    0x38  packbits_init_single.o [5]
  .text              ro code  0x00002214    0x28  data_init.o [5]
  .text              ro code  0x0000223c    0x22  fpinit_M.o [4]
  .iar.init_table    const    0x00002260    0x10  - Linker created -
  .text              ro code  0x00002270    0x1a  cmain.o [5]
  .text              ro code  0x0000228a     0x4  low_level_init.o [3]
  .text              ro code  0x0000228e     0x4  exit.o [3]
  .text              ro code  0x00002294     0xa  cexit.o [5]
  .rodata            const    0x000022a0    0x18  main.o [1]
  .text              ro code  0x000022b8    0x10  cstartup_M.o [1]
  .rodata            const    0x000022c8     0x4  xlocale_c.o [3]
  .rodata            const    0x000022cc     0x0  packbits_init_single.o [5]
  Initializer bytes  const    0x000022cc    0x30  <for P2-1>
                            - 0x000022fc  0x20f4

"P2", part 1 of 2:                          0x40
  P2-1                        0x20000000    0x40  <Init block>
    .data            inited   0x20000000    0x38  xlocale_c.o [3]
    .bss             inited   0x20000038     0x4  main.o [1]
    .bss             inited   0x2000003c     0x4  xfail_s.o [3]
                            - 0x20000040    0x40

"P2", part 2 of 2:                        0x8000
  CSTACK                      0x20000040  0x8000  <Block>
    CSTACK           uninit   0x20000040  0x8000  <Block tail>
                            - 0x20008040  0x8000


*******************************************************************************
*** INIT TABLE
***

          Address     Size
          -------     ----
Copy/packbits (__iar_packbits_init_single3)
    1 source range, total size 0x30 (75% of destination):
          0x000022cc  0x30
    1 destination range, total size 0x40:
          0x20000000  0x40



*******************************************************************************
*** MODULE SUMMARY
***

    Module                  ro code  ro data  rw data
    ------                  -------  -------  -------
C:\Users\fishtail\Desktop\ee474\Lab3\Task2\Debug\Obj: [1]
    Lab3_Inits.o              1 140
    cstartup_M.o                 36      520
    main.o                      244       27        4
    -------------------------------------------------
    Total:                    1 420      547        4

command line: [2]
    -------------------------------------------------
    Total:

dl7M_tlf.a: [3]
    abort.o                       6
    exit.o                        4
    low_level_init.o              4
    sprintf.o                    64
    xfail_s.o                    68        3        4
    xlocale_c.o                   8       46       56
    xprintffull_nomb.o        3 598
    xsprout.o                    10
    -------------------------------------------------
    Total:                    3 762       49       60

m7M_tls.a: [4]
    DblAdd.o                    360
    DblCmpGe.o                   46
    DblCmpLe.o                   46
    DblDiv.o                    582
    DblMul.o                    418
    DblSub.o                    226
    DblToFlt.o                  104
    DblToS32.o                   58
    DblToU32.o                   40
    FltToDbl.o                   72
    S32ToDbl.o                   34
    U32ToDbl.o                   26
    fpinit_M.o                   34
    frexp.o                     112
    ldexp.o                     314
    -------------------------------------------------
    Total:                    2 472

rt7M_tl.a: [5]
    ABImemcpy_unaligned.o       118
    I64DivMod.o                 238
    I64DivZer.o                   2
    cexit.o                      10
    cmain.o                      26
    data_init.o                  40
    memchr.o                     88
    packbits_init_single.o       56
    strchr.o                     22
    strlen.o                     54
    -------------------------------------------------
    Total:                      654

shb_l.a: [6]
    exit.o                       20
    -------------------------------------------------
    Total:                       20

    Gaps                         12        4
    Linker created                        16   32 768
-----------------------------------------------------
    Grand Total:              8 340      616   32 832


*******************************************************************************
*** ENTRY LIST
***

Entry                      Address   Size  Type      Object
-----                      -------   ----  ----      ------
.iar.init_table$$Base   0x00002260          --   Gb  - Linker created -
.iar.init_table$$Limit  0x00002270          --   Gb  - Linker created -
?main                   0x00002271         Code  Gb  cmain.o [5]
ADC0SS3_Handler         0x0000209b   0x26  Code  Gb  main.o [1]
ADCReadPot_Init         0x00001d07   0xdc  Code  Gb  Lab3_Inits.o [1]
ADC_value               0x20000038    0x4  Data  Gb  main.o [1]
Button_Init             0x00001f1f   0x3e  Code  Gb  Lab3_Inits.o [1]
CSTACK$$Base            0x20000040          --   Gb  - Linker created -
CSTACK$$Limit           0x20008040          --   Gb  - Linker created -
LoadInt                 0x000003a7   0x7a  Code  Lc  xprintffull_nomb.o [3]
PLL_Init                0x00001b85  0x182  Code  Gb  Lab3_Inits.o [1]
Region$$Table$$Base     0x00002260          --   Gb  - Linker created -
Region$$Table$$Limit    0x00002270          --   Gb  - Linker created -
TimerADCTriger_Init     0x00001de3   0x90  Code  Gb  Lab3_Inits.o [1]
UART_Init               0x00001e73   0xac  Code  Gb  Lab3_Inits.o [1]
_GenldFullNoMb          0x00000d0b  0x27e  Code  Lc  xprintffull_nomb.o [3]
_LdtobFullNoMb          0x000008ef  0x3f0  Code  Lc  xprintffull_nomb.o [3]
_LitobFullNoMb          0x00000793  0x116  Code  Lc  xprintffull_nomb.o [3]
_Locale_lconv           0x20000000   0x38  Data  Lc  xlocale_c.o [3]
_PrintfFullNoMb         0x00000209  0x190  Code  Gb  xprintffull_nomb.o [3]
_PutcharsFullNoMb       0x00000f89   0x2e  Code  Lc  xprintffull_nomb.o [3]
_PutfldFullNoMb         0x00000421  0x264  Code  Lc  xprintffull_nomb.o [3]
_PuttxtFullNoMb         0x00000685  0x10e  Code  Lc  xprintffull_nomb.o [3]
_SProut                 0x00001017    0xa  Code  Gb  xsprout.o [3]
__aeabi_cdcmple         0x00001489         Code  Gb  DblCmpLe.o [4]
__aeabi_cdrcmple        0x000014b9         Code  Gb  DblCmpGe.o [4]
__aeabi_d2f             0x000020ed         Code  Gb  DblToFlt.o [4]
__aeabi_d2iz            0x00001625         Code  Gb  DblToS32.o [4]
__aeabi_d2uiz           0x000019b1         Code  Gb  DblToU32.o [4]
__aeabi_ddiv            0x00001769         Code  Gb  DblDiv.o [4]
__aeabi_dmul            0x000011fd         Code  Gb  DblMul.o [4]
__aeabi_dsub            0x00001685         Code  Gb  DblSub.o [4]
__aeabi_f2d             0x00002155         Code  Gb  FltToDbl.o [4]
__aeabi_i2d             0x00001661         Code  Gb  S32ToDbl.o [4]
__aeabi_ldiv0           0x00001a05         Code  Gb  I64DivZer.o [5]
__aeabi_ui2d            0x000019d9         Code  Gb  U32ToDbl.o [4]
__aeabi_uldivmod        0x0000110d         Code  Gb  I64DivMod.o [5]
__cmain                 0x00002271         Code  Gb  cmain.o [5]
__exit                  0x00001b71   0x14  Code  Gb  exit.o [6]
__iar_Fail_s            0x00001039   0x1e  Code  Gb  xfail_s.o [3]
__iar_Memchr            0x000010b5         Code  Gb  memchr.o [5]
__iar_Strchr            0x00001021         Code  Gb  strchr.o [5]
__iar_dadd              0x00001695         Code  Gb  DblSub.o [4]
__iar_data_init3        0x00002215   0x28  Code  Gb  data_init.o [5]
__iar_dsub              0x00001a09         Code  Gb  DblAdd.o [4]
__iar_dsubStart         0x00001a1b         Code  Gb  DblAdd.o [4]
__iar_frexp             0x00001425         Code  Gb  frexp.o [4]
__iar_frexpl            0x00001425         Code  Gb  frexp.o [4]
__iar_init_vfp          0x0000223d         Code  Gb  fpinit_M.o [4]
__iar_ldexp64           0x000014e9         Code  Gb  ldexp.o [4]
__iar_packbits_init_single3
                        0x000021dd   0x38  Code  Gb  packbits_init_single.o [5]
__iar_program_start     0x000022b9   0x10  Code  Gb  cstartup_M.o [1]
__iar_scalbln64         0x000014e9         Code  Gb  ldexp.o [4]
__iar_scalbn64          0x000014e9         Code  Gb  ldexp.o [4]
__iar_softfp___iar_frexp64
                        0x00001419         Code  Gb  frexp.o [4]
__iar_softfp_frexp      0x00001419         Code  Gb  frexp.o [4]
__iar_softfp_frexpl     0x00001419         Code  Gb  frexp.o [4]
__iar_systems$$module {Abs}
                        0x00000001         Data  Gb  command line/config [2]
__iar_unaligned_memcpy  0x000013a1         Code  Gb  ABImemcpy_unaligned.o [5]
__iar_unaligned_memcpy4
                        0x000013c1         Code  Gb  ABImemcpy_unaligned.o [5]
__iar_unaligned_memcpy8
                        0x000013c1         Code  Gb  ABImemcpy_unaligned.o [5]
__low_level_init        0x0000228b    0x4  Code  Gb  low_level_init.o [3]
__vector_table          0x00000000  0x208  Data  Gb  cstartup_M.o [1]
_call_main              0x0000227d         Code  Gb  cmain.o [5]
_exit                   0x00002295         Code  Gb  cexit.o [5]
_main                   0x00002287         Code  Gb  cmain.o [5]
abort                   0x000019fd    0x6  Code  Gb  abort.o [3]
exit                    0x0000228f    0x4  Code  Gb  exit.o [3]
ldexp                   0x000014e9         Code  Gb  ldexp.o [4]
ldexpl                  0x000014e9         Code  Gb  ldexp.o [4]
localeconv              0x000019f5    0x4  Code  Gb  xlocale_c.o [3]
main                    0x00001ff9   0x6c  Code  Gb  main.o [1]
memchr                  0x000010b5         Code  Gb  memchr.o [5]
scalbln                 0x000014e9         Code  Gb  ldexp.o [4]
scalblnl                0x000014e9         Code  Gb  ldexp.o [4]
scalbn                  0x000014e9         Code  Gb  ldexp.o [4]
scalbnl                 0x000014e9         Code  Gb  ldexp.o [4]
scale                   0x000008a9   0x46  Code  Lc  xprintffull_nomb.o [3]
sec_hand                0x2000003c    0x4  Data  Lc  xfail_s.o [3]
sendTemp                0x00002065   0x36  Code  Gb  main.o [1]
sprintf                 0x0000219d   0x40  Code  Gb  sprintf.o [3]
strchr                  0x00001021         Code  Gb  strchr.o [5]
strlen                  0x0000107d         Code  Gb  strlen.o [5]


[1] = C:\Users\fishtail\Desktop\ee474\Lab3\Task2\Debug\Obj
[2] = command line
[3] = dl7M_tlf.a
[4] = m7M_tls.a
[5] = rt7M_tl.a
[6] = shb_l.a

   8 340 bytes of readonly  code memory
     616 bytes of readonly  data memory
  32 832 bytes of readwrite data memory

Errors: none
Warnings: none
