###############################################################################
#
# IAR ELF Linker V8.11.3.13950/W32 for ARM                14/Feb/2023  13:31:40
# Copyright 2007-2017 IAR Systems AB.
#
#    Output file  =  
#        C:\Users\fishtail\Desktop\ee474\Lab3\Task2\Debug\Exe\task2.out
#    Map file     =  
#        C:\Users\fishtail\Desktop\ee474\Lab3\Task2\Debug\List\task2.map
#    Command line =  
#        -f C:\Users\fishtail\AppData\Local\Temp\EW33EF.tmp
#        (C:\Users\fishtail\Desktop\ee474\Lab3\Task2\Debug\Obj\cstartup_M.o
#        C:\Users\fishtail\Desktop\ee474\Lab3\Task2\Debug\Obj\Lab3_Inits.o
#        C:\Users\fishtail\Desktop\ee474\Lab3\Task2\Debug\Obj\main.o -o
#        C:\Users\fishtail\Desktop\ee474\Lab3\Task2\Debug\Exe\task2.out
#        --redirect _Printf=_PrintfFullNoMb --redirect _Scanf=_ScanfFullNoMb
#        --map C:\Users\fishtail\Desktop\ee474\Lab3\Task2\Debug\List\task2.map
#        --config "C:\Program Files (x86)\IAR Systems\Embedded Workbench
#        8.0\arm\config\linker\TexasInstruments\TM4C1294NC.icf" --semihosting
#        --entry __iar_program_start --vfe --text_out locale)
#
###############################################################################

*******************************************************************************
*** RUNTIME MODEL ATTRIBUTES
***

CppFlavor       = *
__SystemLibrary = DLib
__dlib_version  = 6


*******************************************************************************
*** HEAP SELECTION
***

The basic heap was selected because some modules are built with
size limitations (and not runtime checking), and --advanced_heap
was not specified.


*******************************************************************************
*** PLACEMENT SUMMARY
***

"A0":  place at 0x00000000 { ro section .intvec };
"P1":  place in [from 0x00000000 to 0x000fffff] { ro };
define block CSTACK with size = 32K, alignment = 8 { };
define block HEAP with size = 64K, alignment = 8 { };
"P2":  place in [from 0x20000000 to 0x2003ffff] {
          rw, block CSTACK, block HEAP };

  Section          Kind        Address    Size  Object
  -------          ----        -------    ----  ------
"A0":                                    0x208
  .intvec          const    0x00000000   0x208  cstartup_M.o [1]
                          - 0x00000208   0x208

"P1":                                    0xd2c
  .text            ro code  0x00000208   0x420  Lab3_Inits.o [1]
  .text            ro code  0x00000628   0x246  DblDiv.o [4]
  .text            ro code  0x0000086e     0x2  cstartup_M.o [1]
  .text            ro code  0x00000870   0x1a2  DblMul.o [4]
  .text            ro code  0x00000a12     0x2  cstartup_M.o [1]
  .text            ro code  0x00000a14   0x168  DblAdd.o [4]
  .text            ro code  0x00000b7c    0xe2  DblSub.o [4]
  .text            ro code  0x00000c5e     0x2  cstartup_M.o [1]
  .text            ro code  0x00000c60    0xd4  main.o [1]
  .text            ro code  0x00000d34    0x1a  U32ToDbl.o [4]
  .text            ro code  0x00000d4e     0x2  cstartup_M.o [1]
  .text            ro code  0x00000d50    0x68  DblToFlt.o [4]
  .text            ro code  0x00000db8     0xc  memcpy.o [5]
  .text            ro code  0x00000dc4    0x76  ABImemcpy_unaligned.o [5]
  .text            ro code  0x00000e3a    0x40  zero_init3.o [5]
  .text            ro code  0x00000e7a     0x2  cstartup_M.o [1]
  .text            ro code  0x00000e7c    0x28  data_init.o [5]
  .text            ro code  0x00000ea4    0x22  fpinit_M.o [4]
  .iar.init_table  const    0x00000ec8    0x10  - Linker created -
  .text            ro code  0x00000ed8     0x2  cstartup_M.o [1]
  .text            ro code  0x00000edc    0x1a  cmain.o [5]
  .text            ro code  0x00000ef6     0x4  low_level_init.o [3]
  .text            ro code  0x00000efa     0x4  exit.o [3]
  .text            ro code  0x00000efe     0x2  cstartup_M.o [1]
  .text            ro code  0x00000f00     0xa  cexit.o [5]
  .text            ro code  0x00000f0a     0x2  cstartup_M.o [1]
  .text            ro code  0x00000f0c    0x14  exit.o [6]
  .text            ro code  0x00000f20    0x10  cstartup_M.o [1]
  .text            ro code  0x00000f30     0x2  cstartup_M.o [1]
  .text            ro code  0x00000f32     0x2  cstartup_M.o [1]
  .rodata          const    0x00000f34     0x0  zero_init3.o [5]
                          - 0x00000f34   0xd2c

"P2", part 1 of 2:                         0x4
  .bss             zero     0x20000000     0x4  main.o [1]
                          - 0x20000004     0x4

"P2", part 2 of 2:                      0x8000
  CSTACK                    0x20000008  0x8000  <Block>
    CSTACK         uninit   0x20000008  0x8000  <Block tail>
                          - 0x20008008  0x8000


*******************************************************************************
*** INIT TABLE
***

          Address     Size
          -------     ----
Zero (__iar_zero_init3)
    1 destination range, total size 0x4:
          0x20000000   0x4



*******************************************************************************
*** MODULE SUMMARY
***

    Module                 ro code  ro data  rw data
    ------                 -------  -------  -------
C:\Users\fishtail\Desktop\ee474\Lab3\Task2\Debug\Obj: [1]
    Lab3_Inits.o             1 056
    cstartup_M.o                36      520
    main.o                     212                 4
    ------------------------------------------------
    Total:                   1 304      520        4

command line: [2]
    ------------------------------------------------
    Total:

dl7M_tlf.a: [3]
    exit.o                       4
    low_level_init.o             4
    ------------------------------------------------
    Total:                       8

m7M_tls.a: [4]
    DblAdd.o                   360
    DblDiv.o                   582
    DblMul.o                   418
    DblSub.o                   226
    DblToFlt.o                 104
    U32ToDbl.o                  26
    fpinit_M.o                  34
    ------------------------------------------------
    Total:                   1 750

rt7M_tl.a: [5]
    ABImemcpy_unaligned.o      118
    cexit.o                     10
    cmain.o                     26
    data_init.o                 40
    memcpy.o                    12
    zero_init3.o                64
    ------------------------------------------------
    Total:                     270

shb_l.a: [6]
    exit.o                      20
    ------------------------------------------------
    Total:                      20

    Gaps                         2        2
    Linker created                       16   32 768
----------------------------------------------------
    Grand Total:             3 354      538   32 772


*******************************************************************************
*** ENTRY LIST
***

Entry                      Address   Size  Type      Object
-----                      -------   ----  ----      ------
.iar.init_table$$Base   0x00000ec8          --   Gb  - Linker created -
.iar.init_table$$Limit  0x00000ed8          --   Gb  - Linker created -
?main                   0x00000edd         Code  Gb  cmain.o [5]
ADC0SS3_Handler         0x00000ce9   0x26  Code  Gb  main.o [1]
ADCReadPot_Init         0x0000037f   0xdc  Code  Gb  Lab3_Inits.o [1]
ADC_value               0x20000000    0x4  Data  Gb  main.o [1]
CSTACK$$Base            0x20000008          --   Gb  - Linker created -
CSTACK$$Limit           0x20008008          --   Gb  - Linker created -
PLL_Init                0x00000209  0x176  Code  Gb  Lab3_Inits.o [1]
Region$$Table$$Base     0x00000ec8          --   Gb  - Linker created -
Region$$Table$$Limit    0x00000ed8          --   Gb  - Linker created -
TimerADCTriger_Init     0x0000045b   0x90  Code  Gb  Lab3_Inits.o [1]
UART_Init               0x000004eb   0xac  Code  Gb  Lab3_Inits.o [1]
__aeabi_d2f             0x00000d51         Code  Gb  DblToFlt.o [4]
__aeabi_ddiv            0x00000629         Code  Gb  DblDiv.o [4]
__aeabi_dmul            0x00000871         Code  Gb  DblMul.o [4]
__aeabi_dsub            0x00000b7d         Code  Gb  DblSub.o [4]
__aeabi_ui2d            0x00000d35         Code  Gb  U32ToDbl.o [4]
__cmain                 0x00000edd         Code  Gb  cmain.o [5]
__exit                  0x00000f0d   0x14  Code  Gb  exit.o [6]
__iar_dadd              0x00000b8d         Code  Gb  DblSub.o [4]
__iar_data_init3        0x00000e7d   0x28  Code  Gb  data_init.o [5]
__iar_dsub              0x00000a15         Code  Gb  DblAdd.o [4]
__iar_dsubStart         0x00000a27         Code  Gb  DblAdd.o [4]
__iar_init_vfp          0x00000ea5         Code  Gb  fpinit_M.o [4]
__iar_program_start     0x00000f21   0x10  Code  Gb  cstartup_M.o [1]
__iar_systems$$module {Abs}
                        0x00000001         Data  Gb  command line/config [2]
__iar_unaligned_memcpy  0x00000dc5         Code  Gb  ABImemcpy_unaligned.o [5]
__iar_unaligned_memcpy4
                        0x00000de5         Code  Gb  ABImemcpy_unaligned.o [5]
__iar_unaligned_memcpy8
                        0x00000de5         Code  Gb  ABImemcpy_unaligned.o [5]
__iar_zero_init3        0x00000e3b   0x40  Code  Gb  zero_init3.o [5]
__low_level_init        0x00000ef7    0x4  Code  Gb  low_level_init.o [3]
__vector_table          0x00000000  0x208  Data  Gb  cstartup_M.o [1]
_call_main              0x00000ee9         Code  Gb  cmain.o [5]
_exit                   0x00000f01         Code  Gb  cexit.o [5]
_main                   0x00000ef3         Code  Gb  cmain.o [5]
exit                    0x00000efb    0x4  Code  Gb  exit.o [3]
main                    0x00000c61   0x52  Code  Gb  main.o [1]
memcpy                  0x00000db9    0xc  Code  Gb  memcpy.o [5]
sendTemp                0x00000cb3   0x36  Code  Gb  main.o [1]


[1] = C:\Users\fishtail\Desktop\ee474\Lab3\Task2\Debug\Obj
[2] = command line
[3] = dl7M_tlf.a
[4] = m7M_tls.a
[5] = rt7M_tl.a
[6] = shb_l.a

   3 354 bytes of readonly  code memory
     538 bytes of readonly  data memory
  32 772 bytes of readwrite data memory

Errors: none
Warnings: none
