###############################################################################
#
# IAR ELF Linker V8.11.3.13950/W32 for ARM                27/Feb/2023  12:23:47
# Copyright 2007-2017 IAR Systems AB.
#
#    Output file  =  C:\first_project_474\Lab4\Task2a\Debug\Exe\task2a.out
#    Map file     =  C:\first_project_474\Lab4\Task2a\Debug\List\task2a.map
#    Command line =  
#        -f C:\Users\khormnic\AppData\Local\Temp\EWA48.tmp
#        (C:\first_project_474\Lab4\Task2a\Debug\Obj\main.o
#        C:\first_project_474\Lab4\Task2a\Debug\Obj\SSD2119_Display.o
#        C:\first_project_474\Lab4\Task2a\Debug\Obj\SSD2119_Touch.o -o
#        C:\first_project_474\Lab4\Task2a\Debug\Exe\task2a.out --redirect
#        _Printf=_PrintfFullNoMb --redirect _Scanf=_ScanfFullNoMb --map
#        C:\first_project_474\Lab4\Task2a\Debug\List\task2a.map --config
#        "C:\Program Files (x86)\IAR Systems\Embedded Workbench
#        8.0\arm\config\linker\TexasInstruments\TM4C1294NC.icf" --semihosting
#        --entry __iar_program_start --vfe --text_out locale)
#
###############################################################################

*******************************************************************************
*** RUNTIME MODEL ATTRIBUTES
***

CppFlavor       = *
__SystemLibrary = DLib
__dlib_version  = 6


*******************************************************************************
*** HEAP SELECTION
***

The basic heap was selected because some modules are built with
size limitations (and not runtime checking), and --advanced_heap
was not specified.


*******************************************************************************
*** PLACEMENT SUMMARY
***

"A0":  place at 0x00000000 { ro section .intvec };
"P1":  place in [from 0x00000000 to 0x000fffff] { ro };
define block CSTACK with size = 32K, alignment = 8 { };
define block HEAP with size = 64K, alignment = 8 { };
"P2":  place in [from 0x20000000 to 0x2003ffff] {
          rw, block CSTACK, block HEAP };

  Section          Kind        Address    Size  Object
  -------          ----        -------    ----  ------
"A0":                                     0x40
  .intvec          ro code  0x00000000    0x40  vector_table_M.o [5]
                          - 0x00000040    0x40

"P1":                                   0x1590
  .text            ro code  0x00000040   0xaf0  SSD2119_Display.o [1]
  .text            ro code  0x00000b30   0x3ec  main.o [1]
  .text            ro code  0x00000f1c   0x3c4  SSD2119_Touch.o [1]
  .rodata          const    0x000012e0   0x1e0  SSD2119_Display.o [1]
  .text            ro code  0x000014c0    0x40  zero_init3.o [5]
  .text            ro code  0x00001500    0x28  data_init.o [5]
  .text            ro code  0x00001528    0x22  fpinit_M.o [4]
  .iar.init_table  const    0x0000154c    0x10  - Linker created -
  .text            ro code  0x0000155c     0x2  vector_table_M.o [5]
  .rodata          const    0x00001560    0x20  SSD2119_Display.o [1]
  .text            ro code  0x00001580    0x1a  cmain.o [5]
  .text            ro code  0x0000159a     0x4  low_level_init.o [3]
  .text            ro code  0x0000159e     0x4  exit.o [3]
  .text            ro code  0x000015a4     0xa  cexit.o [5]
  .text            ro code  0x000015b0    0x14  exit.o [6]
  .text            ro code  0x000015c4     0xc  cstartup_M.o [5]
  .rodata          const    0x000015d0     0x0  zero_init3.o [5]
                          - 0x000015d0  0x1590

"P2", part 1 of 2:                         0x8
  .bss             zero     0x20000000     0x2  SSD2119_Display.o [1]
  .bss             zero     0x20000002     0x2  SSD2119_Display.o [1]
  .bss             zero     0x20000004     0x2  SSD2119_Display.o [1]
  .bss             zero     0x20000006     0x1  main.o [1]
                          - 0x20000007     0x7

"P2", part 2 of 2:                      0x8000
  CSTACK                    0x20000008  0x8000  <Block>
    CSTACK         uninit   0x20000008  0x8000  <Block tail>
                          - 0x20008008  0x8000


*******************************************************************************
*** INIT TABLE
***

          Address     Size
          -------     ----
Zero (__iar_zero_init3)
    1 destination range, total size 0x7:
          0x20000000   0x7



*******************************************************************************
*** MODULE SUMMARY
***

    Module             ro code  ro data  rw data
    ------             -------  -------  -------
C:\first_project_474\Lab4\Task2a\Debug\Obj: [1]
    SSD2119_Display.o    2 800      512        6
    SSD2119_Touch.o        964
    main.o               1 004                 1
    --------------------------------------------
    Total:               4 768      512        7

command line: [2]
    --------------------------------------------
    Total:

dl7M_tlf.a: [3]
    exit.o                   4
    low_level_init.o         4
    --------------------------------------------
    Total:                   8

m7M_tls.a: [4]
    fpinit_M.o              34
    --------------------------------------------
    Total:                  34

rt7M_tl.a: [5]
    cexit.o                 10
    cmain.o                 26
    cstartup_M.o            12
    data_init.o             40
    vector_table_M.o        66
    zero_init3.o            64
    --------------------------------------------
    Total:                 218

shb_l.a: [6]
    exit.o                  20
    --------------------------------------------
    Total:                  20

    Gaps                     4        4
    Linker created                   16   32 768
------------------------------------------------
    Grand Total:         5 052      532   32 775


*******************************************************************************
*** ENTRY LIST
***

Entry                      Address   Size  Type      Object
-----                      -------   ----  ----      ------
.iar.init_table$$Base   0x0000154c          --   Gb  - Linker created -
.iar.init_table$$Limit  0x0000155c          --   Gb  - Linker created -
?main                   0x00001581         Code  Gb  cmain.o [5]
ADC_Init                0x00000f8b   0x96  Code  Lc  SSD2119_Touch.o [1]
ADC_Read                0x00001021   0x1e  Code  Lc  SSD2119_Touch.o [1]
ADC_SetChannel          0x0000103f   0x32  Code  Lc  SSD2119_Touch.o [1]
ASCII                   0x000012e0  0x1e0  Data  Lc  SSD2119_Display.o [1]
CSTACK$$Base            0x20000008          --   Gb  - Linker created -
CSTACK$$Limit           0x20008008          --   Gb  - Linker created -
Color4                  0x00001560   0x20  Data  Gb  SSD2119_Display.o [1]
Green_off               0x00000d0b   0x18  Code  Gb  main.o [1]
Green_on                0x00000cf3   0x18  Code  Gb  main.o [1]
LCD_ColorFill           0x00000667   0x16  Code  Gb  SSD2119_Display.o [1]
LCD_DrawCircle          0x000008fd  0x11c  Code  Gb  SSD2119_Display.o [1]
LCD_DrawFilledCircle    0x00000a19  0x104  Code  Gb  SSD2119_Display.o [1]
LCD_DrawFilledRect      0x0000089d   0x60  Code  Gb  SSD2119_Display.o [1]
LCD_DrawPixel           0x00000869   0x34  Code  Gb  SSD2119_Display.o [1]
LCD_GPIOInit            0x00000041  0x16c  Code  Lc  SSD2119_Display.o [1]
LCD_Init                0x000004a5  0x1a2  Code  Gb  SSD2119_Display.o [1]
LCD_PrintChar           0x0000067d   0xd0  Code  Gb  SSD2119_Display.o [1]
LCD_PrintInteger        0x0000078b   0x60  Code  Gb  SSD2119_Display.o [1]
LCD_PrintString         0x0000074d   0x1c  Code  Gb  SSD2119_Display.o [1]
LCD_SetCursor           0x00000769    0xe  Code  Gb  SSD2119_Display.o [1]
LCD_SetTextColor        0x00000777   0x14  Code  Gb  SSD2119_Display.o [1]
LCD_WriteCommand        0x000001ad  0x15a  Code  Lc  SSD2119_Display.o [1]
LCD_WriteData           0x00000307  0x19e  Code  Lc  SSD2119_Display.o [1]
LCD_init_traffic_light  0x00000c05   0x8e  Code  Gb  main.o [1]
Red_off                 0x00000cab   0x18  Code  Gb  main.o [1]
Red_on                  0x00000c93   0x18  Code  Gb  main.o [1]
Region$$Table$$Base     0x0000154c          --   Gb  - Linker created -
Region$$Table$$Limit    0x0000155c          --   Gb  - Linker created -
TL_State                0x20000006    0x1  Data  Gb  main.o [1]
Touch_Init              0x00000f1d   0x6e  Code  Gb  SSD2119_Touch.o [1]
Touch_ReadX             0x00001167   0xf6  Code  Gb  SSD2119_Touch.o [1]
Touch_ReadY             0x00001071   0xf6  Code  Gb  SSD2119_Touch.o [1]
Traffic_Light_System    0x00000e21   0xcc  Code  Gb  main.o [1]
Yellow_off              0x00000cdb   0x18  Code  Gb  main.o [1]
Yellow_on               0x00000cc3   0x18  Code  Gb  main.o [1]
__cmain                 0x00001581         Code  Gb  cmain.o [5]
__exit                  0x000015b1   0x14  Code  Gb  exit.o [6]
__iar_data_init3        0x00001501   0x28  Code  Gb  data_init.o [5]
__iar_init_vfp          0x00001529         Code  Gb  fpinit_M.o [4]
__iar_program_start     0x000015c5         Code  Gb  cstartup_M.o [5]
__iar_systems$$module {Abs}
                        0x00000001         Data  Gb  command line/config [2]
__iar_zero_init3        0x000014c1   0x40  Code  Gb  zero_init3.o [5]
__low_level_init        0x0000159b    0x4  Code  Gb  low_level_init.o [3]
__vector_table          0x00000000         Data  Gb  vector_table_M.o [5]
_call_main              0x0000158d         Code  Gb  cmain.o [5]
_exit                   0x000015a5         Code  Gb  cexit.o [5]
_main                   0x00001597         Code  Gb  cmain.o [5]
convertColor            0x00000647   0x20  Code  Gb  SSD2119_Display.o [1]
cursorX                 0x20000000    0x2  Data  Gb  SSD2119_Display.o [1]
cursorY                 0x20000002    0x2  Data  Gb  SSD2119_Display.o [1]
exit                    0x0000159f    0x4  Code  Gb  exit.o [3]
five_seconds            0x00000da9   0x78  Code  Gb  main.o [1]
main                    0x00000b31   0x44  Code  Gb  main.o [1]
sw1_pressed             0x00000d23   0x2c  Code  Gb  main.o [1]
sw2_pressed             0x00000d4f   0x2c  Code  Gb  main.o [1]
system_button_pressed   0x00000d7b   0x2e  Code  Gb  main.o [1]
textColor               0x20000004    0x2  Data  Gb  SSD2119_Display.o [1]
timer_initc             0x00000b75   0x90  Code  Gb  main.o [1]


[1] = C:\first_project_474\Lab4\Task2a\Debug\Obj
[2] = command line
[3] = dl7M_tlf.a
[4] = m7M_tls.a
[5] = rt7M_tl.a
[6] = shb_l.a

   5 052 bytes of readonly  code memory
     532 bytes of readonly  data memory
  32 775 bytes of readwrite data memory

Errors: none
Warnings: none
