###############################################################################
#
# IAR ELF Linker V8.11.3.13950/W32 for ARM                28/Feb/2023  14:49:01
# Copyright 2007-2017 IAR Systems AB.
#
#    Output file  =  
#        C:\Users\fishtail\Desktop\ee474\Lab4\Task2a\Debug\Exe\task2a.out
#    Map file     =  
#        C:\Users\fishtail\Desktop\ee474\Lab4\Task2a\Debug\List\task2a.map
#    Command line =  
#        -f C:\Users\fishtail\AppData\Local\Temp\EW53BE.tmp
#        (C:\Users\fishtail\Desktop\ee474\Lab4\Task2a\Debug\Obj\Lab3_Inits.o
#        C:\Users\fishtail\Desktop\ee474\Lab4\Task2a\Debug\Obj\main.o
#        C:\Users\fishtail\Desktop\ee474\Lab4\Task2a\Debug\Obj\SSD2119_Display.o
#        C:\Users\fishtail\Desktop\ee474\Lab4\Task2a\Debug\Obj\SSD2119_Touch.o
#        -o C:\Users\fishtail\Desktop\ee474\Lab4\Task2a\Debug\Exe\task2a.out
#        --redirect _Printf=_PrintfFullNoMb --redirect _Scanf=_ScanfFullNoMb
#        --map
#        C:\Users\fishtail\Desktop\ee474\Lab4\Task2a\Debug\List\task2a.map
#        --config "C:\Program Files (x86)\IAR Systems\Embedded Workbench
#        8.0\arm\config\linker\TexasInstruments\TM4C1294NC.icf" --semihosting
#        --entry __iar_program_start --vfe --text_out locale)
#
###############################################################################

*******************************************************************************
*** RUNTIME MODEL ATTRIBUTES
***

CppFlavor       = *
__SystemLibrary = DLib
__dlib_version  = 6


*******************************************************************************
*** HEAP SELECTION
***

The basic heap was selected because some modules are built with
size limitations (and not runtime checking), and --advanced_heap
was not specified.


*******************************************************************************
*** PLACEMENT SUMMARY
***

"A0":  place at 0x00000000 { ro section .intvec };
"P1":  place in [from 0x00000000 to 0x000fffff] { ro };
define block CSTACK with size = 32K, alignment = 8 { };
define block HEAP with size = 64K, alignment = 8 { };
"P2":  place in [from 0x20000000 to 0x2003ffff] {
          rw, block CSTACK, block HEAP };

  Section          Kind        Address    Size  Object
  -------          ----        -------    ----  ------
"A0":                                     0x40
  .intvec          ro code  0x00000000    0x40  vector_table_M.o [5]
                          - 0x00000040    0x40

"P1":                                   0x1690
  .text            ro code  0x00000040   0xa90  SSD2119_Display.o [1]
  .text            ro code  0x00000ad0   0x3dc  main.o [1]
  .text            ro code  0x00000eac   0x170  Lab3_Inits.o [1]
  .text            ro code  0x0000101c   0x3c4  SSD2119_Touch.o [1]
  .rodata          const    0x000013e0   0x1e0  SSD2119_Display.o [1]
  .text            ro code  0x000015c0    0x40  zero_init3.o [5]
  .text            ro code  0x00001600    0x28  data_init.o [5]
  .text            ro code  0x00001628    0x22  fpinit_M.o [4]
  .iar.init_table  const    0x0000164c    0x10  - Linker created -
  .text            ro code  0x0000165c     0x2  vector_table_M.o [5]
  .rodata          const    0x00001660    0x20  SSD2119_Display.o [1]
  .text            ro code  0x00001680    0x1a  cmain.o [5]
  .text            ro code  0x0000169a     0x4  low_level_init.o [3]
  .text            ro code  0x0000169e     0x4  exit.o [3]
  .text            ro code  0x000016a4     0xa  cexit.o [5]
  .text            ro code  0x000016b0    0x14  exit.o [6]
  .text            ro code  0x000016c4     0xc  cstartup_M.o [5]
  .rodata          const    0x000016d0     0x0  zero_init3.o [5]
                          - 0x000016d0  0x1690

"P2", part 1 of 2:                         0x8
  .bss             zero     0x20000000     0x2  SSD2119_Display.o [1]
  .bss             zero     0x20000002     0x2  SSD2119_Display.o [1]
  .bss             zero     0x20000004     0x2  SSD2119_Display.o [1]
  .bss             zero     0x20000006     0x1  main.o [1]
  .bss             zero     0x20000007     0x1  main.o [1]
                          - 0x20000008     0x8

"P2", part 2 of 2:                      0x8000
  CSTACK                    0x20000008  0x8000  <Block>
    CSTACK         uninit   0x20000008  0x8000  <Block tail>
                          - 0x20008008  0x8000


*******************************************************************************
*** INIT TABLE
***

          Address     Size
          -------     ----
Zero (__iar_zero_init3)
    1 destination range, total size 0x8:
          0x20000000   0x8



*******************************************************************************
*** MODULE SUMMARY
***

    Module             ro code  ro data  rw data
    ------             -------  -------  -------
C:\Users\fishtail\Desktop\ee474\Lab4\Task2a\Debug\Obj: [1]
    Lab3_Inits.o           368
    SSD2119_Display.o    2 704      512        6
    SSD2119_Touch.o        964
    main.o                 988                 2
    --------------------------------------------
    Total:               5 024      512        8

command line: [2]
    --------------------------------------------
    Total:

dl7M_tlf.a: [3]
    exit.o                   4
    low_level_init.o         4
    --------------------------------------------
    Total:                   8

m7M_tls.a: [4]
    fpinit_M.o              34
    --------------------------------------------
    Total:                  34

rt7M_tl.a: [5]
    cexit.o                 10
    cmain.o                 26
    cstartup_M.o            12
    data_init.o             40
    vector_table_M.o        66
    zero_init3.o            64
    --------------------------------------------
    Total:                 218

shb_l.a: [6]
    exit.o                  20
    --------------------------------------------
    Total:                  20

    Gaps                     4        4
    Linker created                   16   32 768
------------------------------------------------
    Grand Total:         5 308      532   32 776


*******************************************************************************
*** ENTRY LIST
***

Entry                      Address   Size  Type      Object
-----                      -------   ----  ----      ------
.iar.init_table$$Base   0x0000164c          --   Gb  - Linker created -
.iar.init_table$$Limit  0x0000165c          --   Gb  - Linker created -
?main                   0x00001681         Code  Gb  cmain.o [5]
ADC_Init                0x0000108b   0x96  Code  Lc  SSD2119_Touch.o [1]
ADC_Read                0x00001121   0x1e  Code  Lc  SSD2119_Touch.o [1]
ADC_SetChannel          0x0000113f   0x32  Code  Lc  SSD2119_Touch.o [1]
ASCII                   0x000013e0  0x1e0  Data  Lc  SSD2119_Display.o [1]
CSTACK$$Base            0x20000008          --   Gb  - Linker created -
CSTACK$$Limit           0x20008008          --   Gb  - Linker created -
Color4                  0x00001660   0x20  Data  Gb  SSD2119_Display.o [1]
Green_off               0x00000c95   0x18  Code  Gb  main.o [1]
Green_on                0x00000c7d   0x18  Code  Gb  main.o [1]
LCD_ColorFill           0x00000667   0x16  Code  Gb  SSD2119_Display.o [1]
LCD_DrawCircle          0x0000089d  0x11c  Code  Gb  SSD2119_Display.o [1]
LCD_DrawFilledCircle    0x000009b9  0x104  Code  Gb  SSD2119_Display.o [1]
LCD_DrawFilledRect      0x0000083d   0x60  Code  Gb  SSD2119_Display.o [1]
LCD_DrawPixel           0x00000809   0x34  Code  Gb  SSD2119_Display.o [1]
LCD_GPIOInit            0x00000041  0x16c  Code  Lc  SSD2119_Display.o [1]
LCD_Init                0x000004a5  0x1a2  Code  Gb  SSD2119_Display.o [1]
LCD_PrintChar           0x0000067d   0xd0  Code  Gb  SSD2119_Display.o [1]
LCD_PrintString         0x0000074d   0x1c  Code  Gb  SSD2119_Display.o [1]
LCD_SetCursor           0x00000769    0xe  Code  Gb  SSD2119_Display.o [1]
LCD_SetTextColor        0x00000777   0x14  Code  Gb  SSD2119_Display.o [1]
LCD_WriteCommand        0x000001ad  0x15a  Code  Lc  SSD2119_Display.o [1]
LCD_WriteData           0x00000307  0x19e  Code  Lc  SSD2119_Display.o [1]
LCD_init_traffic_light  0x00000b8f   0x8e  Code  Gb  main.o [1]
PLL_Init                0x00000ead  0x170  Code  Gb  Lab3_Inits.o [1]
Red_off                 0x00000c35   0x18  Code  Gb  main.o [1]
Red_on                  0x00000c1d   0x18  Code  Gb  main.o [1]
Region$$Table$$Base     0x0000164c          --   Gb  - Linker created -
Region$$Table$$Limit    0x0000165c          --   Gb  - Linker created -
TL_State                0x20000006    0x1  Data  Gb  main.o [1]
Touch_Init              0x0000101d   0x6e  Code  Gb  SSD2119_Touch.o [1]
Touch_ReadX             0x00001267   0xf6  Code  Gb  SSD2119_Touch.o [1]
Touch_ReadY             0x00001171   0xf6  Code  Gb  SSD2119_Touch.o [1]
Traffic_Light_System    0x00000dab   0xcc  Code  Gb  main.o [1]
Yellow_off              0x00000c65   0x18  Code  Gb  main.o [1]
Yellow_on               0x00000c4d   0x18  Code  Gb  main.o [1]
__cmain                 0x00001681         Code  Gb  cmain.o [5]
__exit                  0x000016b1   0x14  Code  Gb  exit.o [6]
__iar_data_init3        0x00001601   0x28  Code  Gb  data_init.o [5]
__iar_init_vfp          0x00001629         Code  Gb  fpinit_M.o [4]
__iar_program_start     0x000016c5         Code  Gb  cstartup_M.o [5]
__iar_systems$$module {Abs}
                        0x00000001         Data  Gb  command line/config [2]
__iar_zero_init3        0x000015c1   0x40  Code  Gb  zero_init3.o [5]
__low_level_init        0x0000169b    0x4  Code  Gb  low_level_init.o [3]
__vector_table          0x00000000         Data  Gb  vector_table_M.o [5]
_call_main              0x0000168d         Code  Gb  cmain.o [5]
_exit                   0x000016a5         Code  Gb  cexit.o [5]
_main                   0x00001697         Code  Gb  cmain.o [5]
convertColor            0x00000647   0x20  Code  Gb  SSD2119_Display.o [1]
cursorX                 0x20000000    0x2  Data  Gb  SSD2119_Display.o [1]
cursorY                 0x20000002    0x2  Data  Gb  SSD2119_Display.o [1]
exit                    0x0000169f    0x4  Code  Gb  exit.o [3]
five_seconds            0x00000d33   0x78  Code  Gb  main.o [1]
freq                    0x20000007    0x1  Data  Gb  main.o [1]
main                    0x00000ad1   0x2e  Code  Gb  main.o [1]
sw1_pressed             0x00000cad   0x2c  Code  Gb  main.o [1]
sw2_pressed             0x00000cd9   0x2c  Code  Gb  main.o [1]
system_button_pressed   0x00000d05   0x2e  Code  Gb  main.o [1]
textColor               0x20000004    0x2  Data  Gb  SSD2119_Display.o [1]
timer_initc             0x00000aff   0x90  Code  Gb  main.o [1]


[1] = C:\Users\fishtail\Desktop\ee474\Lab4\Task2a\Debug\Obj
[2] = command line
[3] = dl7M_tlf.a
[4] = m7M_tls.a
[5] = rt7M_tl.a
[6] = shb_l.a

   5 308 bytes of readonly  code memory
     532 bytes of readonly  data memory
  32 776 bytes of readwrite data memory

Errors: none
Warnings: none
