###############################################################################
#
# IAR ELF Linker V8.11.3.13950/W32 for ARM                09/Mar/2023  16:15:04
# Copyright 2007-2017 IAR Systems AB.
#
#    Output file  =  C:\first_project_474\Lab5\Debug\Exe\task1c.out
#    Map file     =  C:\first_project_474\Lab5\Debug\List\task1c.map
#    Command line =  
#        -f C:\Users\khormnic\AppData\Local\Temp\EW2B2D.tmp
#        (C:\first_project_474\Lab5\Debug\Obj\cstartup_M.o
#        C:\first_project_474\Lab5\Debug\Obj\Lab3_Inits.o
#        C:\first_project_474\Lab5\Debug\Obj\main.o
#        C:\first_project_474\Lab5\Debug\Obj\SSD2119_Display.o
#        C:\first_project_474\Lab5\Debug\Obj\SSD2119_Touch.o -o
#        C:\first_project_474\Lab5\Debug\Exe\task1c.out --redirect
#        _Printf=_PrintfFullNoMb --redirect _Scanf=_ScanfFullNoMb --map
#        C:\first_project_474\Lab5\Debug\List\task1c.map --config "C:\Program
#        Files (x86)\IAR Systems\Embedded Workbench
#        8.0\arm\config\linker\TexasInstruments\TM4C1294NC.icf" --semihosting
#        --entry __iar_program_start --vfe --text_out locale)
#
###############################################################################

*******************************************************************************
*** RUNTIME MODEL ATTRIBUTES
***

CppFlavor       = *
__Heap_Handler  = Basic
__SystemLibrary = DLib
__dlib_version  = 6


*******************************************************************************
*** HEAP SELECTION
***

The basic heap was selected because some modules are built with
size limitations (and not runtime checking), and --advanced_heap
was not specified.


*******************************************************************************
*** PLACEMENT SUMMARY
***

"A0":  place at 0x00000000 { ro section .intvec };
"P1":  place in [from 0x00000000 to 0x000fffff] { ro };
define block CSTACK with size = 32K, alignment = 8 { };
define block HEAP with size = 64K, alignment = 8 { };
"P2":  place in [from 0x20000000 to 0x2003ffff] {
          rw, block CSTACK, block HEAP };
initialize by copy { rw };

  Section            Kind        Address     Size  Object
  -------            ----        -------     ----  ------
"A0":                                       0x204
  .intvec            const    0x00000000    0x204  cstartup_M.o [1]
                            - 0x00000204    0x204

"P1":                                      0x365d
  .text              ro code  0x00000204    0xe0e  xprintffull_nomb.o [3]
  .text              ro code  0x00001012     0x7a  lz77_init_single.o [5]
  .text              ro code  0x0000108c     0x16  strchr.o [5]
  .text              ro code  0x000010a2      0xa  xsprout.o [3]
  .text              ro code  0x000010ac     0x44  xfail_s.o [3]
  .text              ro code  0x000010f0     0x36  strlen.o [5]
  .text              ro code  0x00001126      0x2  cstartup_M.o [1]
  .text              ro code  0x00001128     0x58  memchr.o [5]
  .text              ro code  0x00001180     0xee  I64DivMod.o [5]
  .text              ro code  0x0000126e      0x2  cstartup_M.o [1]
  .text              ro code  0x00001270    0x1a2  DblMul.o [4]
  .text              ro code  0x00001412      0x2  cstartup_M.o [1]
  .text              ro code  0x00001414     0x76  ABImemcpy_unaligned.o [5]
  .text              ro code  0x0000148a      0x2  cstartup_M.o [1]
  .text              ro code  0x0000148c     0x70  frexp.o [4]
  .text              ro code  0x000014fc     0x2e  DblCmpLe.o [4]
  .text              ro code  0x0000152a      0x2  cstartup_M.o [1]
  .text              ro code  0x0000152c     0x2e  DblCmpGe.o [4]
  .text              ro code  0x0000155a      0x2  cstartup_M.o [1]
  .text              ro code  0x0000155c    0x13a  ldexp.o [4]
  .text              ro code  0x00001696      0x2  cstartup_M.o [1]
  .text              ro code  0x00001698     0x3a  DblToS32.o [4]
  .text              ro code  0x000016d2      0x2  cstartup_M.o [1]
  .text              ro code  0x000016d4     0x22  S32ToDbl.o [4]
  .text              ro code  0x000016f6      0x2  cstartup_M.o [1]
  .text              ro code  0x000016f8     0xe2  DblSub.o [4]
  .text              ro code  0x000017da      0x2  cstartup_M.o [1]
  .text              ro code  0x000017dc    0x246  DblDiv.o [4]
  .text              ro code  0x00001a24     0x28  DblToU32.o [4]
  .text              ro code  0x00001a4c     0x1a  U32ToDbl.o [4]
  .text              ro code  0x00001a68      0x8  xlocale_c.o [3]
  .text              ro code  0x00001a70      0x6  abort.o [3]
  .text              ro code  0x00001a78      0x2  I64DivZer.o [5]
  .text              ro code  0x00001a7c    0x168  DblAdd.o [4]
  .text              ro code  0x00001be4     0x14  exit.o [6]
  .text              ro code  0x00001bf8     0x68  iarttio.o [6]
  .text              ro code  0x00001c60      0x8  XShttio.o [3]
  .text              ro code  0x00001c68    0xacc  SSD2119_Display.o [1]
  .text              ro code  0x00002734     0x48  FltToDbl.o [4]
  .text              ro code  0x0000277c     0x40  sprintf.o [3]
  .text              ro code  0x000027bc    0x340  Lab3_Inits.o [1]
  .text              ro code  0x00002afc    0x1e4  main.o [1]
  .text              ro code  0x00002ce0     0x68  DblToFlt.o [4]
  .text              ro code  0x00002d48     0x28  printf.o [3]
  .rodata            const    0x00002d70    0x1e0  SSD2119_Display.o [1]
  .text              ro code  0x00002f50    0x144  heap0.o [3]
  .text              ro code  0x00003094     0x2c  xgetmemchunk.o [3]
  .text              ro code  0x000030c0     0xd8  xfspos.o [3]
  .text              ro code  0x00003198     0xac  fflush.o [3]
  .text              ro code  0x00003244      0xc  xfgpos.o [3]
  .text              ro code  0x00003250     0x4c  lseek.o [6]
  .text              ro code  0x0000329c     0x10  write.o [6]
  .text              ro code  0x000032ac     0xcc  XShHandles.o [3]
  .text              ro code  0x00003378     0x1e  dwrite.o [6]
  .text              ro code  0x00003396     0x20  iarwstd.o [6]
  .text              ro code  0x000033b6     0x22  iarwrite.o [6]
  .text              ro code  0x000033d8     0xb4  xfwprep.o [3]
  .text              ro code  0x0000348c     0x24  fseek.o [3]
  .text              ro code  0x000034b0     0x7e  fclose.o [3]
  .text              ro code  0x00003530     0x7c  xfofind.o [3]
  .text              ro code  0x000035ac      0x4  heaptramp0.o [3]
  .text              ro code  0x000035b0     0x1a  close.o [6]
  .text              ro code  0x000035ca     0x16  remove.o [6]
  .text              ro code  0x000035e0     0x56  fputc.o [3]
  .text              ro code  0x00003636     0x40  zero_init3.o [5]
  .text              ro code  0x00003678     0x3c  xcloseall.o [3]
  .text              ro code  0x000036b4     0x28  data_init.o [5]
  .text              ro code  0x000036dc     0x22  fpinit_M.o [4]
  .iar.init_table    const    0x00003700     0x20  - Linker created -
  .rodata            const    0x00003720     0x20  SSD2119_Display.o [1]
  .rodata            const    0x00003740     0x1c  main.o [1]
  .text              ro code  0x0000375c     0x1a  cmain.o [5]
  .text              ro code  0x00003776      0x4  low_level_init.o [3]
  .text              ro code  0x0000377a      0x4  exit.o [3]
  .text              ro code  0x00003780      0xe  cexit.o [5]
  .text              ro code  0x0000378e     0x16  xprout.o [3]
  .text              ro code  0x000037a4      0xc  putchar.o [3]
  .rodata            const    0x000037b0     0x10  main.o [1]
  .rodata            const    0x000037c0     0x10  main.o [1]
  .text              ro code  0x000037d0     0x10  cstartup_M.o [1]
  .rodata            const    0x000037e0      0xc  main.o [1]
  .rodata            const    0x000037ec      0x8  SSD2119_Display.o [1]
  .rodata            const    0x000037f4      0x4  xlocale_c.o [3]
  .text              ro code  0x000037f8      0x0  cstart_closeall.o [5]
  .rodata            const    0x000037f8      0x0  zero_init3.o [5]
  .rodata            const    0x000037f8      0x0  lz77_init_single.o [5]
  Initializer bytes  const    0x000037f8     0x69  <for P2-1>
                            - 0x00003861   0x365d

"P2", part 1 of 3:                          0x138
  P2-1                        0x20000000    0x138  <Init block>
    .data            inited   0x20000000     0x38  xlocale_c.o [3]
    .data            inited   0x20000038     0x48  xfiles.o [3]
    .data            inited   0x20000080     0x48  xfiles.o [3]
    .data            inited   0x200000c8     0x48  xfiles.o [3]
    .data            inited   0x20000110     0x20  xfiles.o [3]
    .data            inited   0x20000130      0x8  XShttio.o [3]
                            - 0x20000138    0x138

"P2", part 2 of 3:                          0x1a0
  .bss               zero     0x20000138     0x80  XShHandles.o [3]
  .bss               zero     0x200001b8     0x64  main.o [1]
  .bss               zero     0x2000021c     0x50  xfiles.o [3]
  .bss               zero     0x2000026c     0x50  xfiles.o [3]
  .bss               zero     0x200002bc      0x8  heap0.o [3]
  .bss               zero     0x200002c4      0x4  main.o [1]
  .bss               zero     0x200002c8      0x4  xfail_s.o [3]
  .bss               zero     0x200002cc      0x4  xgetmemchunk.o [3]
  .bss               zero     0x200002d0      0x2  SSD2119_Display.o [1]
  .bss               zero     0x200002d2      0x2  SSD2119_Display.o [1]
  .bss               zero     0x200002d4      0x2  SSD2119_Display.o [1]
  .bss               zero     0x200002d6      0x1  main.o [1]
  .bss               zero     0x200002d7      0x1  main.o [1]
                            - 0x200002d8    0x1a0

"P2", part 3 of 3:                        0x18000
  CSTACK                      0x200002d8   0x8000  <Block>
    CSTACK           uninit   0x200002d8   0x8000  <Block tail>
  HEAP                        0x200082d8  0x10000  <Block>
    HEAP             uninit   0x200082d8  0x10000  <Block tail>
                            - 0x200182d8  0x18000


*******************************************************************************
*** INIT TABLE
***

          Address     Size
          -------     ----
Zero (__iar_zero_init3)
    1 destination range, total size 0x1a0:
          0x20000138  0x1a0

Copy/lz77 (__iar_lz77_init_single3)
    1 source range, total size 0x69 (33% of destination):
          0x000037f8   0x69
    1 destination range, total size 0x138:
          0x20000000  0x138



*******************************************************************************
*** MODULE SUMMARY
***

    Module                 ro code  ro data  rw data
    ------                 -------  -------  -------
C:\first_project_474\Lab5\Debug\Obj: [1]
    Lab3_Inits.o               832
    SSD2119_Display.o        2 764      520        6
    cstartup_M.o                36      516
    main.o                     484       72      106
    ------------------------------------------------
    Total:                   4 116    1 108      112

command line: [2]
    ------------------------------------------------
    Total:

dl7M_tlf.a: [3]
    XShHandles.o               204               128
    XShttio.o                    8        3        8
    abort.o                      6
    exit.o                       4
    fclose.o                   126
    fflush.o                   172
    fputc.o                     86
    fseek.o                     36
    heap0.o                    324                 8
    heaptramp0.o                 4
    low_level_init.o             4
    printf.o                    40
    putchar.o                   12
    sprintf.o                   64
    xcloseall.o                 60
    xfail_s.o                   68                 4
    xfgpos.o                    12
    xfiles.o                             84      408
    xfofind.o                  124
    xfspos.o                   216
    xfwprep.o                  180
    xgetmemchunk.o              44                 4
    xlocale_c.o                  8       22       56
    xprintffull_nomb.o       3 598
    xprout.o                    22
    xsprout.o                   10
    ------------------------------------------------
    Total:                   5 432      109      616

m7M_tls.a: [4]
    DblAdd.o                   360
    DblCmpGe.o                  46
    DblCmpLe.o                  46
    DblDiv.o                   582
    DblMul.o                   418
    DblSub.o                   226
    DblToFlt.o                 104
    DblToS32.o                  58
    DblToU32.o                  40
    FltToDbl.o                  72
    S32ToDbl.o                  34
    U32ToDbl.o                  26
    fpinit_M.o                  34
    frexp.o                    112
    ldexp.o                    314
    ------------------------------------------------
    Total:                   2 472

rt7M_tl.a: [5]
    ABImemcpy_unaligned.o      118
    I64DivMod.o                238
    I64DivZer.o                  2
    cexit.o                     14
    cmain.o                     26
    cstart_closeall.o
    data_init.o                 40
    lz77_init_single.o         122
    memchr.o                    88
    strchr.o                    22
    strlen.o                    54
    zero_init3.o                64
    ------------------------------------------------
    Total:                     788

shb_l.a: [6]
    close.o                     26
    dwrite.o                    30
    exit.o                      20
    iarttio.o                  104
    iarwrite.o                  34
    iarwstd.o                   32
    lseek.o                     76
    remove.o                    22
    write.o                     16
    ------------------------------------------------
    Total:                     360

    Gaps                        14        2
    Linker created                       32   98 304
----------------------------------------------------
    Grand Total:            13 182    1 251   99 032


*******************************************************************************
*** ENTRY LIST
***

Entry                      Address   Size  Type      Object
-----                      -------   ----  ----      ------
.iar.init_table$$Base   0x00003700          --   Gb  - Linker created -
.iar.init_table$$Limit  0x00003720          --   Gb  - Linker created -
?main                   0x0000375d         Code  Gb  cmain.o [5]
ASCII                   0x00002d70  0x1e0  Data  Lc  SSD2119_Display.o [1]
Aldata                  0x200002bc    0x8  Data  Lc  heap0.o [3]
CSTACK$$Base            0x200002d8          --   Gb  - Linker created -
CSTACK$$Limit           0x200082d8          --   Gb  - Linker created -
Color4                  0x00003720   0x20  Data  Gb  SSD2119_Display.o [1]
HEAP$$Base              0x200082d8          --   Gb  - Linker created -
HEAP$$Limit             0x200182d8          --   Gb  - Linker created -
LCD_ColorFill           0x0000228f   0x16  Code  Gb  SSD2119_Display.o [1]
LCD_DrawFilledRect      0x000026bd   0x60  Code  Gb  SSD2119_Display.o [1]
LCD_DrawPixel           0x00002689   0x34  Code  Gb  SSD2119_Display.o [1]
LCD_GPIOInit            0x00001c69  0x16c  Code  Lc  SSD2119_Display.o [1]
LCD_Init                0x000020cd  0x1a2  Code  Gb  SSD2119_Display.o [1]
LCD_PrintBinary         0x00002551   0x8c  Code  Gb  SSD2119_Display.o [1]
LCD_PrintChar           0x000022a5   0xd0  Code  Gb  SSD2119_Display.o [1]
LCD_PrintFloat          0x000025dd   0x1e  Code  Gb  SSD2119_Display.o [1]
LCD_PrintHex            0x000024e1   0x70  Code  Gb  SSD2119_Display.o [1]
LCD_PrintInteger        0x00002481   0x60  Code  Gb  SSD2119_Display.o [1]
LCD_PrintString         0x00002375   0x1c  Code  Gb  SSD2119_Display.o [1]
LCD_Printf              0x000023b3   0xce  Code  Gb  SSD2119_Display.o [1]
LCD_SetCursor           0x00002391    0xe  Code  Gb  SSD2119_Display.o [1]
LCD_SetTextColor        0x0000239f   0x14  Code  Gb  SSD2119_Display.o [1]
LCD_WriteCommand        0x00001dd5  0x15a  Code  Lc  SSD2119_Display.o [1]
LCD_WriteData           0x00001f2f  0x19e  Code  Lc  SSD2119_Display.o [1]
LoadInt                 0x000003a3   0x7a  Code  Lc  xprintffull_nomb.o [3]
Measure_distance        0x00002ba7   0x6e  Code  Gb  main.o [1]
PLL_Init                0x000027bd  0x150  Code  Gb  Lab3_Inits.o [1]
PortB_Handler           0x00002c15   0x30  Code  Gb  main.o [1]
PortE_Init              0x0000299f   0xda  Code  Gb  Lab3_Inits.o [1]
Region$$Table$$Base     0x00003700          --   Gb  - Linker created -
Region$$Table$$Limit    0x00003720          --   Gb  - Linker created -
Timer0_Handler          0x00002c45   0x1c  Code  Gb  main.o [1]
Timer_Init              0x0000290d   0x92  Code  Gb  Lab3_Inits.o [1]
_Close_all              0x00003679   0x3c  Code  Gb  xcloseall.o [3]
_Files                  0x20000110   0x20  Data  Gb  xfiles.o [3]
_Fofree                 0x00003531   0x78  Code  Gb  xfofind.o [3]
_Fspos                  0x000030c1   0xd8  Code  Gb  xfspos.o [3]
_Fwprep                 0x000033d9   0xb4  Code  Gb  xfwprep.o [3]
_GenldFullNoMb          0x00000d07  0x27e  Code  Lc  xprintffull_nomb.o [3]
_LdtobFullNoMb          0x000008eb  0x3f0  Code  Lc  xprintffull_nomb.o [3]
_LitobFullNoMb          0x0000078f  0x116  Code  Lc  xprintffull_nomb.o [3]
_Locale_lconv           0x20000000   0x38  Data  Lc  xlocale_c.o [3]
_Nnl                    0x00003245    0xc  Code  Gb  xfgpos.o [3]
_PrintfFullNoMb         0x00000205  0x190  Code  Gb  xprintffull_nomb.o [3]
_Prout                  0x0000378f   0x16  Code  Gb  xprout.o [3]
_PutcharsFullNoMb       0x00000f85   0x2e  Code  Lc  xprintffull_nomb.o [3]
_PutfldFullNoMb         0x0000041d  0x264  Code  Lc  xprintffull_nomb.o [3]
_PuttxtFullNoMb         0x00000681  0x10e  Code  Lc  xprintffull_nomb.o [3]
_SProut                 0x000010a3    0xa  Code  Gb  xsprout.o [3]
__aeabi_cdcmple         0x000014fd         Code  Gb  DblCmpLe.o [4]
__aeabi_cdrcmple        0x0000152d         Code  Gb  DblCmpGe.o [4]
__aeabi_d2f             0x00002ce1         Code  Gb  DblToFlt.o [4]
__aeabi_d2iz            0x00001699         Code  Gb  DblToS32.o [4]
__aeabi_d2uiz           0x00001a25         Code  Gb  DblToU32.o [4]
__aeabi_ddiv            0x000017dd         Code  Gb  DblDiv.o [4]
__aeabi_dmul            0x00001271         Code  Gb  DblMul.o [4]
__aeabi_dsub            0x000016f9         Code  Gb  DblSub.o [4]
__aeabi_f2d             0x00002735         Code  Gb  FltToDbl.o [4]
__aeabi_i2d             0x000016d5         Code  Gb  S32ToDbl.o [4]
__aeabi_ldiv0           0x00001a79         Code  Gb  I64DivZer.o [5]
__aeabi_ui2d            0x00001a4d         Code  Gb  U32ToDbl.o [4]
__aeabi_uldivmod        0x00001181         Code  Gb  I64DivMod.o [5]
__basic_free            0x00002fff   0x16  Code  Gb  heap0.o [3]
__basic_free_intern     0x00003015   0x7a  Code  Lc  heap0.o [3]
__basic_malloc          0x00002f51   0x18  Code  Gb  heap0.o [3]
__basic_malloc_intern   0x00002f69   0x96  Code  Lc  heap0.o [3]
__cexit_closeall        0x00003783         Code  Gb  cexit.o [5]
__close                 0x000035b1   0x1a  Code  Gb  close.o [6]
__cmain                 0x0000375d         Code  Gb  cmain.o [5]
__cstart_closeall       0x000037f8         Data  Gb  cstart_closeall.o [5]
__data_GetMemChunk      0x00003095   0x2c  Code  Gb  xgetmemchunk.o [3]
__data_GetMemChunk::start
                        0x200002cc    0x4  Data  Lc  xgetmemchunk.o [3]
__dwrite                0x00003379   0x1e  Code  Gb  dwrite.o [6]
__exit                  0x00001be5   0x14  Code  Gb  exit.o [6]
__iar_Fail_s            0x000010ad   0x1e  Code  Gb  xfail_s.o [3]
__iar_Memchr            0x00001129         Code  Gb  memchr.o [5]
__iar_Stderr            0x200000c8   0x48  Data  Gb  xfiles.o [3]
__iar_Stdin             0x20000038   0x48  Data  Gb  xfiles.o [3]
__iar_Stdout            0x20000080   0x48  Data  Gb  xfiles.o [3]
__iar_Strchr            0x0000108d         Code  Gb  strchr.o [5]
__iar_close_ttio        0x00001bf9   0x2c  Code  Gb  iarttio.o [6]
__iar_dadd              0x00001709         Code  Gb  DblSub.o [4]
__iar_data_init3        0x000036b5   0x28  Code  Gb  data_init.o [5]
__iar_dsub              0x00001a7d         Code  Gb  DblAdd.o [4]
__iar_dsubStart         0x00001a8f         Code  Gb  DblAdd.o [4]
__iar_frexp             0x00001499         Code  Gb  frexp.o [4]
__iar_frexpl            0x00001499         Code  Gb  frexp.o [4]
__iar_get_ttio          0x00001c25   0x38  Code  Gb  iarttio.o [6]
__iar_init_vfp          0x000036dd         Code  Gb  fpinit_M.o [4]
__iar_ldexp64           0x0000155d         Code  Gb  ldexp.o [4]
__iar_lookup_ttioh      0x00001c61    0x8  Code  Gb  XShttio.o [3]
__iar_lz77_init_single3
                        0x00001013   0x7a  Code  Gb  lz77_init_single.o [5]
__iar_program_start     0x000037d1   0x10  Code  Gb  cstartup_M.o [1]
__iar_scalbln64         0x0000155d         Code  Gb  ldexp.o [4]
__iar_scalbn64          0x0000155d         Code  Gb  ldexp.o [4]
__iar_sh_Discard        0x000032ad   0x42  Code  Gb  XShHandles.o [3]
__iar_sh_Move           0x000032ef   0x46  Code  Gb  XShHandles.o [3]
__iar_sh_Pos            0x00003335   0x3e  Code  Gb  XShHandles.o [3]
__iar_sh_stdout         0x00003397   0x20  Code  Gb  iarwstd.o [6]
__iar_sh_write          0x000033b7   0x22  Code  Gb  iarwrite.o [6]
__iar_softfp___iar_frexp64
                        0x0000148d         Code  Gb  frexp.o [4]
__iar_softfp_frexp      0x0000148d         Code  Gb  frexp.o [4]
__iar_softfp_frexpl     0x0000148d         Code  Gb  frexp.o [4]
__iar_systems$$module {Abs}
                        0x00000001         Data  Gb  command line/config [2]
__iar_ttio_handles      0x20000130    0x8  Data  Lc  XShttio.o [3]
__iar_unaligned_memcpy  0x00001415         Code  Gb  ABImemcpy_unaligned.o [5]
__iar_unaligned_memcpy4
                        0x00001435         Code  Gb  ABImemcpy_unaligned.o [5]
__iar_unaligned_memcpy8
                        0x00001435         Code  Gb  ABImemcpy_unaligned.o [5]
__iar_zero_init3        0x00003637   0x40  Code  Gb  zero_init3.o [5]
__low_level_init        0x00003777    0x4  Code  Gb  low_level_init.o [3]
__lseek                 0x00003251   0x4c  Code  Gb  lseek.o [6]
__vector_table          0x00000000  0x204  Data  Gb  cstartup_M.o [1]
__write                 0x0000329d   0x10  Code  Gb  write.o [6]
_call_main              0x00003769         Code  Gb  cmain.o [5]
_exit                   0x00003781         Code  Gb  cexit.o [5]
_main                   0x00003773         Code  Gb  cmain.o [5]
abort                   0x00001a71    0x6  Code  Gb  abort.o [3]
convertColor            0x0000226f   0x20  Code  Gb  SSD2119_Display.o [1]
count                   0x200002c4    0x4  Data  Gb  main.o [1]
cursorX                 0x200002d0    0x2  Data  Gb  SSD2119_Display.o [1]
cursorY                 0x200002d2    0x2  Data  Gb  SSD2119_Display.o [1]
ebuf                    0x2000021c   0x50  Data  Lc  xfiles.o [3]
exit                    0x0000377b    0x4  Code  Gb  exit.o [3]
fclose                  0x000034b1   0x7e  Code  Gb  fclose.o [3]
fflush                  0x0000320d   0x34  Code  Gb  fflush.o [3]
fflushOne               0x00003199   0x74  Code  Lc  fflush.o [3]
fputc                   0x000035e1   0x56  Code  Gb  fputc.o [3]
free                    0x000035ad    0x4  Code  Gb  heaptramp0.o [3]
freq                    0x200002d6    0x1  Data  Gb  main.o [1]
fseek                   0x0000348d   0x24  Code  Gb  fseek.o [3]
ldexp                   0x0000155d         Code  Gb  ldexp.o [4]
ldexpl                  0x0000155d         Code  Gb  ldexp.o [4]
length                  0x200001b8   0x64  Data  Gb  main.o [1]
localeconv              0x00001a69    0x4  Code  Gb  xlocale_c.o [3]
main                    0x00002afd   0xaa  Code  Gb  main.o [1]
memchr                  0x00001129         Code  Gb  memchr.o [5]
notdone                 0x200002d7    0x1  Data  Gb  main.o [1]
obuf                    0x2000026c   0x50  Data  Lc  xfiles.o [3]
printf                  0x00002d49   0x28  Code  Gb  printf.o [3]
putchar                 0x000037a5    0xc  Code  Gb  putchar.o [3]
remove                  0x000035cb   0x16  Code  Gb  remove.o [6]
sFileInfo               0x20000138   0x80  Data  Lc  XShHandles.o [3]
scalbln                 0x0000155d         Code  Gb  ldexp.o [4]
scalblnl                0x0000155d         Code  Gb  ldexp.o [4]
scalbn                  0x0000155d         Code  Gb  ldexp.o [4]
scalbnl                 0x0000155d         Code  Gb  ldexp.o [4]
scale                   0x000008a5   0x46  Code  Lc  xprintffull_nomb.o [3]
sec_hand                0x200002c8    0x4  Data  Lc  xfail_s.o [3]
sprintf                 0x0000277d   0x40  Code  Gb  sprintf.o [3]
strchr                  0x0000108d         Code  Gb  strchr.o [5]
strlen                  0x000010f1         Code  Gb  strlen.o [5]
ten_ms_delay            0x00002c61   0x28  Code  Gb  main.o [1]
textColor               0x200002d4    0x2  Data  Gb  SSD2119_Display.o [1]


[1] = C:\first_project_474\Lab5\Debug\Obj
[2] = command line
[3] = dl7M_tlf.a
[4] = m7M_tls.a
[5] = rt7M_tl.a
[6] = shb_l.a

  13 182 bytes of readonly  code memory
   1 251 bytes of readonly  data memory
  99 032 bytes of readwrite data memory

Errors: none
Warnings: none
