###############################################################################
#
# IAR ELF Linker V8.11.3.13950/W32 for ARM                07/Mar/2023  17:57:07
# Copyright 2007-2017 IAR Systems AB.
#
#    Output file  =  C:\first_project_474\Lab5\Debug\Exe\task1c.out
#    Map file     =  C:\first_project_474\Lab5\Debug\List\task1c.map
#    Command line =  
#        -f C:\Users\khormnic\AppData\Local\Temp\EWCD61.tmp
#        (C:\first_project_474\Lab5\Debug\Obj\Lab3_Inits.o
#        C:\first_project_474\Lab5\Debug\Obj\main.o
#        C:\first_project_474\Lab5\Debug\Obj\SSD2119_Display.o
#        C:\first_project_474\Lab5\Debug\Obj\SSD2119_Touch.o -o
#        C:\first_project_474\Lab5\Debug\Exe\task1c.out --redirect
#        _Printf=_PrintfFullNoMb --redirect _Scanf=_ScanfFullNoMb --map
#        C:\first_project_474\Lab5\Debug\List\task1c.map --config "C:\Program
#        Files (x86)\IAR Systems\Embedded Workbench
#        8.0\arm\config\linker\TexasInstruments\TM4C1294NC.icf" --semihosting
#        --entry __iar_program_start --vfe --text_out locale)
#
###############################################################################

*******************************************************************************
*** RUNTIME MODEL ATTRIBUTES
***

CppFlavor       = *
__Heap_Handler  = Basic
__SystemLibrary = DLib
__dlib_version  = 6


*******************************************************************************
*** HEAP SELECTION
***

The basic heap was selected because some modules are built with
size limitations (and not runtime checking), and --advanced_heap
was not specified.


*******************************************************************************
*** PLACEMENT SUMMARY
***

"A0":  place at 0x00000000 { ro section .intvec };
"P1":  place in [from 0x00000000 to 0x000fffff] { ro };
define block CSTACK with size = 32K, alignment = 8 { };
define block HEAP with size = 64K, alignment = 8 { };
"P2":  place in [from 0x20000000 to 0x2003ffff] {
          rw, block CSTACK, block HEAP };
initialize by copy { rw };

  Section            Kind        Address     Size  Object
  -------            ----        -------     ----  ------
"A0":                                        0x40
  .intvec            ro code  0x00000000     0x40  vector_table_M.o [5]
                            - 0x00000040     0x40

"P1":                                      0x359d
  .text              ro code  0x00000040    0xe0e  xprintffull_nomb.o [3]
  .text              ro code  0x00000e4e     0x7a  lz77_init_single.o [5]
  .text              ro code  0x00000ec8     0x16  strchr.o [5]
  .text              ro code  0x00000ede      0xa  xsprout.o [3]
  .text              ro code  0x00000ee8     0x44  xfail_s.o [3]
  .text              ro code  0x00000f2c     0x36  strlen.o [5]
  .text              ro code  0x00000f62      0x2  vector_table_M.o [5]
  .text              ro code  0x00000f64     0x58  memchr.o [5]
  .text              ro code  0x00000fbc     0xee  I64DivMod.o [5]
  .text              ro code  0x000010ac    0x1a2  DblMul.o [4]
  .text              ro code  0x00001250     0x76  ABImemcpy_unaligned.o [5]
  .text              ro code  0x000012c8     0x70  frexp.o [4]
  .text              ro code  0x00001338     0x2e  DblCmpLe.o [4]
  .text              ro code  0x00001368     0x2e  DblCmpGe.o [4]
  .text              ro code  0x00001398    0x13a  ldexp.o [4]
  .text              ro code  0x000014d4     0x3a  DblToS32.o [4]
  .text              ro code  0x00001510     0x22  S32ToDbl.o [4]
  .text              ro code  0x00001534     0xe2  DblSub.o [4]
  .text              ro code  0x00001618    0x246  DblDiv.o [4]
  .text              ro code  0x00001860     0x28  DblToU32.o [4]
  .text              ro code  0x00001888     0x1a  U32ToDbl.o [4]
  .text              ro code  0x000018a4      0x8  xlocale_c.o [3]
  .text              ro code  0x000018ac      0x6  abort.o [3]
  .text              ro code  0x000018b4      0x2  I64DivZer.o [5]
  .text              ro code  0x000018b8    0x168  DblAdd.o [4]
  .text              ro code  0x00001a20     0x14  exit.o [6]
  .text              ro code  0x00001a34     0x68  iarttio.o [6]
  .text              ro code  0x00001a9c      0x8  XShttio.o [3]
  .text              ro code  0x00001aa4    0xacc  SSD2119_Display.o [1]
  .text              ro code  0x00002570     0x48  FltToDbl.o [4]
  .text              ro code  0x000025b8     0x40  sprintf.o [3]
  .text              ro code  0x000025f8    0x2c8  Lab3_Inits.o [1]
  .rodata            const    0x000028c0    0x1e0  SSD2119_Display.o [1]
  .text              ro code  0x00002aa0    0x1a0  main.o [1]
  .text              ro code  0x00002c40     0x68  DblToFlt.o [4]
  .text              ro code  0x00002ca8     0x28  printf.o [3]
  .text              ro code  0x00002cd0    0x144  heap0.o [3]
  .text              ro code  0x00002e14     0x2c  xgetmemchunk.o [3]
  .text              ro code  0x00002e40     0xd8  xfspos.o [3]
  .text              ro code  0x00002f18     0xac  fflush.o [3]
  .text              ro code  0x00002fc4      0xc  xfgpos.o [3]
  .text              ro code  0x00002fd0     0x4c  lseek.o [6]
  .text              ro code  0x0000301c     0x10  write.o [6]
  .text              ro code  0x0000302c     0xcc  XShHandles.o [3]
  .text              ro code  0x000030f8     0x1e  dwrite.o [6]
  .text              ro code  0x00003116     0x20  iarwstd.o [6]
  .text              ro code  0x00003136     0x22  iarwrite.o [6]
  .text              ro code  0x00003158     0xb4  xfwprep.o [3]
  .text              ro code  0x0000320c     0x24  fseek.o [3]
  .text              ro code  0x00003230     0x7e  fclose.o [3]
  .text              ro code  0x000032b0     0x7c  xfofind.o [3]
  .text              ro code  0x0000332c      0x4  heaptramp0.o [3]
  .text              ro code  0x00003330     0x1a  close.o [6]
  .text              ro code  0x0000334a     0x16  remove.o [6]
  .text              ro code  0x00003360     0x56  fputc.o [3]
  .text              ro code  0x000033b6     0x40  zero_init3.o [5]
  .text              ro code  0x000033f8     0x3c  xcloseall.o [3]
  .text              ro code  0x00003434     0x28  data_init.o [5]
  .text              ro code  0x0000345c     0x22  fpinit_M.o [4]
  .iar.init_table    const    0x00003480     0x20  - Linker created -
  .rodata            const    0x000034a0     0x20  SSD2119_Display.o [1]
  .rodata            const    0x000034c0     0x1c  main.o [1]
  .text              ro code  0x000034dc     0x1a  cmain.o [5]
  .text              ro code  0x000034f6      0x4  low_level_init.o [3]
  .text              ro code  0x000034fa      0x4  exit.o [3]
  .text              ro code  0x00003500      0xe  cexit.o [5]
  .text              ro code  0x0000350e     0x16  xprout.o [3]
  .text              ro code  0x00003524      0xc  putchar.o [3]
  .rodata            const    0x00003530     0x10  main.o [1]
  .rodata            const    0x00003540     0x10  main.o [1]
  .rodata            const    0x00003550      0xc  main.o [1]
  .text              ro code  0x0000355c      0xc  cstartup_M.o [5]
  .rodata            const    0x00003568      0x8  SSD2119_Display.o [1]
  .rodata            const    0x00003570      0x4  xlocale_c.o [3]
  .text              ro code  0x00003574      0x0  cstart_closeall.o [5]
  .rodata            const    0x00003574      0x0  zero_init3.o [5]
  .rodata            const    0x00003574      0x0  lz77_init_single.o [5]
  Initializer bytes  const    0x00003574     0x69  <for P2-1>
                            - 0x000035dd   0x359d

"P2", part 1 of 3:                          0x138
  P2-1                        0x20000000    0x138  <Init block>
    .data            inited   0x20000000     0x38  xlocale_c.o [3]
    .data            inited   0x20000038     0x48  xfiles.o [3]
    .data            inited   0x20000080     0x48  xfiles.o [3]
    .data            inited   0x200000c8     0x48  xfiles.o [3]
    .data            inited   0x20000110     0x20  xfiles.o [3]
    .data            inited   0x20000130      0x8  XShttio.o [3]
                            - 0x20000138    0x138

"P2", part 2 of 3:                          0x19c
  .bss               zero     0x20000138     0x80  XShHandles.o [3]
  .bss               zero     0x200001b8     0x64  main.o [1]
  .bss               zero     0x2000021c     0x50  xfiles.o [3]
  .bss               zero     0x2000026c     0x50  xfiles.o [3]
  .bss               zero     0x200002bc      0x8  heap0.o [3]
  .bss               zero     0x200002c4      0x4  xfail_s.o [3]
  .bss               zero     0x200002c8      0x4  xgetmemchunk.o [3]
  .bss               zero     0x200002cc      0x2  SSD2119_Display.o [1]
  .bss               zero     0x200002ce      0x2  SSD2119_Display.o [1]
  .bss               zero     0x200002d0      0x2  SSD2119_Display.o [1]
  .bss               zero     0x200002d2      0x1  main.o [1]
                            - 0x200002d3    0x19b

"P2", part 3 of 3:                        0x18000
  CSTACK                      0x200002d8   0x8000  <Block>
    CSTACK           uninit   0x200002d8   0x8000  <Block tail>
  HEAP                        0x200082d8  0x10000  <Block>
    HEAP             uninit   0x200082d8  0x10000  <Block tail>
                            - 0x200182d8  0x18000


*******************************************************************************
*** INIT TABLE
***

          Address     Size
          -------     ----
Zero (__iar_zero_init3)
    1 destination range, total size 0x19b:
          0x20000138  0x19b

Copy/lz77 (__iar_lz77_init_single3)
    1 source range, total size 0x69 (33% of destination):
          0x00003574   0x69
    1 destination range, total size 0x138:
          0x20000000  0x138



*******************************************************************************
*** MODULE SUMMARY
***

    Module                 ro code  ro data  rw data
    ------                 -------  -------  -------
C:\first_project_474\Lab5\Debug\Obj: [1]
    Lab3_Inits.o               712
    SSD2119_Display.o        2 764      520        6
    main.o                     416       72      101
    ------------------------------------------------
    Total:                   3 892      592      107

command line: [2]
    ------------------------------------------------
    Total:

dl7M_tlf.a: [3]
    XShHandles.o               204               128
    XShttio.o                    8        3        8
    abort.o                      6
    exit.o                       4
    fclose.o                   126
    fflush.o                   172
    fputc.o                     86
    fseek.o                     36
    heap0.o                    324                 8
    heaptramp0.o                 4
    low_level_init.o             4
    printf.o                    40
    putchar.o                   12
    sprintf.o                   64
    xcloseall.o                 60
    xfail_s.o                   68                 4
    xfgpos.o                    12
    xfiles.o                             84      408
    xfofind.o                  124
    xfspos.o                   216
    xfwprep.o                  180
    xgetmemchunk.o              44                 4
    xlocale_c.o                  8       22       56
    xprintffull_nomb.o       3 598
    xprout.o                    22
    xsprout.o                   10
    ------------------------------------------------
    Total:                   5 432      109      616

m7M_tls.a: [4]
    DblAdd.o                   360
    DblCmpGe.o                  46
    DblCmpLe.o                  46
    DblDiv.o                   582
    DblMul.o                   418
    DblSub.o                   226
    DblToFlt.o                 104
    DblToS32.o                  58
    DblToU32.o                  40
    FltToDbl.o                  72
    S32ToDbl.o                  34
    U32ToDbl.o                  26
    fpinit_M.o                  34
    frexp.o                    112
    ldexp.o                    314
    ------------------------------------------------
    Total:                   2 472

rt7M_tl.a: [5]
    ABImemcpy_unaligned.o      118
    I64DivMod.o                238
    I64DivZer.o                  2
    cexit.o                     14
    cmain.o                     26
    cstart_closeall.o
    cstartup_M.o                12
    data_init.o                 40
    lz77_init_single.o         122
    memchr.o                    88
    strchr.o                    22
    strlen.o                    54
    vector_table_M.o            66
    zero_init3.o                64
    ------------------------------------------------
    Total:                     866

shb_l.a: [6]
    close.o                     26
    dwrite.o                    30
    exit.o                      20
    iarttio.o                  104
    iarwrite.o                  34
    iarwstd.o                   32
    lseek.o                     76
    remove.o                    22
    write.o                     16
    ------------------------------------------------
    Total:                     360

    Gaps                        32        2
    Linker created                       32   98 304
----------------------------------------------------
    Grand Total:            13 054      735   99 027


*******************************************************************************
*** ENTRY LIST
***

Entry                      Address   Size  Type      Object
-----                      -------   ----  ----      ------
.iar.init_table$$Base   0x00003480          --   Gb  - Linker created -
.iar.init_table$$Limit  0x000034a0          --   Gb  - Linker created -
?main                   0x000034dd         Code  Gb  cmain.o [5]
ASCII                   0x000028c0  0x1e0  Data  Lc  SSD2119_Display.o [1]
Aldata                  0x200002bc    0x8  Data  Lc  heap0.o [3]
CSTACK$$Base            0x200002d8          --   Gb  - Linker created -
CSTACK$$Limit           0x200082d8          --   Gb  - Linker created -
Color4                  0x000034a0   0x20  Data  Gb  SSD2119_Display.o [1]
HEAP$$Base              0x200082d8          --   Gb  - Linker created -
HEAP$$Limit             0x200182d8          --   Gb  - Linker created -
LCD_ColorFill           0x000020cb   0x16  Code  Gb  SSD2119_Display.o [1]
LCD_DrawFilledRect      0x000024f9   0x60  Code  Gb  SSD2119_Display.o [1]
LCD_DrawPixel           0x000024c5   0x34  Code  Gb  SSD2119_Display.o [1]
LCD_GPIOInit            0x00001aa5  0x16c  Code  Lc  SSD2119_Display.o [1]
LCD_Init                0x00001f09  0x1a2  Code  Gb  SSD2119_Display.o [1]
LCD_PrintBinary         0x0000238d   0x8c  Code  Gb  SSD2119_Display.o [1]
LCD_PrintChar           0x000020e1   0xd0  Code  Gb  SSD2119_Display.o [1]
LCD_PrintFloat          0x00002419   0x1e  Code  Gb  SSD2119_Display.o [1]
LCD_PrintHex            0x0000231d   0x70  Code  Gb  SSD2119_Display.o [1]
LCD_PrintInteger        0x000022bd   0x60  Code  Gb  SSD2119_Display.o [1]
LCD_PrintString         0x000021b1   0x1c  Code  Gb  SSD2119_Display.o [1]
LCD_Printf              0x000021ef   0xce  Code  Gb  SSD2119_Display.o [1]
LCD_SetCursor           0x000021cd    0xe  Code  Gb  SSD2119_Display.o [1]
LCD_SetTextColor        0x000021db   0x14  Code  Gb  SSD2119_Display.o [1]
LCD_WriteCommand        0x00001c11  0x15a  Code  Lc  SSD2119_Display.o [1]
LCD_WriteData           0x00001d6b  0x19e  Code  Lc  SSD2119_Display.o [1]
LoadInt                 0x000001df   0x7a  Code  Lc  xprintffull_nomb.o [3]
Measure_distance        0x00002b4f   0x7a  Code  Gb  main.o [1]
PLL_Init                0x000025f9  0x150  Code  Gb  Lab3_Inits.o [1]
PortE_Init              0x000027cd   0x8c  Code  Gb  Lab3_Inits.o [1]
Region$$Table$$Base     0x00003480          --   Gb  - Linker created -
Region$$Table$$Limit    0x000034a0          --   Gb  - Linker created -
Timer_Init              0x00002749   0x84  Code  Gb  Lab3_Inits.o [1]
_Close_all              0x000033f9   0x3c  Code  Gb  xcloseall.o [3]
_Files                  0x20000110   0x20  Data  Gb  xfiles.o [3]
_Fofree                 0x000032b1   0x78  Code  Gb  xfofind.o [3]
_Fspos                  0x00002e41   0xd8  Code  Gb  xfspos.o [3]
_Fwprep                 0x00003159   0xb4  Code  Gb  xfwprep.o [3]
_GenldFullNoMb          0x00000b43  0x27e  Code  Lc  xprintffull_nomb.o [3]
_LdtobFullNoMb          0x00000727  0x3f0  Code  Lc  xprintffull_nomb.o [3]
_LitobFullNoMb          0x000005cb  0x116  Code  Lc  xprintffull_nomb.o [3]
_Locale_lconv           0x20000000   0x38  Data  Lc  xlocale_c.o [3]
_Nnl                    0x00002fc5    0xc  Code  Gb  xfgpos.o [3]
_PrintfFullNoMb         0x00000041  0x190  Code  Gb  xprintffull_nomb.o [3]
_Prout                  0x0000350f   0x16  Code  Gb  xprout.o [3]
_PutcharsFullNoMb       0x00000dc1   0x2e  Code  Lc  xprintffull_nomb.o [3]
_PutfldFullNoMb         0x00000259  0x264  Code  Lc  xprintffull_nomb.o [3]
_PuttxtFullNoMb         0x000004bd  0x10e  Code  Lc  xprintffull_nomb.o [3]
_SProut                 0x00000edf    0xa  Code  Gb  xsprout.o [3]
__aeabi_cdcmple         0x00001339         Code  Gb  DblCmpLe.o [4]
__aeabi_cdrcmple        0x00001369         Code  Gb  DblCmpGe.o [4]
__aeabi_d2f             0x00002c41         Code  Gb  DblToFlt.o [4]
__aeabi_d2iz            0x000014d5         Code  Gb  DblToS32.o [4]
__aeabi_d2uiz           0x00001861         Code  Gb  DblToU32.o [4]
__aeabi_ddiv            0x00001619         Code  Gb  DblDiv.o [4]
__aeabi_dmul            0x000010ad         Code  Gb  DblMul.o [4]
__aeabi_dsub            0x00001535         Code  Gb  DblSub.o [4]
__aeabi_f2d             0x00002571         Code  Gb  FltToDbl.o [4]
__aeabi_i2d             0x00001511         Code  Gb  S32ToDbl.o [4]
__aeabi_ldiv0           0x000018b5         Code  Gb  I64DivZer.o [5]
__aeabi_ui2d            0x00001889         Code  Gb  U32ToDbl.o [4]
__aeabi_uldivmod        0x00000fbd         Code  Gb  I64DivMod.o [5]
__basic_free            0x00002d7f   0x16  Code  Gb  heap0.o [3]
__basic_free_intern     0x00002d95   0x7a  Code  Lc  heap0.o [3]
__basic_malloc          0x00002cd1   0x18  Code  Gb  heap0.o [3]
__basic_malloc_intern   0x00002ce9   0x96  Code  Lc  heap0.o [3]
__cexit_closeall        0x00003503         Code  Gb  cexit.o [5]
__close                 0x00003331   0x1a  Code  Gb  close.o [6]
__cmain                 0x000034dd         Code  Gb  cmain.o [5]
__cstart_closeall       0x00003574         Data  Gb  cstart_closeall.o [5]
__data_GetMemChunk      0x00002e15   0x2c  Code  Gb  xgetmemchunk.o [3]
__data_GetMemChunk::start
                        0x200002c8    0x4  Data  Lc  xgetmemchunk.o [3]
__dwrite                0x000030f9   0x1e  Code  Gb  dwrite.o [6]
__exit                  0x00001a21   0x14  Code  Gb  exit.o [6]
__iar_Fail_s            0x00000ee9   0x1e  Code  Gb  xfail_s.o [3]
__iar_Memchr            0x00000f65         Code  Gb  memchr.o [5]
__iar_Stderr            0x200000c8   0x48  Data  Gb  xfiles.o [3]
__iar_Stdin             0x20000038   0x48  Data  Gb  xfiles.o [3]
__iar_Stdout            0x20000080   0x48  Data  Gb  xfiles.o [3]
__iar_Strchr            0x00000ec9         Code  Gb  strchr.o [5]
__iar_close_ttio        0x00001a35   0x2c  Code  Gb  iarttio.o [6]
__iar_dadd              0x00001545         Code  Gb  DblSub.o [4]
__iar_data_init3        0x00003435   0x28  Code  Gb  data_init.o [5]
__iar_dsub              0x000018b9         Code  Gb  DblAdd.o [4]
__iar_dsubStart         0x000018cb         Code  Gb  DblAdd.o [4]
__iar_frexp             0x000012d5         Code  Gb  frexp.o [4]
__iar_frexpl            0x000012d5         Code  Gb  frexp.o [4]
__iar_get_ttio          0x00001a61   0x38  Code  Gb  iarttio.o [6]
__iar_init_vfp          0x0000345d         Code  Gb  fpinit_M.o [4]
__iar_ldexp64           0x00001399         Code  Gb  ldexp.o [4]
__iar_lookup_ttioh      0x00001a9d    0x8  Code  Gb  XShttio.o [3]
__iar_lz77_init_single3
                        0x00000e4f   0x7a  Code  Gb  lz77_init_single.o [5]
__iar_program_start     0x0000355d         Code  Gb  cstartup_M.o [5]
__iar_scalbln64         0x00001399         Code  Gb  ldexp.o [4]
__iar_scalbn64          0x00001399         Code  Gb  ldexp.o [4]
__iar_sh_Discard        0x0000302d   0x42  Code  Gb  XShHandles.o [3]
__iar_sh_Move           0x0000306f   0x46  Code  Gb  XShHandles.o [3]
__iar_sh_Pos            0x000030b5   0x3e  Code  Gb  XShHandles.o [3]
__iar_sh_stdout         0x00003117   0x20  Code  Gb  iarwstd.o [6]
__iar_sh_write          0x00003137   0x22  Code  Gb  iarwrite.o [6]
__iar_softfp___iar_frexp64
                        0x000012c9         Code  Gb  frexp.o [4]
__iar_softfp_frexp      0x000012c9         Code  Gb  frexp.o [4]
__iar_softfp_frexpl     0x000012c9         Code  Gb  frexp.o [4]
__iar_systems$$module {Abs}
                        0x00000001         Data  Gb  command line/config [2]
__iar_ttio_handles      0x20000130    0x8  Data  Lc  XShttio.o [3]
__iar_unaligned_memcpy  0x00001251         Code  Gb  ABImemcpy_unaligned.o [5]
__iar_unaligned_memcpy4
                        0x00001271         Code  Gb  ABImemcpy_unaligned.o [5]
__iar_unaligned_memcpy8
                        0x00001271         Code  Gb  ABImemcpy_unaligned.o [5]
__iar_zero_init3        0x000033b7   0x40  Code  Gb  zero_init3.o [5]
__low_level_init        0x000034f7    0x4  Code  Gb  low_level_init.o [3]
__lseek                 0x00002fd1   0x4c  Code  Gb  lseek.o [6]
__vector_table          0x00000000         Data  Gb  vector_table_M.o [5]
__write                 0x0000301d   0x10  Code  Gb  write.o [6]
_call_main              0x000034e9         Code  Gb  cmain.o [5]
_exit                   0x00003501         Code  Gb  cexit.o [5]
_main                   0x000034f3         Code  Gb  cmain.o [5]
abort                   0x000018ad    0x6  Code  Gb  abort.o [3]
convertColor            0x000020ab   0x20  Code  Gb  SSD2119_Display.o [1]
cursorX                 0x200002cc    0x2  Data  Gb  SSD2119_Display.o [1]
cursorY                 0x200002ce    0x2  Data  Gb  SSD2119_Display.o [1]
ebuf                    0x2000021c   0x50  Data  Lc  xfiles.o [3]
exit                    0x000034fb    0x4  Code  Gb  exit.o [3]
fclose                  0x00003231   0x7e  Code  Gb  fclose.o [3]
fflush                  0x00002f8d   0x34  Code  Gb  fflush.o [3]
fflushOne               0x00002f19   0x74  Code  Lc  fflush.o [3]
fputc                   0x00003361   0x56  Code  Gb  fputc.o [3]
free                    0x0000332d    0x4  Code  Gb  heaptramp0.o [3]
freq                    0x200002d2    0x1  Data  Gb  main.o [1]
fseek                   0x0000320d   0x24  Code  Gb  fseek.o [3]
ldexp                   0x00001399         Code  Gb  ldexp.o [4]
ldexpl                  0x00001399         Code  Gb  ldexp.o [4]
length                  0x200001b8   0x64  Data  Gb  main.o [1]
localeconv              0x000018a5    0x4  Code  Gb  xlocale_c.o [3]
main                    0x00002aa1   0xae  Code  Gb  main.o [1]
memchr                  0x00000f65         Code  Gb  memchr.o [5]
obuf                    0x2000026c   0x50  Data  Lc  xfiles.o [3]
printf                  0x00002ca9   0x28  Code  Gb  printf.o [3]
putchar                 0x00003525    0xc  Code  Gb  putchar.o [3]
remove                  0x0000334b   0x16  Code  Gb  remove.o [6]
sFileInfo               0x20000138   0x80  Data  Lc  XShHandles.o [3]
scalbln                 0x00001399         Code  Gb  ldexp.o [4]
scalblnl                0x00001399         Code  Gb  ldexp.o [4]
scalbn                  0x00001399         Code  Gb  ldexp.o [4]
scalbnl                 0x00001399         Code  Gb  ldexp.o [4]
scale                   0x000006e1   0x46  Code  Lc  xprintffull_nomb.o [3]
sec_hand                0x200002c4    0x4  Data  Lc  xfail_s.o [3]
sprintf                 0x000025b9   0x40  Code  Gb  sprintf.o [3]
strchr                  0x00000ec9         Code  Gb  strchr.o [5]
strlen                  0x00000f2d         Code  Gb  strlen.o [5]
ten_ms_delay            0x00002bc9   0x28  Code  Gb  main.o [1]
textColor               0x200002d0    0x2  Data  Gb  SSD2119_Display.o [1]


[1] = C:\first_project_474\Lab5\Debug\Obj
[2] = command line
[3] = dl7M_tlf.a
[4] = m7M_tls.a
[5] = rt7M_tl.a
[6] = shb_l.a

  13 054 bytes of readonly  code memory
     735 bytes of readonly  data memory
  99 027 bytes of readwrite data memory

Errors: none
Warnings: none
