###############################################################################
#
# IAR ELF Linker V8.11.3.13950/W32 for ARM                05/Mar/2023  17:32:08
# Copyright 2007-2017 IAR Systems AB.
#
#    Output file  =  C:\first_project_474\Lab5\Debug\Exe\task1c.out
#    Map file     =  C:\first_project_474\Lab5\Debug\List\task1c.map
#    Command line =  
#        -f C:\Users\khormnic\AppData\Local\Temp\EW84ED.tmp
#        (C:\first_project_474\Lab5\Debug\Obj\Lab3_Inits.o
#        C:\first_project_474\Lab5\Debug\Obj\main.o
#        C:\first_project_474\Lab5\Debug\Obj\SSD2119_Display.o
#        C:\first_project_474\Lab5\Debug\Obj\SSD2119_Touch.o -o
#        C:\first_project_474\Lab5\Debug\Exe\task1c.out --redirect
#        _Printf=_PrintfFullNoMb --redirect _Scanf=_ScanfFullNoMb --map
#        C:\first_project_474\Lab5\Debug\List\task1c.map --config "C:\Program
#        Files (x86)\IAR Systems\Embedded Workbench
#        8.0\arm\config\linker\TexasInstruments\TM4C1294NC.icf" --semihosting
#        --entry __iar_program_start --vfe --text_out locale)
#
###############################################################################

*******************************************************************************
*** RUNTIME MODEL ATTRIBUTES
***

CppFlavor       = *
__SystemLibrary = DLib
__dlib_version  = 6


*******************************************************************************
*** HEAP SELECTION
***

The basic heap was selected because some modules are built with
size limitations (and not runtime checking), and --advanced_heap
was not specified.


*******************************************************************************
*** PLACEMENT SUMMARY
***

"A0":  place at 0x00000000 { ro section .intvec };
"P1":  place in [from 0x00000000 to 0x000fffff] { ro };
define block CSTACK with size = 32K, alignment = 8 { };
define block HEAP with size = 64K, alignment = 8 { };
"P2":  place in [from 0x20000000 to 0x2003ffff] {
          rw, block CSTACK, block HEAP };
initialize by copy { rw };

  Section            Kind        Address    Size  Object
  -------            ----        -------    ----  ------
"A0":                                       0x40
  .intvec            ro code  0x00000000    0x40  vector_table_M.o [5]
                            - 0x00000040    0x40

"P1":                                     0x2ccc
  .text              ro code  0x00000040   0xe0e  xprintffull_nomb.o [3]
  .text              ro code  0x00000e4e     0xa  xsprout.o [3]
  .text              ro code  0x00000e58    0x16  strchr.o [5]
  .text              ro code  0x00000e6e     0x2  vector_table_M.o [5]
  .text              ro code  0x00000e70    0x44  xfail_s.o [3]
  .text              ro code  0x00000eb4    0x36  strlen.o [5]
  .text              ro code  0x00000eec    0x58  memchr.o [5]
  .text              ro code  0x00000f44    0xee  I64DivMod.o [5]
  .text              ro code  0x00001034   0x1a2  DblMul.o [4]
  .text              ro code  0x000011d8    0x76  ABImemcpy_unaligned.o [5]
  .text              ro code  0x00001250    0x70  frexp.o [4]
  .text              ro code  0x000012c0    0x2e  DblCmpLe.o [4]
  .text              ro code  0x000012f0    0x2e  DblCmpGe.o [4]
  .text              ro code  0x00001320   0x13a  ldexp.o [4]
  .text              ro code  0x0000145c    0x3a  DblToS32.o [4]
  .text              ro code  0x00001498    0x22  S32ToDbl.o [4]
  .text              ro code  0x000014bc    0xe2  DblSub.o [4]
  .text              ro code  0x000015a0   0x246  DblDiv.o [4]
  .text              ro code  0x000017e8    0x28  DblToU32.o [4]
  .text              ro code  0x00001810    0x1a  U32ToDbl.o [4]
  .text              ro code  0x0000182c     0x8  xlocale_c.o [3]
  .text              ro code  0x00001834     0x6  abort.o [3]
  .text              ro code  0x0000183c     0x2  I64DivZer.o [5]
  .text              ro code  0x00001840   0x168  DblAdd.o [4]
  .text              ro code  0x000019a8    0x14  exit.o [6]
  .text              ro code  0x000019bc   0xacc  SSD2119_Display.o [1]
  .text              ro code  0x00002488    0x48  FltToDbl.o [4]
  .text              ro code  0x000024d0    0x40  sprintf.o [3]
  .text              ro code  0x00002510   0x2c4  Lab3_Inits.o [1]
  .rodata            const    0x000027d4   0x1e0  SSD2119_Display.o [1]
  .text              ro code  0x000029b4   0x158  main.o [1]
  .text              ro code  0x00002b0c    0x68  DblToFlt.o [4]
  .text              ro code  0x00002b74    0x40  zero_init3.o [5]
  Initializer bytes  const    0x00002bb4    0x38  <for P2-1>
  .text              ro code  0x00002bec    0x2c  copy_init3.o [5]
  .text              ro code  0x00002c18    0x28  data_init.o [5]
  .text              ro code  0x00002c40    0x22  fpinit_M.o [4]
  .iar.init_table    const    0x00002c64    0x24  - Linker created -
  .rodata            const    0x00002c88    0x20  SSD2119_Display.o [1]
  .rodata            const    0x00002ca8    0x1c  main.o [1]
  .text              ro code  0x00002cc4    0x1a  cmain.o [5]
  .text              ro code  0x00002cde     0x4  low_level_init.o [3]
  .text              ro code  0x00002ce2     0x4  exit.o [3]
  .text              ro code  0x00002ce8     0xa  cexit.o [5]
  .text              ro code  0x00002cf2     0xc  cstartup_M.o [5]
  .rodata            const    0x00002d00     0x8  SSD2119_Display.o [1]
  .rodata            const    0x00002d08     0x4  xlocale_c.o [3]
  .rodata            const    0x00002d0c     0x0  zero_init3.o [5]
  .rodata            const    0x00002d0c     0x0  copy_init3.o [5]
                            - 0x00002d0c  0x2ccc

"P2", part 1 of 3:                          0x38
  P2-1                        0x20000000    0x38  <Init block>
    .data            inited   0x20000000    0x38  xlocale_c.o [3]
                            - 0x20000038    0x38

"P2", part 2 of 3:                          0x70
  .bss               zero     0x20000038    0x64  main.o [1]
  .bss               zero     0x2000009c     0x4  xfail_s.o [3]
  .bss               zero     0x200000a0     0x2  SSD2119_Display.o [1]
  .bss               zero     0x200000a2     0x2  SSD2119_Display.o [1]
  .bss               zero     0x200000a4     0x2  SSD2119_Display.o [1]
  .bss               zero     0x200000a6     0x1  main.o [1]
                            - 0x200000a7    0x6f

"P2", part 3 of 3:                        0x8000
  CSTACK                      0x200000a8  0x8000  <Block>
    CSTACK           uninit   0x200000a8  0x8000  <Block tail>
                            - 0x200080a8  0x8000


*******************************************************************************
*** INIT TABLE
***

          Address     Size
          -------     ----
Zero (__iar_zero_init3)
    1 destination range, total size 0x6f:
          0x20000038  0x6f

Copy (__iar_copy_init3)
    1 source range, total size 0x38:
          0x00002bb4  0x38
    1 destination range, total size 0x38:
          0x20000000  0x38



*******************************************************************************
*** MODULE SUMMARY
***

    Module                 ro code  ro data  rw data
    ------                 -------  -------  -------
C:\first_project_474\Lab5\Debug\Obj: [1]
    Lab3_Inits.o               708
    SSD2119_Display.o        2 764      520        6
    main.o                     344       28      101
    ------------------------------------------------
    Total:                   3 816      548      107

command line: [2]
    ------------------------------------------------
    Total:

dl7M_tlf.a: [3]
    abort.o                      6
    exit.o                       4
    low_level_init.o             4
    sprintf.o                   64
    xfail_s.o                   68                 4
    xlocale_c.o                  8       60       56
    xprintffull_nomb.o       3 598
    xsprout.o                   10
    ------------------------------------------------
    Total:                   3 762       60       60

m7M_tls.a: [4]
    DblAdd.o                   360
    DblCmpGe.o                  46
    DblCmpLe.o                  46
    DblDiv.o                   582
    DblMul.o                   418
    DblSub.o                   226
    DblToFlt.o                 104
    DblToS32.o                  58
    DblToU32.o                  40
    FltToDbl.o                  72
    S32ToDbl.o                  34
    U32ToDbl.o                  26
    fpinit_M.o                  34
    frexp.o                    112
    ldexp.o                    314
    ------------------------------------------------
    Total:                   2 472

rt7M_tl.a: [5]
    ABImemcpy_unaligned.o      118
    I64DivMod.o                238
    I64DivZer.o                  2
    cexit.o                     10
    cmain.o                     26
    copy_init3.o                44
    cstartup_M.o                12
    data_init.o                 40
    memchr.o                    88
    strchr.o                    22
    strlen.o                    54
    vector_table_M.o            66
    zero_init3.o                64
    ------------------------------------------------
    Total:                     784

shb_l.a: [6]
    exit.o                      20
    ------------------------------------------------
    Total:                      20

    Gaps                        30        4
    Linker created                       36   32 768
----------------------------------------------------
    Grand Total:            10 884      648   32 935


*******************************************************************************
*** ENTRY LIST
***

Entry                      Address   Size  Type      Object
-----                      -------   ----  ----      ------
.iar.init_table$$Base   0x00002c64          --   Gb  - Linker created -
.iar.init_table$$Limit  0x00002c88          --   Gb  - Linker created -
?main                   0x00002cc5         Code  Gb  cmain.o [5]
ASCII                   0x000027d4  0x1e0  Data  Lc  SSD2119_Display.o [1]
CSTACK$$Base            0x200000a8          --   Gb  - Linker created -
CSTACK$$Limit           0x200080a8          --   Gb  - Linker created -
Color4                  0x00002c88   0x20  Data  Gb  SSD2119_Display.o [1]
LCD_ColorFill           0x00001fe3   0x16  Code  Gb  SSD2119_Display.o [1]
LCD_DrawFilledRect      0x00002411   0x60  Code  Gb  SSD2119_Display.o [1]
LCD_DrawPixel           0x000023dd   0x34  Code  Gb  SSD2119_Display.o [1]
LCD_GPIOInit            0x000019bd  0x16c  Code  Lc  SSD2119_Display.o [1]
LCD_Init                0x00001e21  0x1a2  Code  Gb  SSD2119_Display.o [1]
LCD_PrintBinary         0x000022a5   0x8c  Code  Gb  SSD2119_Display.o [1]
LCD_PrintChar           0x00001ff9   0xd0  Code  Gb  SSD2119_Display.o [1]
LCD_PrintFloat          0x00002331   0x1e  Code  Gb  SSD2119_Display.o [1]
LCD_PrintHex            0x00002235   0x70  Code  Gb  SSD2119_Display.o [1]
LCD_PrintInteger        0x000021d5   0x60  Code  Gb  SSD2119_Display.o [1]
LCD_PrintString         0x000020c9   0x1c  Code  Gb  SSD2119_Display.o [1]
LCD_Printf              0x00002107   0xce  Code  Gb  SSD2119_Display.o [1]
LCD_SetCursor           0x000020e5    0xe  Code  Gb  SSD2119_Display.o [1]
LCD_SetTextColor        0x000020f3   0x14  Code  Gb  SSD2119_Display.o [1]
LCD_WriteCommand        0x00001b29  0x15a  Code  Lc  SSD2119_Display.o [1]
LCD_WriteData           0x00001c83  0x19e  Code  Lc  SSD2119_Display.o [1]
LoadInt                 0x000001df   0x7a  Code  Lc  xprintffull_nomb.o [3]
Measure_distance        0x00002a3f   0x58  Code  Gb  main.o [1]
PLL_Init                0x00002511  0x150  Code  Gb  Lab3_Inits.o [1]
PortE_Init              0x000026f3   0x8c  Code  Gb  Lab3_Inits.o [1]
Region$$Table$$Base     0x00002c64          --   Gb  - Linker created -
Region$$Table$$Limit    0x00002c88          --   Gb  - Linker created -
Timer_Init              0x00002661   0x92  Code  Gb  Lab3_Inits.o [1]
_GenldFullNoMb          0x00000b43  0x27e  Code  Lc  xprintffull_nomb.o [3]
_LdtobFullNoMb          0x00000727  0x3f0  Code  Lc  xprintffull_nomb.o [3]
_LitobFullNoMb          0x000005cb  0x116  Code  Lc  xprintffull_nomb.o [3]
_Locale_lconv           0x20000000   0x38  Data  Lc  xlocale_c.o [3]
_PrintfFullNoMb         0x00000041  0x190  Code  Gb  xprintffull_nomb.o [3]
_PutcharsFullNoMb       0x00000dc1   0x2e  Code  Lc  xprintffull_nomb.o [3]
_PutfldFullNoMb         0x00000259  0x264  Code  Lc  xprintffull_nomb.o [3]
_PuttxtFullNoMb         0x000004bd  0x10e  Code  Lc  xprintffull_nomb.o [3]
_SProut                 0x00000e4f    0xa  Code  Gb  xsprout.o [3]
__aeabi_cdcmple         0x000012c1         Code  Gb  DblCmpLe.o [4]
__aeabi_cdrcmple        0x000012f1         Code  Gb  DblCmpGe.o [4]
__aeabi_d2f             0x00002b0d         Code  Gb  DblToFlt.o [4]
__aeabi_d2iz            0x0000145d         Code  Gb  DblToS32.o [4]
__aeabi_d2uiz           0x000017e9         Code  Gb  DblToU32.o [4]
__aeabi_ddiv            0x000015a1         Code  Gb  DblDiv.o [4]
__aeabi_dmul            0x00001035         Code  Gb  DblMul.o [4]
__aeabi_dsub            0x000014bd         Code  Gb  DblSub.o [4]
__aeabi_f2d             0x00002489         Code  Gb  FltToDbl.o [4]
__aeabi_i2d             0x00001499         Code  Gb  S32ToDbl.o [4]
__aeabi_ldiv0           0x0000183d         Code  Gb  I64DivZer.o [5]
__aeabi_ui2d            0x00001811         Code  Gb  U32ToDbl.o [4]
__aeabi_uldivmod        0x00000f45         Code  Gb  I64DivMod.o [5]
__cmain                 0x00002cc5         Code  Gb  cmain.o [5]
__exit                  0x000019a9   0x14  Code  Gb  exit.o [6]
__iar_Fail_s            0x00000e71   0x1e  Code  Gb  xfail_s.o [3]
__iar_Memchr            0x00000eed         Code  Gb  memchr.o [5]
__iar_Strchr            0x00000e59         Code  Gb  strchr.o [5]
__iar_copy_init3        0x00002bed   0x2c  Code  Gb  copy_init3.o [5]
__iar_dadd              0x000014cd         Code  Gb  DblSub.o [4]
__iar_data_init3        0x00002c19   0x28  Code  Gb  data_init.o [5]
__iar_dsub              0x00001841         Code  Gb  DblAdd.o [4]
__iar_dsubStart         0x00001853         Code  Gb  DblAdd.o [4]
__iar_frexp             0x0000125d         Code  Gb  frexp.o [4]
__iar_frexpl            0x0000125d         Code  Gb  frexp.o [4]
__iar_init_vfp          0x00002c41         Code  Gb  fpinit_M.o [4]
__iar_ldexp64           0x00001321         Code  Gb  ldexp.o [4]
__iar_program_start     0x00002cf3         Code  Gb  cstartup_M.o [5]
__iar_scalbln64         0x00001321         Code  Gb  ldexp.o [4]
__iar_scalbn64          0x00001321         Code  Gb  ldexp.o [4]
__iar_softfp___iar_frexp64
                        0x00001251         Code  Gb  frexp.o [4]
__iar_softfp_frexp      0x00001251         Code  Gb  frexp.o [4]
__iar_softfp_frexpl     0x00001251         Code  Gb  frexp.o [4]
__iar_systems$$module {Abs}
                        0x00000001         Data  Gb  command line/config [2]
__iar_unaligned_memcpy  0x000011d9         Code  Gb  ABImemcpy_unaligned.o [5]
__iar_unaligned_memcpy4
                        0x000011f9         Code  Gb  ABImemcpy_unaligned.o [5]
__iar_unaligned_memcpy8
                        0x000011f9         Code  Gb  ABImemcpy_unaligned.o [5]
__iar_zero_init3        0x00002b75   0x40  Code  Gb  zero_init3.o [5]
__low_level_init        0x00002cdf    0x4  Code  Gb  low_level_init.o [3]
__vector_table          0x00000000         Data  Gb  vector_table_M.o [5]
_call_main              0x00002cd1         Code  Gb  cmain.o [5]
_exit                   0x00002ce9         Code  Gb  cexit.o [5]
_main                   0x00002cdb         Code  Gb  cmain.o [5]
abort                   0x00001835    0x6  Code  Gb  abort.o [3]
convertColor            0x00001fc3   0x20  Code  Gb  SSD2119_Display.o [1]
cursorX                 0x200000a0    0x2  Data  Gb  SSD2119_Display.o [1]
cursorY                 0x200000a2    0x2  Data  Gb  SSD2119_Display.o [1]
exit                    0x00002ce3    0x4  Code  Gb  exit.o [3]
freq                    0x200000a6    0x1  Data  Gb  main.o [1]
ldexp                   0x00001321         Code  Gb  ldexp.o [4]
ldexpl                  0x00001321         Code  Gb  ldexp.o [4]
length                  0x20000038   0x64  Data  Gb  main.o [1]
localeconv              0x0000182d    0x4  Code  Gb  xlocale_c.o [3]
main                    0x000029b5   0x8a  Code  Gb  main.o [1]
memchr                  0x00000eed         Code  Gb  memchr.o [5]
scalbln                 0x00001321         Code  Gb  ldexp.o [4]
scalblnl                0x00001321         Code  Gb  ldexp.o [4]
scalbn                  0x00001321         Code  Gb  ldexp.o [4]
scalbnl                 0x00001321         Code  Gb  ldexp.o [4]
scale                   0x000006e1   0x46  Code  Lc  xprintffull_nomb.o [3]
sec_hand                0x2000009c    0x4  Data  Lc  xfail_s.o [3]
sprintf                 0x000024d1   0x40  Code  Gb  sprintf.o [3]
strchr                  0x00000e59         Code  Gb  strchr.o [5]
strlen                  0x00000eb5         Code  Gb  strlen.o [5]
ten_ms_delay            0x00002a97   0x38  Code  Gb  main.o [1]
textColor               0x200000a4    0x2  Data  Gb  SSD2119_Display.o [1]


[1] = C:\first_project_474\Lab5\Debug\Obj
[2] = command line
[3] = dl7M_tlf.a
[4] = m7M_tls.a
[5] = rt7M_tl.a
[6] = shb_l.a

  10 884 bytes of readonly  code memory
     648 bytes of readonly  data memory
  32 935 bytes of readwrite data memory

Errors: none
Warnings: none
