###############################################################################
#
# IAR ELF Linker V8.11.3.13950/W32 for ARM                30/Jan/2023  13:57:08
# Copyright 2007-2017 IAR Systems AB.
#
#    Output file  =  C:\first_project_474\Lab 2\Task 2a\Debug\Exe\task2a.out
#    Map file     =  C:\first_project_474\Lab 2\Task 2a\Debug\List\task2a.map
#    Command line =  
#        -f C:\Users\khormnic\AppData\Local\Temp\EW56C6.tmp
#        ("C:\first_project_474\Lab 2\Task 2a\Debug\Obj\cstartup_M.o"
#        "C:\first_project_474\Lab 2\Task 2a\Debug\Obj\main.o" -o
#        "C:\first_project_474\Lab 2\Task 2a\Debug\Exe\task2a.out" --redirect
#        _Printf=_PrintfFullNoMb --redirect _Scanf=_ScanfFullNoMb --map
#        "C:\first_project_474\Lab 2\Task 2a\Debug\List\task2a.map" --config
#        "C:\Program Files (x86)\IAR Systems\Embedded Workbench
#        8.0\arm\config\linker\TexasInstruments\TM4C1294NC.icf" --semihosting
#        --entry __iar_program_start --vfe --text_out locale)
#
###############################################################################

*******************************************************************************
*** RUNTIME MODEL ATTRIBUTES
***

CppFlavor       = *
__SystemLibrary = DLib
__dlib_version  = 6


*******************************************************************************
*** HEAP SELECTION
***

The basic heap was selected because some modules are built with
size limitations (and not runtime checking), and --advanced_heap
was not specified.


*******************************************************************************
*** PLACEMENT SUMMARY
***

"A0":  place at 0x00000000 { ro section .intvec };
"P1":  place in [from 0x00000000 to 0x000fffff] { ro };
define block CSTACK with size = 32K, alignment = 8 { };
define block HEAP with size = 64K, alignment = 8 { };
"P2":  place in [from 0x20000000 to 0x2003ffff] {
          rw, block CSTACK, block HEAP };

  Section          Kind        Address    Size  Object
  -------          ----        -------    ----  ------
"A0":                                     0x90
  .intvec          const    0x00000000    0x90  cstartup_M.o [1]
                          - 0x00000090    0x90

"P1":                                    0x2d0
  .text            ro code  0x00000090   0x1d0  main.o [1]
  .text            ro code  0x00000260    0x40  zero_init3.o [5]
  .text            ro code  0x000002a0    0x28  data_init.o [5]
  .text            ro code  0x000002c8    0x22  fpinit_M.o [4]
  .iar.init_table  const    0x000002ec    0x10  - Linker created -
  .text            ro code  0x000002fc     0x2  cstartup_M.o [1]
  .text            ro code  0x00000300    0x1a  cmain.o [5]
  .text            ro code  0x0000031a     0x4  low_level_init.o [3]
  .text            ro code  0x0000031e     0x4  exit.o [3]
  .text            ro code  0x00000322     0x2  cstartup_M.o [1]
  .text            ro code  0x00000324     0xa  cexit.o [5]
  .text            ro code  0x0000032e     0x2  cstartup_M.o [1]
  .text            ro code  0x00000330    0x14  exit.o [6]
  .text            ro code  0x00000344    0x10  cstartup_M.o [1]
  .text            ro code  0x00000354     0x2  cstartup_M.o [1]
  .text            ro code  0x00000356     0x2  cstartup_M.o [1]
  .text            ro code  0x00000358     0x2  cstartup_M.o [1]
  .text            ro code  0x0000035a     0x2  cstartup_M.o [1]
  .text            ro code  0x0000035c     0x2  cstartup_M.o [1]
  .text            ro code  0x0000035e     0x2  cstartup_M.o [1]
  .rodata          const    0x00000360     0x0  zero_init3.o [5]
                          - 0x00000360   0x2d0

"P2", part 1 of 2:                         0x4
  .bss             zero     0x20000000     0x4  main.o [1]
                          - 0x20000004     0x4

"P2", part 2 of 2:                      0x8000
  CSTACK                    0x20000008  0x8000  <Block>
    CSTACK         uninit   0x20000008  0x8000  <Block tail>
                          - 0x20008008  0x8000


*******************************************************************************
*** INIT TABLE
***

          Address     Size
          -------     ----
Zero (__iar_zero_init3)
    1 destination range, total size 0x4:
          0x20000000   0x4



*******************************************************************************
*** MODULE SUMMARY
***

    Module            ro code  ro data  rw data
    ------            -------  -------  -------
C:\first_project_474\Lab 2\Task 2a\Debug\Obj: [1]
    cstartup_M.o           34      144
    main.o                464                 4
    -------------------------------------------
    Total:                498      144        4

command line: [2]
    -------------------------------------------
    Total:

dl7M_tln.a: [3]
    exit.o                  4
    low_level_init.o        4
    -------------------------------------------
    Total:                  8

m7M_tls.a: [4]
    fpinit_M.o             34
    -------------------------------------------
    Total:                 34

rt7M_tl.a: [5]
    cexit.o                10
    cmain.o                26
    data_init.o            40
    zero_init3.o           64
    -------------------------------------------
    Total:                140

shb_l.a: [6]
    exit.o                 20
    -------------------------------------------
    Total:                 20

    Gaps                    2        2
    Linker created                  16   32 768
-----------------------------------------------
    Grand Total:          702      162   32 772


*******************************************************************************
*** ENTRY LIST
***

Entry                      Address  Size  Type      Object
-----                      -------  ----  ----      ------
.iar.init_table$$Base   0x000002ec         --   Gb  - Linker created -
.iar.init_table$$Limit  0x000002fc         --   Gb  - Linker created -
?main                   0x00000301        Code  Gb  cmain.o [5]
CSTACK$$Base            0x20000008         --   Gb  - Linker created -
CSTACK$$Limit           0x20008008         --   Gb  - Linker created -
Region$$Table$$Base     0x000002ec         --   Gb  - Linker created -
Region$$Table$$Limit    0x000002fc         --   Gb  - Linker created -
Timer0A_Handler         0x00000147  0xd6  Code  Gb  main.o [1]
__cmain                 0x00000301        Code  Gb  cmain.o [5]
__exit                  0x00000331  0x14  Code  Gb  exit.o [6]
__iar_data_init3        0x000002a1  0x28  Code  Gb  data_init.o [5]
__iar_init_vfp          0x000002c9        Code  Gb  fpinit_M.o [4]
__iar_program_start     0x00000345  0x10  Code  Gb  cstartup_M.o [1]
__iar_systems$$module {Abs}
                        0x00000001        Data  Gb  command line/config [2]
__iar_zero_init3        0x00000261  0x40  Code  Gb  zero_init3.o [5]
__low_level_init        0x0000031b   0x4  Code  Gb  low_level_init.o [3]
__vector_table          0x00000000  0x90  Data  Gb  cstartup_M.o [1]
_call_main              0x0000030d        Code  Gb  cmain.o [5]
_exit                   0x00000325        Code  Gb  cexit.o [5]
_main                   0x00000317        Code  Gb  cmain.o [5]
counter                 0x20000000   0x4  Data  Gb  main.o [1]
exit                    0x0000031f   0x4  Code  Gb  exit.o [3]
lights                  0x000000ff  0x48  Code  Gb  main.o [1]
main                    0x00000091   0xc  Code  Gb  main.o [1]
timer_initc             0x0000009d  0x62  Code  Gb  main.o [1]


[1] = C:\first_project_474\Lab 2\Task 2a\Debug\Obj
[2] = command line
[3] = dl7M_tln.a
[4] = m7M_tls.a
[5] = rt7M_tl.a
[6] = shb_l.a

     702 bytes of readonly  code memory
     162 bytes of readonly  data memory
  32 772 bytes of readwrite data memory

Errors: none
Warnings: none
