###############################################################################
#
# IAR ELF Linker V8.11.3.13950/W32 for ARM                01/Feb/2023  00:59:47
# Copyright 2007-2017 IAR Systems AB.
#
#    Output file  =  
#        C:\Users\fishtail\Desktop\ee474\Lab 2\Task2c\Debug\Exe\task2c.out
#    Map file     =  
#        C:\Users\fishtail\Desktop\ee474\Lab 2\Task2c\Debug\List\task2c.map
#    Command line =  
#        -f C:\Users\fishtail\AppData\Local\Temp\EWC3B7.tmp
#        ("C:\Users\fishtail\Desktop\ee474\Lab 2\Task2c\Debug\Obj\c_startup.o"
#        "C:\Users\fishtail\Desktop\ee474\Lab 2\Task2c\Debug\Obj\main.o" -o
#        "C:\Users\fishtail\Desktop\ee474\Lab 2\Task2c\Debug\Exe\task2c.out"
#        --redirect _Printf=_PrintfFullNoMb --redirect _Scanf=_ScanfFullNoMb
#        --map "C:\Users\fishtail\Desktop\ee474\Lab
#        2\Task2c\Debug\List\task2c.map" --config "C:\Program Files (x86)\IAR
#        Systems\Embedded Workbench
#        8.0\arm\config\linker\TexasInstruments\TM4C1294NC.icf" --semihosting
#        --entry __iar_program_start --vfe --text_out locale)
#
###############################################################################

*******************************************************************************
*** RUNTIME MODEL ATTRIBUTES
***

CppFlavor       = *
__SystemLibrary = DLib
__dlib_version  = 6


*******************************************************************************
*** HEAP SELECTION
***

The basic heap was selected because some modules are built with
size limitations (and not runtime checking), and --advanced_heap
was not specified.


*******************************************************************************
*** PLACEMENT SUMMARY
***

"A0":  place at 0x00000000 { ro section .intvec };
"P1":  place in [from 0x00000000 to 0x000fffff] { ro };
define block CSTACK with size = 32K, alignment = 8 { };
define block HEAP with size = 64K, alignment = 8 { };
"P2":  place in [from 0x20000000 to 0x2003ffff] {
          rw, block CSTACK, block HEAP };

  Section          Kind        Address    Size  Object
  -------          ----        -------    ----  ------
"A0":                                     0x90
  .intvec          const    0x00000000    0x90  c_startup.o [1]
                          - 0x00000090    0x90

"P1":                                    0x514
  .text            ro code  0x00000090   0x414  main.o [1]
  .text            ro code  0x000004a4    0x40  zero_init3.o [5]
  .text            ro code  0x000004e4    0x28  data_init.o [5]
  .text            ro code  0x0000050c    0x22  fpinit_M.o [4]
  .iar.init_table  const    0x00000530    0x10  - Linker created -
  .text            ro code  0x00000540     0x2  c_startup.o [1]
  .text            ro code  0x00000544    0x1a  cmain.o [5]
  .text            ro code  0x0000055e     0x4  low_level_init.o [3]
  .text            ro code  0x00000562     0x4  exit.o [3]
  .text            ro code  0x00000566     0x2  c_startup.o [1]
  .text            ro code  0x00000568     0xa  cexit.o [5]
  .text            ro code  0x00000572     0x2  c_startup.o [1]
  .text            ro code  0x00000574    0x14  exit.o [6]
  .text            ro code  0x00000588    0x10  c_startup.o [1]
  .text            ro code  0x00000598     0x2  c_startup.o [1]
  .text            ro code  0x0000059a     0x2  c_startup.o [1]
  .text            ro code  0x0000059c     0x2  c_startup.o [1]
  .text            ro code  0x0000059e     0x2  c_startup.o [1]
  .text            ro code  0x000005a0     0x2  c_startup.o [1]
  .text            ro code  0x000005a2     0x2  c_startup.o [1]
  .rodata          const    0x000005a4     0x0  zero_init3.o [5]
                          - 0x000005a4   0x514

"P2", part 1 of 2:                        0x10
  .bss             zero     0x20000000     0x4  main.o [1]
  .bss             zero     0x20000004     0x4  main.o [1]
  .bss             zero     0x20000008     0x4  main.o [1]
  .bss             zero     0x2000000c     0x1  main.o [1]
  .bss             zero     0x2000000d     0x1  main.o [1]
  .bss             zero     0x2000000e     0x1  main.o [1]
                          - 0x2000000f     0xf

"P2", part 2 of 2:                      0x8000
  CSTACK                    0x20000010  0x8000  <Block>
    CSTACK         uninit   0x20000010  0x8000  <Block tail>
                          - 0x20008010  0x8000


*******************************************************************************
*** INIT TABLE
***

          Address     Size
          -------     ----
Zero (__iar_zero_init3)
    1 destination range, total size 0xf:
          0x20000000   0xf



*******************************************************************************
*** MODULE SUMMARY
***

    Module            ro code  ro data  rw data
    ------            -------  -------  -------
C:\Users\fishtail\Desktop\ee474\Lab 2\Task2c\Debug\Obj: [1]
    c_startup.o            34      144
    main.o              1 044                15
    -------------------------------------------
    Total:              1 078      144       15

command line: [2]
    -------------------------------------------
    Total:

dl7M_tln.a: [3]
    exit.o                  4
    low_level_init.o        4
    -------------------------------------------
    Total:                  8

m7M_tls.a: [4]
    fpinit_M.o             34
    -------------------------------------------
    Total:                 34

rt7M_tl.a: [5]
    cexit.o                10
    cmain.o                26
    data_init.o            40
    zero_init3.o           64
    -------------------------------------------
    Total:                140

shb_l.a: [6]
    exit.o                 20
    -------------------------------------------
    Total:                 20

    Gaps                    2        2
    Linker created                  16   32 768
-----------------------------------------------
    Grand Total:        1 282      162   32 783


*******************************************************************************
*** ENTRY LIST
***

Entry                      Address   Size  Type      Object
-----                      -------   ----  ----      ------
.iar.init_table$$Base   0x00000530          --   Gb  - Linker created -
.iar.init_table$$Limit  0x00000540          --   Gb  - Linker created -
?main                   0x00000545         Code  Gb  cmain.o [5]
Button_Interrupt_Handler
                        0x000002c9   0x46  Code  Gb  main.o [1]
CSTACK$$Base            0x20000010          --   Gb  - Linker created -
CSTACK$$Limit           0x20008010          --   Gb  - Linker created -
Green_off               0x0000027d    0xe  Code  Gb  main.o [1]
Green_on                0x0000026f    0xe  Code  Gb  main.o [1]
Red_off                 0x00000245    0xe  Code  Gb  main.o [1]
Red_on                  0x00000237    0xe  Code  Gb  main.o [1]
Region$$Table$$Base     0x00000530          --   Gb  - Linker created -
Region$$Table$$Limit    0x00000540          --   Gb  - Linker created -
TL_State                0x2000000c    0x1  Data  Gb  main.o [1]
Timer0A_Handler         0x0000028b   0x3e  Code  Gb  main.o [1]
Traffic_Light_System    0x0000030f  0x12c  Code  Gb  main.o [1]
Yellow_off              0x00000261    0xe  Code  Gb  main.o [1]
Yellow_on               0x00000253    0xe  Code  Gb  main.o [1]
__cmain                 0x00000545         Code  Gb  cmain.o [5]
__exit                  0x00000575   0x14  Code  Gb  exit.o [6]
__iar_data_init3        0x000004e5   0x28  Code  Gb  data_init.o [5]
__iar_init_vfp          0x0000050d         Code  Gb  fpinit_M.o [4]
__iar_program_start     0x00000589   0x10  Code  Gb  c_startup.o [1]
__iar_systems$$module {Abs}
                        0x00000001         Data  Gb  command line/config [2]
__iar_zero_init3        0x000004a5   0x40  Code  Gb  zero_init3.o [5]
__low_level_init        0x0000055f    0x4  Code  Gb  low_level_init.o [3]
__vector_table          0x00000000   0x90  Data  Gb  c_startup.o [1]
_call_main              0x00000551         Code  Gb  cmain.o [5]
_exit                   0x00000569         Code  Gb  cexit.o [5]
_main                   0x0000055b         Code  Gb  cmain.o [5]
active                  0x2000000e    0x1  Data  Gb  main.o [1]
buttons                 0x00000157   0x74  Code  Gb  main.o [1]
exit                    0x00000563    0x4  Code  Gb  exit.o [3]
fiveCounter             0x20000008    0x4  Data  Gb  main.o [1]
led_init                0x000001cb   0x6c  Code  Gb  main.o [1]
main                    0x00000091   0x34  Code  Gb  main.o [1]
pedCounter              0x20000004    0x4  Data  Gb  main.o [1]
sysCounter              0x20000000    0x4  Data  Gb  main.o [1]
sysOrPed                0x2000000d    0x1  Data  Gb  main.o [1]
timer_initc             0x000000c5   0x92  Code  Gb  main.o [1]


[1] = C:\Users\fishtail\Desktop\ee474\Lab 2\Task2c\Debug\Obj
[2] = command line
[3] = dl7M_tln.a
[4] = m7M_tls.a
[5] = rt7M_tl.a
[6] = shb_l.a

   1 282 bytes of readonly  code memory
     162 bytes of readonly  data memory
  32 783 bytes of readwrite data memory

Errors: none
Warnings: none
